
=== lane free1 start 2026-08-08 17:11:26 ===
{
  "ok": 18,
  "lane": "free1",
  "run_id": "20260808_170617_minimal-dl-sync-2026-08__free1",
  "jobs": 18,
  "failed": [],
  "results": [
    {
      "ok": true,
      "kind": "download",
      "course_id": 43667,
      "course_ids": [
        43667
      ],
      "courses": [
        {
          "course_id": 43667,
          "folder": "C:\\Users\\birkl\\Desktop\\Canvas Downloader WORKSPACE\\_audit_runs\\20260808_170617_minimal-dl-sync-2026-08__free1\\downloads\\BINT 1st semester (LA E25 BINTS1SEMU)",
          "findings": 0,
          "harvest": {
            "kept": [
              ".canvas_sync.db"
            ],
            "removed": true,
            "evidence": "C:\\Users\\birkl\\Desktop\\Canvas Downloader WORKSPACE\\_audit_runs\\20260808_170617_minimal-dl-sync-2026-08__free1\\evidence\\rows\\m000"
          }
        }
      ],
      "findings": 0,
      "drift": [],
      "severities": {},
      "id": "m000",
      "seconds": 81.5
    },
    {
      "ok": true,
      "kind": "download",
      "course_id": 43667,
      "course_ids": [
        43667
      ],
      "courses": [
        {
          "course_id": 43667,
          "folder": "C:\\Users\\birkl\\Desktop\\Canvas Downloader WORKSPACE\\_audit_runs\\20260808_170617_minimal-dl-sync-2026-08__free1\\downloads\\BINT 1st semester (LA E25 BINTS1SEMU)",
          "findings": 1,
          "harvest": {
            "kept": [
              ".canvas_sync.db"
            ],
            "removed": true,
            "evidence": "C:\\Users\\birkl\\Desktop\\Canvas Downloader WORKSPACE\\_audit_runs\\20260808_170617_minimal-dl-sync-2026-08__free1\\evidence\\rows\\m005"
          }
        }
      ],
      "findings": 1,
      "drift": [],
      "severities": {
        "medium": 1
      },
      "id": "m005",
      "seconds": 72.8
    },
    {
      "ok": true,
      "kind": "download",
      "course_id": 43667,
      "course_ids": [
        43667
      ],
      "courses": [
        {
          "course_id": 43667,
          "folder": "C:\\Users\\birkl\\Desktop\\Canvas Downloader WORKSPACE\\_audit_runs\\20260808_170617_minimal-dl-sync-2026-08__free1\\downloads\\BINT 1st semester (LA E25 BINTS1SEMU)",
          "findings": 0,
          "harvest": {
            "kept": [
              ".canvas_sync.db"
            ],
            "removed": true,
            "evidence": "C:\\Users\\birkl\\Desktop\\Canvas Downloader WORKSPACE\\_audit_runs\\20260808_170617_minimal-dl-sync-2026-08__free1\\evidence\\rows\\m007"
          }
        }
      ],
      "findings": 0,
      "drift": [],
      "severities": {},
      "id": "m007",
      "seconds": 55.6
    },
    {
      "ok": true,
      "kind": "download",
      "course_id": 43665,
      "course_ids": [
        43665
      ],
      "courses": [
        {
          "course_id": 43665,
          "folder": "C:\\Users\\birkl\\Desktop\\Canvas Downloader WORKSPACE\\_audit_runs\\20260808_170617_minimal-dl-sync-2026-08__free1\\downloads\\Virksomhedens økonomiske styring (1) Virksomhedens grundlæggende beslutningssituationer (LA E25 BINTO2063U)",
          "findings": 3,
          "harvest": {
            "kept": [
              ".canvas_sync.db"
            ],
            "removed": true,
            "evidence": "C:\\Users\\birkl\\Desktop\\Canvas Downloader WORKSPACE\\_audit_runs\\20260808_170617_minimal-dl-sync-2026-08__free1\\evidence\\rows\\m009"
          }
        }
      ],
      "findings": 3,
      "drift": [],
      "severities": {
        "info": 3
      },
      "id": "m009",
      "seconds": 179.9
    },
    {
      "ok": true,
      "kind": "download",
      "course_id": 45899,
      "course_ids": [
        45899
      ],
      "courses": [
        {
          "course_id": 45899,
          "folder": "C:\\Users\\birkl\\Desktop\\Canvas Downloader WORKSPACE\\_audit_runs\\20260808_170617_minimal-dl-sync-2026-08__free1\\downloads\\Programmering og udvikling af små systemer samt databaser (LA E25 BINTO1064U)",
          "findings": 5,
          "harvest": {
            "kept": [
              ".canvas_sync.db"
            ],
            "removed": true,
            "evidence": "C:\\Users\\birkl\\Desktop\\Canvas Downloader WORKSPACE\\_audit_runs\\20260808_170617_minimal-dl-sync-2026-08__free1\\evidence\\rows\\m011"
          }
        }
      ],
      "findings": 5,
      "drift": [],
      "severities": {
        "info": 5
      },
      "id": "m011",
      "seconds": 981.8
    },
    {
      "ok": true,
      "kind": "download",
      "course_id": 45899,
      "course_ids": [
        45899
      ],
      "courses": [
        {
          "course_id": 45899,
          "folder": "C:\\Users\\birkl\\Desktop\\Canvas Downloader WORKSPACE\\_audit_runs\\20260808_170617_minimal-dl-sync-2026-08__free1\\downloads\\Programmering og udvikling af små systemer samt databaser (LA E25 BINTO1064U)",
          "findings": 3,
          "harvest": {
            "kept": [
              ".canvas_sync.db"
            ],
            "removed": true,
            "evidence": "C:\\Users\\birkl\\Desktop\\Canvas Downloader WORKSPACE\\_audit_runs\\20260808_170617_minimal-dl-sync-2026-08__free1\\evidence\\rows\\m016"
          }
        }
      ],
      "findings": 3,
      "drift": [],
      "severities": {
        "info": 3
      },
      "id": "m016",
      "seconds": 544.9
    },
    {
      "ok": true,
      "kind": "download",
      "course_id": 43667,
      "course_ids": [
        43667
      ],
      "courses": [
        {
          "course_id": 43667,
          "folder": "C:\\Users\\birkl\\Desktop\\Canvas Downloader WORKSPACE\\_audit_runs\\20260808_170617_minimal-dl-sync-2026-08__free1\\downloads\\BINT 1st semester (LA E25 BINTS1SEMU)",
          "findings": 0,
          "harvest": {
            "kept": [
              ".canvas_sync.db"
            ],
            "removed": true,
            "evidence": "C:\\Users\\birkl\\Desktop\\Canvas Downloader WORKSPACE\\_audit_runs\\20260808_170617_minimal-dl-sync-2026-08__free1\\evidence\\rows\\m018"
          }
        }
      ],
      "findings": 0,
      "drift": [],
      "severities": {},
      "id": "m018",
      "seconds": 1051.0
    },
    {
      "ok": true,
      "kind": "download",
      "course_id": 43667,
      "course_ids": [
        43667
      ],
      "courses": [
        {
          "course_id": 43667,
          "folder": "C:\\Users\\birkl\\Desktop\\Canvas Downloader WORKSPACE\\_audit_runs\\20260808_170617_minimal-dl-sync-2026-08__free1\\downloads\\BINT 1st semester (LA E25 BINTS1SEMU)",
          "findings": 0,
          "harvest": {
            "kept": [
              ".canvas_sync.db"
            ],
            "removed": true,
            "evidence": "C:\\Users\\birkl\\Desktop\\Canvas Downloader WORKSPACE\\_audit_runs\\20260808_170617_minimal-dl-sync-2026-08__free1\\evidence\\rows\\m020"
          }
        }
      ],
      "findings": 0,
      "drift": [],
      "severities": {},
      "id": "m020",
      "seconds": 152.5
    },
    {
      "ok": true,
      "kind": "download",
      "course_id": 45899,
      "course_ids": [
        45899
      ],
      "courses": [
        {
          "course_id": 45899,
          "folder": "C:\\Users\\birkl\\Desktop\\Canvas Downloader WORKSPACE\\_audit_runs\\20260808_170617_minimal-dl-sync-2026-08__free1\\downloads\\Programmering og udvikling af små systemer samt databaser (LA E25 BINTO1064U)",
          "findings": 3,
          "harvest": {
            "kept": [
              ".canvas_sync.db"
            ],
            "removed": true,
            "evidence": "C:\\Users\\birkl\\Desktop\\Canvas Downloader WORKSPACE\\_audit_runs\\20260808_170617_minimal-dl-sync-2026-08__free1\\evidence\\rows\\m022"
          }
        }
      ],
      "findings": 3,
      "drift": [],
      "severities": {
        "info": 3
      },
      "id": "m022",
      "seconds": 572.2
    },
    {
      "ok": true,
      "kind": "download",
      "course_id": 45899,
      "course_ids": [
        45899
      ],
      "courses": [
        {
          "course_id": 45899,
          "folder": "C:\\Users\\birkl\\Desktop\\Canvas Downloader WORKSPACE\\_audit_runs\\20260808_170617_minimal-dl-sync-2026-08__free1\\downloads\\Programmering og udvikling af små systemer samt databaser (LA E25 BINTO1064U)",
          "findings": 3,
          "harvest": {
            "kept": [
              ".canvas_sync.db"
            ],
            "removed": true,
            "evidence": "C:\\Users\\birkl\\Desktop\\Canvas Downloader WORKSPACE\\_audit_runs\\20260808_170617_minimal-dl-sync-2026-08__free1\\evidence\\rows\\m024"
          }
        }
      ],
      "findings": 3,
      "drift": [],
      "severities": {
        "info": 3
      },
      "id": "m024",
      "seconds": 531.5
    },
    {
      "ok": true,
      "kind": "download",
      "course_id": 45899,
      "course_ids": [
        45899
      ],
      "courses": [
        {
          "course_id": 45899,
          "folder": "C:\\Users\\birkl\\Desktop\\Canvas Downloader WORKSPACE\\_audit_runs\\20260808_170617_minimal-dl-sync-2026-08__free1\\downloads\\Programmering og udvikling af små systemer samt databaser (LA E25 BINTO1064U)",
          "findings": 3,
          "harvest": {
            "kept": [
              ".canvas_sync.db"
            ],
            "removed": true,
            "evidence": "C:\\Users\\birkl\\Desktop\\Canvas Downloader WORKSPACE\\_audit_runs\\20260808_170617_minimal-dl-sync-2026-08__free1\\evidence\\rows\\m034"
          }
        }
      ],
      "findings": 3,
      "drift": [],
      "severities": {
        "info": 3
      },
      "id": "m034",
      "seconds": 607.4
    },
    {
      "ok": true,
      "kind": "download",
      "course_id": 45899,
      "course_ids": [
        45899
      ],
      "courses": [
        {
          "course_id": 45899,
          "folder": "C:\\Users\\birkl\\Desktop\\Canvas Downloader WORKSPACE\\_audit_runs\\20260808_170617_minimal-dl-sync-2026-08__free1\\downloads\\Programmering og udvikling af små systemer samt databaser (LA E25 BINTO1064U)",
          "findings": 3,
          "harvest": {
            "kept": [
              ".canvas_sync.db"
            ],
            "removed": true,
            "evidence": "C:\\Users\\birkl\\Desktop\\Canvas Downloader WORKSPACE\\_audit_runs\\20260808_170617_minimal-dl-sync-2026-08__free1\\evidence\\rows\\m036"
          }
        }
      ],
      "findings": 3,
      "drift": [],
      "severities": {
        "info": 3
      },
      "id": "m036",
      "seconds": 274.0
    },
    {
      "ok": true,
      "kind": "download",
      "course_id": 45899,
      "course_ids": [
        45899
      ],
      "courses": [
        {
          "course_id": 45899,
          "folder": "C:\\Users\\birkl\\Desktop\\Canvas Downloader WORKSPACE\\_audit_runs\\20260808_170617_minimal-dl-sync-2026-08__free1\\downloads\\Programmering og udvikling af små systemer samt databaser (LA E25 BINTO1064U)",
          "findings": 3,
          "harvest": {
            "kept": [
              ".canvas_sync.db"
            ],
            "removed": true,
            "evidence": "C:\\Users\\birkl\\Desktop\\Canvas Downloader WORKSPACE\\_audit_runs\\20260808_170617_minimal-dl-sync-2026-08__free1\\evidence\\rows\\m038"
          }
        }
      ],
      "findings": 3,
      "drift": [],
      "severities": {
        "info": 3
      },
      "id": "m038",
      "seconds": 281.0
    },
    {
      "ok": true,
      "kind": "download",
      "course_id": 45899,
      "course_ids": [
        45899
      ],
      "courses": [
        {
          "course_id": 45899,
          "folder": "C:\\Users\\birkl\\Desktop\\Canvas Downloader WORKSPACE\\_audit_runs\\20260808_170617_minimal-dl-sync-2026-08__free1\\downloads\\Programmering og udvikling af små systemer samt databaser (LA E25 BINTO1064U)",
          "findings": 3,
          "harvest": {
            "kept": [
              ".canvas_sync.db"
            ],
            "removed": true,
            "evidence": "C:\\Users\\birkl\\Desktop\\Canvas Downloader WORKSPACE\\_audit_runs\\20260808_170617_minimal-dl-sync-2026-08__free1\\evidence\\rows\\m043"
          }
        }
      ],
      "findings": 3,
      "drift": [],
      "severities": {
        "info": 2,
        "medium": 1
      },
      "id": "m043",
      "seconds": 170.1
    },
    {
      "ok": true,
      "kind": "download",
      "course_id": 43667,
      "course_ids": [
        43667
      ],
      "courses": [
        {
          "course_id": 43667,
          "folder": "C:\\Users\\birkl\\Desktop\\Canvas Downloader WORKSPACE\\_audit_runs\\20260808_170617_minimal-dl-sync-2026-08__free1\\downloads\\BINT 1st semester (LA E25 BINTS1SEMU)",
          "findings": 0,
          "harvest": {
            "kept": [
              ".canvas_sync.db"
            ],
            "removed": true,
            "evidence": "C:\\Users\\birkl\\Desktop\\Canvas Downloader WORKSPACE\\_audit_runs\\20260808_170617_minimal-dl-sync-2026-08__free1\\evidence\\rows\\m046"
          }
        }
      ],
      "findings": 0,
      "drift": [],
      "severities": {},
      "id": "m046",
      "seconds": 52.3
    },
    {
      "ok": true,
      "kind": "download",
      "course_id": 45899,
      "course_ids": [
        45899
      ],
      "courses": [
        {
          "course_id": 45899,
          "folder": "C:\\Users\\birkl\\Desktop\\Canvas Downloader WORKSPACE\\_audit_runs\\20260808_170617_minimal-dl-sync-2026-08__free1\\downloads\\Programmering og udvikling af små systemer samt databaser (LA E25 BINTO1064U)",
          "findings": 7,
          "harvest": {
            "kept": [
              ".canvas_sync.db"
            ],
            "removed": true,
            "evidence": "C:\\Users\\birkl\\Desktop\\Canvas Downloader WORKSPACE\\_audit_runs\\20260808_170617_minimal-dl-sync-2026-08__free1\\evidence\\rows\\m051"
          }
        }
      ],
      "findings": 7,
      "drift": [],
      "severities": {
        "info": 5,
        "medium": 2
      },
      "id": "m051",
      "seconds": 1182.2
    },
    {
      "ok": true,
      "kind": "download",
      "course_id": 43667,
      "course_ids": [
        43667
      ],
      "courses": [
        {
          "course_id": 43667,
          "folder": "C:\\Users\\birkl\\Desktop\\Canvas Downloader WORKSPACE\\_audit_runs\\20260808_170617_minimal-dl-sync-2026-08__free1\\downloads\\BINT 1st semester (LA E25 BINTS1SEMU)",
          "findings": 1,
          "harvest": {
            "kept": [
              ".canvas_sync.db"
            ],
            "removed": true,
            "evidence": "C:\\Users\\birkl\\Desktop\\Canvas Downloader WORKSPACE\\_audit_runs\\20260808_170617_minimal-dl-sync-2026-08__free1\\evidence\\rows\\m053"
          }
        }
      ],
      "findings": 1,
      "drift": [],
      "severities": {
        "medium": 1
      },
      "id": "m053",
      "seconds": 65.0
    },
    {
      "ok": true,
      "kind": "download",
      "course_id": 45899,
      "course_ids": [
        45899
      ],
      "courses": [
        {
          "course_id": 45899,
          "folder": "C:\\Users\\birkl\\Desktop\\Canvas Downloader WORKSPACE\\_audit_runs\\20260808_170617_minimal-dl-sync-2026-08__free1\\downloads\\Programmering og udvikling af små systemer samt databaser (LA E25 BINTO1064U)",
          "findings": 6,
          "harvest": {
            "kept": [
              ".canvas_sync.db"
            ],
            "removed": true,
            "evidence": "C:\\Users\\birkl\\Desktop\\Canvas Downloader WORKSPACE\\_audit_runs\\20260808_170617_minimal-dl-sync-2026-08__free1\\evidence\\rows\\m055"
          }
        }
      ],
      "findings": 6,
      "drift": [],
      "severities": {
        "info": 5,
        "medium": 1
      },
      "id": "m055",
      "seconds": 1498.4
    }
  ]
}
