
=== lane free2 start 2026-07-29 00:40:26 ===
{
  "ok": 14,
  "lane": "free2",
  "run_id": "20260729_004017_syncregress2__free2",
  "jobs": 14,
  "failed": [],
  "results": [
    {
      "ok": true,
      "unpaired": {
        "pairs": 0,
        "removed": 1
      },
      "kind": "sync",
      "course_id": 45899,
      "folder": "G:\\18 AI\\ANTIGRAVITY WORKSPACES\\Canvas Downloader\\_audit_runs\\20260729_004017_syncregress2__free2\\downloads\\Programmering og udvikling af små systemer samt databaser (LA E25 BINTO1064U)",
      "landed_on": "review",
      "harvest": {
        "kept": [
          ".canvas_sync.db",
          "debug_log.txt"
        ],
        "removed": true,
        "evidence": "G:\\18 AI\\ANTIGRAVITY WORKSPACES\\Canvas Downloader\\_audit_runs\\20260729_004017_syncregress2__free2\\evidence\\rows\\s001"
      },
      "findings": 3,
      "severities": {
        "info": 3
      },
      "id": "s001",
      "seconds": 738.2
    },
    {
      "ok": true,
      "unpaired": {
        "pairs": 0,
        "removed": 1
      },
      "kind": "sync",
      "course_id": 43657,
      "folder": "G:\\18 AI\\ANTIGRAVITY WORKSPACES\\Canvas Downloader\\_audit_runs\\20260729_004017_syncregress2__free2\\downloads\\Introduction to Information Systems (LA E25 BINTO1078U)",
      "landed_on": "review",
      "harvest": {
        "kept": [
          ".canvas_sync.db",
          "debug_log.txt"
        ],
        "removed": true,
        "evidence": "G:\\18 AI\\ANTIGRAVITY WORKSPACES\\Canvas Downloader\\_audit_runs\\20260729_004017_syncregress2__free2\\evidence\\rows\\s004"
      },
      "findings": 1,
      "severities": {
        "info": 1
      },
      "id": "s004",
      "seconds": 67.1
    },
    {
      "ok": true,
      "unpaired": {
        "pairs": 0,
        "removed": 1
      },
      "kind": "sync",
      "course_id": 43657,
      "folder": "G:\\18 AI\\ANTIGRAVITY WORKSPACES\\Canvas Downloader\\_audit_runs\\20260729_004017_syncregress2__free2\\downloads\\Introduction to Information Systems (LA E25 BINTO1078U)",
      "landed_on": "complete",
      "harvest": {
        "kept": [
          ".canvas_sync.db",
          "debug_log.txt"
        ],
        "removed": true,
        "evidence": "G:\\18 AI\\ANTIGRAVITY WORKSPACES\\Canvas Downloader\\_audit_runs\\20260729_004017_syncregress2__free2\\evidence\\rows\\s007"
      },
      "findings": 1,
      "severities": {
        "info": 1
      },
      "id": "s007",
      "seconds": 29.4
    },
    {
      "ok": true,
      "unpaired": {
        "pairs": 0,
        "removed": 1
      },
      "kind": "sync",
      "course_id": 43657,
      "folder": "G:\\18 AI\\ANTIGRAVITY WORKSPACES\\Canvas Downloader\\_audit_runs\\20260729_004017_syncregress2__free2\\downloads\\Introduction to Information Systems (LA E25 BINTO1078U)",
      "landed_on": "complete",
      "harvest": {
        "kept": [
          ".canvas_sync.db",
          "debug_log.txt"
        ],
        "removed": true,
        "evidence": "G:\\18 AI\\ANTIGRAVITY WORKSPACES\\Canvas Downloader\\_audit_runs\\20260729_004017_syncregress2__free2\\evidence\\rows\\s010"
      },
      "findings": 1,
      "severities": {
        "info": 1
      },
      "id": "s010",
      "seconds": 20.6
    },
    {
      "ok": true,
      "unpaired": {
        "pairs": 0,
        "removed": 1
      },
      "kind": "sync",
      "course_id": 43657,
      "folder": "G:\\18 AI\\ANTIGRAVITY WORKSPACES\\Canvas Downloader\\_audit_runs\\20260729_004017_syncregress2__free2\\downloads\\Introduction to Information Systems (LA E25 BINTO1078U)",
      "landed_on": "review",
      "harvest": {
        "kept": [
          ".canvas_sync.db",
          "debug_log.txt"
        ],
        "removed": true,
        "evidence": "G:\\18 AI\\ANTIGRAVITY WORKSPACES\\Canvas Downloader\\_audit_runs\\20260729_004017_syncregress2__free2\\evidence\\rows\\s013"
      },
      "findings": 2,
      "severities": {
        "info": 2
      },
      "id": "s013",
      "seconds": 43.3
    },
    {
      "ok": true,
      "unpaired": {
        "pairs": 0,
        "removed": 1
      },
      "kind": "sync",
      "course_id": 43667,
      "folder": "G:\\18 AI\\ANTIGRAVITY WORKSPACES\\Canvas Downloader\\_audit_runs\\20260729_004017_syncregress2__free2\\downloads\\BINT 1st semester (LA E25 BINTS1SEMU)",
      "landed_on": "complete",
      "harvest": {
        "kept": [
          ".canvas_sync.db",
          "debug_log.txt"
        ],
        "removed": true,
        "evidence": "G:\\18 AI\\ANTIGRAVITY WORKSPACES\\Canvas Downloader\\_audit_runs\\20260729_004017_syncregress2__free2\\evidence\\rows\\s016"
      },
      "findings": 0,
      "severities": {},
      "id": "s016",
      "seconds": 11.6
    },
    {
      "ok": true,
      "unpaired": {
        "pairs": 0,
        "removed": 1
      },
      "kind": "sync",
      "course_id": 43657,
      "folder": "G:\\18 AI\\ANTIGRAVITY WORKSPACES\\Canvas Downloader\\_audit_runs\\20260729_004017_syncregress2__free2\\downloads\\Introduction to Information Systems (LA E25 BINTO1078U)",
      "landed_on": "review",
      "harvest": {
        "kept": [
          ".canvas_sync.db",
          "debug_log.txt"
        ],
        "removed": true,
        "evidence": "G:\\18 AI\\ANTIGRAVITY WORKSPACES\\Canvas Downloader\\_audit_runs\\20260729_004017_syncregress2__free2\\evidence\\rows\\s019"
      },
      "findings": 3,
      "severities": {
        "high": 2,
        "info": 1
      },
      "id": "s019",
      "seconds": 22.9
    },
    {
      "ok": true,
      "unpaired": {
        "pairs": 0,
        "removed": 1
      },
      "kind": "sync",
      "course_id": 45899,
      "folder": "G:\\18 AI\\ANTIGRAVITY WORKSPACES\\Canvas Downloader\\_audit_runs\\20260729_004017_syncregress2__free2\\downloads\\Programmering og udvikling af små systemer samt databaser (LA E25 BINTO1064U)",
      "landed_on": "review",
      "harvest": {
        "kept": [
          ".canvas_sync.db",
          "debug_log.txt"
        ],
        "removed": true,
        "evidence": "G:\\18 AI\\ANTIGRAVITY WORKSPACES\\Canvas Downloader\\_audit_runs\\20260729_004017_syncregress2__free2\\evidence\\rows\\s022"
      },
      "findings": 3,
      "severities": {
        "info": 3
      },
      "id": "s022",
      "seconds": 433.3
    },
    {
      "ok": true,
      "unpaired": {
        "pairs": 0,
        "removed": 1
      },
      "kind": "sync",
      "course_id": 43657,
      "folder": "G:\\18 AI\\ANTIGRAVITY WORKSPACES\\Canvas Downloader\\_audit_runs\\20260729_004017_syncregress2__free2\\downloads\\Introduction to Information Systems (LA E25 BINTO1078U)",
      "landed_on": "complete",
      "harvest": {
        "kept": [
          ".canvas_sync.db",
          "debug_log.txt"
        ],
        "removed": true,
        "evidence": "G:\\18 AI\\ANTIGRAVITY WORKSPACES\\Canvas Downloader\\_audit_runs\\20260729_004017_syncregress2__free2\\evidence\\rows\\s025"
      },
      "findings": 1,
      "severities": {
        "info": 1
      },
      "id": "s025",
      "seconds": 18.8
    },
    {
      "ok": true,
      "unpaired": {
        "pairs": 0,
        "removed": 1
      },
      "kind": "sync",
      "course_id": 43667,
      "folder": "G:\\18 AI\\ANTIGRAVITY WORKSPACES\\Canvas Downloader\\_audit_runs\\20260729_004017_syncregress2__free2\\downloads\\BINT 1st semester (LA E25 BINTS1SEMU)",
      "landed_on": "complete",
      "harvest": {
        "kept": [
          ".canvas_sync.db",
          "debug_log.txt"
        ],
        "removed": true,
        "evidence": "G:\\18 AI\\ANTIGRAVITY WORKSPACES\\Canvas Downloader\\_audit_runs\\20260729_004017_syncregress2__free2\\evidence\\rows\\s028"
      },
      "findings": 0,
      "severities": {},
      "id": "s028",
      "seconds": 9.1
    },
    {
      "ok": true,
      "unpaired": {
        "pairs": 0,
        "removed": 1
      },
      "kind": "sync",
      "course_id": 43657,
      "folder": "G:\\18 AI\\ANTIGRAVITY WORKSPACES\\Canvas Downloader\\_audit_runs\\20260729_004017_syncregress2__free2\\downloads\\Introduction to Information Systems (LA E25 BINTO1078U)",
      "landed_on": "review",
      "harvest": {
        "kept": [
          ".canvas_sync.db",
          "debug_log.txt"
        ],
        "removed": true,
        "evidence": "G:\\18 AI\\ANTIGRAVITY WORKSPACES\\Canvas Downloader\\_audit_runs\\20260729_004017_syncregress2__free2\\evidence\\rows\\s031"
      },
      "findings": 1,
      "severities": {
        "info": 1
      },
      "id": "s031",
      "seconds": 17.2
    },
    {
      "ok": true,
      "unpaired": {
        "pairs": 0,
        "removed": 1
      },
      "kind": "sync",
      "course_id": 43657,
      "folder": "G:\\18 AI\\ANTIGRAVITY WORKSPACES\\Canvas Downloader\\_audit_runs\\20260729_004017_syncregress2__free2\\downloads\\Introduction to Information Systems (LA E25 BINTO1078U)",
      "landed_on": "review",
      "harvest": {
        "kept": [
          ".canvas_sync.db",
          "debug_log.txt"
        ],
        "removed": true,
        "evidence": "G:\\18 AI\\ANTIGRAVITY WORKSPACES\\Canvas Downloader\\_audit_runs\\20260729_004017_syncregress2__free2\\evidence\\rows\\s034"
      },
      "findings": 1,
      "severities": {
        "info": 1
      },
      "id": "s034",
      "seconds": 12.7
    },
    {
      "ok": true,
      "unpaired": {
        "pairs": 0,
        "removed": 1
      },
      "kind": "sync",
      "course_id": 43657,
      "folder": "G:\\18 AI\\ANTIGRAVITY WORKSPACES\\Canvas Downloader\\_audit_runs\\20260729_004017_syncregress2__free2\\downloads\\Introduction to Information Systems (LA E25 BINTO1078U)",
      "landed_on": "complete",
      "harvest": {
        "kept": [
          ".canvas_sync.db",
          "debug_log.txt"
        ],
        "removed": true,
        "evidence": "G:\\18 AI\\ANTIGRAVITY WORKSPACES\\Canvas Downloader\\_audit_runs\\20260729_004017_syncregress2__free2\\evidence\\rows\\s037"
      },
      "findings": 1,
      "severities": {
        "info": 1
      },
      "id": "s037",
      "seconds": 14.6
    },
    {
      "ok": true,
      "unpaired": {
        "pairs": 0,
        "removed": 1
      },
      "kind": "sync",
      "course_id": 43657,
      "folder": "G:\\18 AI\\ANTIGRAVITY WORKSPACES\\Canvas Downloader\\_audit_runs\\20260729_004017_syncregress2__free2\\downloads\\Introduction to Information Systems (LA E25 BINTO1078U)",
      "landed_on": "complete",
      "harvest": {
        "kept": [
          ".canvas_sync.db",
          "debug_log.txt"
        ],
        "removed": true,
        "evidence": "G:\\18 AI\\ANTIGRAVITY WORKSPACES\\Canvas Downloader\\_audit_runs\\20260729_004017_syncregress2__free2\\evidence\\rows\\s040"
      },
      "findings": 1,
      "severities": {
        "info": 1
      },
      "id": "s040",
      "seconds": 17.4
    }
  ]
}
