
=== audit app start 2026-07-28 21:10:31 port=8850 ===

  You can now view your Streamlit app in your browser.

  Local URL: http://localhost:8850
  Network URL: http://192.168.1.50:8850
  External URL: http://188.183.232.43:8850

Sync groups file has invalid root type: <class 'list'>
Sync groups file has invalid root type: <class 'list'>

=== audit app start 2026-07-28 21:17:19 port=8850 ===

  You can now view your Streamlit app in your browser.

  Local URL: http://localhost:8850
  Network URL: http://192.168.1.50:8850
  External URL: http://188.183.232.43:8850


=== audit app start 2026-07-28 21:22:12 port=8850 ===

  You can now view your Streamlit app in your browser.

  Local URL: http://localhost:8850
  Network URL: http://192.168.1.50:8850
  External URL: http://188.183.232.43:8850

Sync groups file has invalid root type: <class 'list'>
Sync groups file has invalid root type: <class 'list'>

=== audit app start 2026-07-28 21:33:37 port=8850 ===

  You can now view your Streamlit app in your browser.

  Local URL: http://localhost:8850
  Network URL: http://192.168.1.50:8850
  External URL: http://188.183.232.43:8850

Sync groups file has invalid root type: <class 'list'>
Sync groups file has invalid root type: <class 'list'>
