
=== lane free1 start 2026-08-21 14:20:50 ===
Task was destroyed but it is pending!
task: <Task cancelling name='Task-3' coro=<Connection.run.<locals>.init() running at /Users/m1/Canvas_Downloader/.venv/lib/python3.11/site-packages/playwright/_impl/_connection.py:344> wait_for=<Future finished result=None>>
Future exception was never retrieved
future: <Future finished exception=TargetClosedError('Target page, context or browser has been closed')>
playwright._impl._errors.TargetClosedError: Target page, context or browser has been closed
node:events:487
      throw er; // Unhandled 'error' event
      ^

Error: write EPIPE
    at WriteWrap.onWriteComplete [as oncomplete] (node:internal/stream_base_commons:87:19)
Emitted 'error' event on Socket instance at:
    at emitErrorNT (node:internal/streams/destroy:170:8)
    at emitErrorCloseNT (node:internal/streams/destroy:129:3)
    at process.processTicksAndRejections (node:internal/process/task_queues:90:21) {
  errno: -32,
  code: 'EPIPE',
  syscall: 'write'
}

Node.js v24.18.1
