
=== lane free3 start 2026-08-21 11:33:56 ===
Task was destroyed but it is pending!
task: <Task cancelling name='Task-3' coro=<Connection.run.<locals>.init() running at /Users/m1/Canvas_Downloader/.venv/lib/python3.11/site-packages/playwright/_impl/_connection.py:344> wait_for=<Future finished result=None>>
Future exception was never retrieved
future: <Future finished exception=TargetClosedError('Target page, context or browser has been closed')>
playwright._impl._errors.TargetClosedError: Target page, context or browser has been closed
{
  "ok": 14,
  "lane": "free3",
  "run_id": "20260821_113342_sync-matrix__free3",
  "jobs": 14,
  "failed": [],
  "results": [
    {
      "ok": true,
      "unpaired": {
        "pairs": 0,
        "removed": 1
      },
      "kind": "sync",
      "course_id": 43660,
      "folder": "/Users/m1/Canvas_Downloader/_audit_runs/20260821_113342_sync-matrix__free3/downloads/Indføring i organisationers opbygning og funktion (LA E25 BINTO1060U)",
      "landed_on": "review",
      "harvest": {
        "kept": [
          ".canvas_sync.db",
          "debug_log.txt"
        ],
        "removed": true,
        "evidence": "/Users/m1/Canvas_Downloader/_audit_runs/20260821_113342_sync-matrix__free3/evidence/rows/s002"
      },
      "findings": 3,
      "severities": {
        "high": 1,
        "info": 2
      },
      "id": "s002",
      "seconds": 56.1
    },
    {
      "ok": true,
      "unpaired": {
        "pairs": 0,
        "removed": 1
      },
      "kind": "sync",
      "course_id": 43660,
      "folder": "/Users/m1/Canvas_Downloader/_audit_runs/20260821_113342_sync-matrix__free3/downloads/Indføring i organisationers opbygning og funktion (LA E25 BINTO1060U)",
      "landed_on": "review",
      "harvest": {
        "kept": [
          ".canvas_sync.db",
          "debug_log.txt"
        ],
        "removed": true,
        "evidence": "/Users/m1/Canvas_Downloader/_audit_runs/20260821_113342_sync-matrix__free3/evidence/rows/s005"
      },
      "findings": 2,
      "severities": {
        "info": 2
      },
      "id": "s005",
      "seconds": 46.0
    },
    {
      "ok": true,
      "unpaired": {
        "pairs": 0,
        "removed": 1
      },
      "kind": "sync",
      "course_id": 43660,
      "folder": "/Users/m1/Canvas_Downloader/_audit_runs/20260821_113342_sync-matrix__free3/downloads/Indføring i organisationers opbygning og funktion (LA E25 BINTO1060U)",
      "landed_on": "complete",
      "harvest": {
        "kept": [
          ".canvas_sync.db",
          "debug_log.txt"
        ],
        "removed": true,
        "evidence": "/Users/m1/Canvas_Downloader/_audit_runs/20260821_113342_sync-matrix__free3/evidence/rows/s008"
      },
      "findings": 2,
      "severities": {
        "info": 2
      },
      "id": "s008",
      "seconds": 35.0
    },
    {
      "ok": true,
      "unpaired": {
        "pairs": 0,
        "removed": 1
      },
      "kind": "sync",
      "course_id": 43660,
      "folder": "/Users/m1/Canvas_Downloader/_audit_runs/20260821_113342_sync-matrix__free3/downloads/Indføring i organisationers opbygning og funktion (LA E25 BINTO1060U)",
      "landed_on": "complete",
      "harvest": {
        "kept": [
          ".canvas_sync.db",
          "debug_log.txt"
        ],
        "removed": true,
        "evidence": "/Users/m1/Canvas_Downloader/_audit_runs/20260821_113342_sync-matrix__free3/evidence/rows/s011"
      },
      "findings": 2,
      "severities": {
        "info": 2
      },
      "id": "s011",
      "seconds": 32.0
    },
    {
      "ok": true,
      "unpaired": {
        "pairs": 0,
        "removed": 1
      },
      "kind": "sync",
      "course_id": 43660,
      "folder": "/Users/m1/Canvas_Downloader/_audit_runs/20260821_113342_sync-matrix__free3/downloads/Indføring i organisationers opbygning og funktion (LA E25 BINTO1060U)",
      "landed_on": "complete",
      "harvest": {
        "kept": [
          ".canvas_sync.db",
          "debug_log.txt"
        ],
        "removed": true,
        "evidence": "/Users/m1/Canvas_Downloader/_audit_runs/20260821_113342_sync-matrix__free3/evidence/rows/s014"
      },
      "findings": 2,
      "severities": {
        "info": 2
      },
      "id": "s014",
      "seconds": 31.9
    },
    {
      "ok": true,
      "unpaired": {
        "pairs": 0,
        "removed": 1
      },
      "kind": "sync",
      "course_id": 43660,
      "folder": "/Users/m1/Canvas_Downloader/_audit_runs/20260821_113342_sync-matrix__free3/downloads/Indføring i organisationers opbygning og funktion (LA E25 BINTO1060U)",
      "landed_on": "review",
      "harvest": {
        "kept": [
          ".canvas_sync.db",
          "debug_log.txt"
        ],
        "removed": true,
        "evidence": "/Users/m1/Canvas_Downloader/_audit_runs/20260821_113342_sync-matrix__free3/evidence/rows/s017"
      },
      "findings": 6,
      "severities": {
        "high": 1,
        "info": 5
      },
      "id": "s017",
      "seconds": 38.4
    },
    {
      "ok": true,
      "unpaired": {
        "pairs": 0,
        "removed": 1
      },
      "kind": "sync",
      "course_id": 43660,
      "folder": "/Users/m1/Canvas_Downloader/_audit_runs/20260821_113342_sync-matrix__free3/downloads/Indføring i organisationers opbygning og funktion (LA E25 BINTO1060U)",
      "landed_on": "complete",
      "harvest": {
        "kept": [
          ".canvas_sync.db",
          "debug_log.txt"
        ],
        "removed": true,
        "evidence": "/Users/m1/Canvas_Downloader/_audit_runs/20260821_113342_sync-matrix__free3/evidence/rows/s020"
      },
      "findings": 4,
      "severities": {
        "info": 4
      },
      "id": "s020",
      "seconds": 37.3
    },
    {
      "ok": true,
      "unpaired": {
        "pairs": 0,
        "removed": 1
      },
      "kind": "sync",
      "course_id": 43660,
      "folder": "/Users/m1/Canvas_Downloader/_audit_runs/20260821_113342_sync-matrix__free3/downloads/Indføring i organisationers opbygning og funktion (LA E25 BINTO1060U)",
      "landed_on": "review",
      "harvest": {
        "kept": [
          ".canvas_sync.db",
          "debug_log.txt"
        ],
        "removed": true,
        "evidence": "/Users/m1/Canvas_Downloader/_audit_runs/20260821_113342_sync-matrix__free3/evidence/rows/s023"
      },
      "findings": 5,
      "severities": {
        "info": 5
      },
      "id": "s023",
      "seconds": 37.8
    },
    {
      "ok": true,
      "unpaired": {
        "pairs": 0,
        "removed": 1
      },
      "kind": "sync",
      "course_id": 43660,
      "folder": "/Users/m1/Canvas_Downloader/_audit_runs/20260821_113342_sync-matrix__free3/downloads/Indføring i organisationers opbygning og funktion (LA E25 BINTO1060U)",
      "landed_on": "review",
      "harvest": {
        "kept": [
          ".canvas_sync.db",
          "debug_log.txt"
        ],
        "removed": true,
        "evidence": "/Users/m1/Canvas_Downloader/_audit_runs/20260821_113342_sync-matrix__free3/evidence/rows/s026"
      },
      "findings": 2,
      "severities": {
        "info": 2
      },
      "id": "s026",
      "seconds": 43.6
    },
    {
      "ok": true,
      "unpaired": {
        "pairs": 0,
        "removed": 1
      },
      "kind": "sync",
      "course_id": 43660,
      "folder": "/Users/m1/Canvas_Downloader/_audit_runs/20260821_113342_sync-matrix__free3/downloads/Indføring i organisationers opbygning og funktion (LA E25 BINTO1060U)",
      "landed_on": "review",
      "harvest": {
        "kept": [
          ".canvas_sync.db",
          "debug_log.txt"
        ],
        "removed": true,
        "evidence": "/Users/m1/Canvas_Downloader/_audit_runs/20260821_113342_sync-matrix__free3/evidence/rows/s029"
      },
      "findings": 5,
      "severities": {
        "high": 1,
        "info": 4
      },
      "id": "s029",
      "seconds": 44.4
    },
    {
      "ok": true,
      "unpaired": {
        "pairs": 0,
        "removed": 1
      },
      "kind": "sync",
      "course_id": 43660,
      "folder": "/Users/m1/Canvas_Downloader/_audit_runs/20260821_113342_sync-matrix__free3/downloads/Indføring i organisationers opbygning og funktion (LA E25 BINTO1060U)",
      "landed_on": "complete",
      "harvest": {
        "kept": [
          ".canvas_sync.db",
          "debug_log.txt"
        ],
        "removed": true,
        "evidence": "/Users/m1/Canvas_Downloader/_audit_runs/20260821_113342_sync-matrix__free3/evidence/rows/s032"
      },
      "findings": 3,
      "severities": {
        "high": 1,
        "info": 2
      },
      "id": "s032",
      "seconds": 35.3
    },
    {
      "ok": true,
      "unpaired": {
        "pairs": 0,
        "removed": 1
      },
      "kind": "sync",
      "course_id": 43660,
      "folder": "/Users/m1/Canvas_Downloader/_audit_runs/20260821_113342_sync-matrix__free3/downloads/Indføring i organisationers opbygning og funktion (LA E25 BINTO1060U)",
      "landed_on": "review",
      "harvest": {
        "kept": [
          ".canvas_sync.db",
          "debug_log.txt"
        ],
        "removed": true,
        "evidence": "/Users/m1/Canvas_Downloader/_audit_runs/20260821_113342_sync-matrix__free3/evidence/rows/s035"
      },
      "findings": 4,
      "severities": {
        "info": 4
      },
      "id": "s035",
      "seconds": 46.5
    },
    {
      "ok": true,
      "unpaired": {
        "pairs": 0,
        "removed": 1
      },
      "kind": "sync",
      "course_id": 43660,
      "folder": "/Users/m1/Canvas_Downloader/_audit_runs/20260821_113342_sync-matrix__free3/downloads/Indføring i organisationers opbygning og funktion (LA E25 BINTO1060U)",
      "landed_on": "review",
      "harvest": {
        "kept": [
          ".canvas_sync.db",
          "debug_log.txt"
        ],
        "removed": true,
        "evidence": "/Users/m1/Canvas_Downloader/_audit_runs/20260821_113342_sync-matrix__free3/evidence/rows/s038"
      },
      "findings": 3,
      "severities": {
        "high": 1,
        "info": 2
      },
      "id": "s038",
      "seconds": 32.4
    },
    {
      "ok": true,
      "unpaired": {
        "pairs": 0,
        "removed": 1
      },
      "kind": "sync",
      "course_id": 43660,
      "folder": "/Users/m1/Canvas_Downloader/_audit_runs/20260821_113342_sync-matrix__free3/downloads/Indføring i organisationers opbygning og funktion (LA E25 BINTO1060U)",
      "landed_on": "review",
      "harvest": {
        "kept": [
          ".canvas_sync.db",
          "debug_log.txt"
        ],
        "removed": true,
        "evidence": "/Users/m1/Canvas_Downloader/_audit_runs/20260821_113342_sync-matrix__free3/evidence/rows/s041"
      },
      "findings": 4,
      "severities": {
        "info": 4
      },
      "id": "s041",
      "seconds": 37.8
    }
  ]
}
