[   13795ms] [WARNING] Invalid color passed for widgetBackgroundColor in theme.sidebar: "" @ http://localhost:8501/static/js/index.CAj-7vWz.js:112
[   13797ms] [WARNING] Invalid color passed for widgetBorderColor in theme.sidebar: "" @ http://localhost:8501/static/js/index.CAj-7vWz.js:112
[   13797ms] [WARNING] Invalid color passed for skeletonBackgroundColor in theme.sidebar: "" @ http://localhost:8501/static/js/index.CAj-7vWz.js:112
[   13936ms] [WARNING] Invalid color passed for widgetBackgroundColor in theme.sidebar: "" @ http://localhost:8501/static/js/index.CAj-7vWz.js:112
[   13938ms] [WARNING] Invalid color passed for widgetBorderColor in theme.sidebar: "" @ http://localhost:8501/static/js/index.CAj-7vWz.js:112
[   13940ms] [WARNING] Invalid color passed for skeletonBackgroundColor in theme.sidebar: "" @ http://localhost:8501/static/js/index.CAj-7vWz.js:112
[   14125ms] [WARNING] Invalid color passed for widgetBackgroundColor in theme.sidebar: "" @ http://localhost:8501/static/js/index.CAj-7vWz.js:112
[   14125ms] [WARNING] Invalid color passed for widgetBorderColor in theme.sidebar: "" @ http://localhost:8501/static/js/index.CAj-7vWz.js:112
[   14125ms] [WARNING] Invalid color passed for skeletonBackgroundColor in theme.sidebar: "" @ http://localhost:8501/static/js/index.CAj-7vWz.js:112
[   17319ms] [WARNING] Invalid color passed for widgetBackgroundColor in theme.sidebar: "" @ http://localhost:8501/static/js/index.CAj-7vWz.js:112
[   17319ms] [WARNING] Invalid color passed for widgetBorderColor in theme.sidebar: "" @ http://localhost:8501/static/js/index.CAj-7vWz.js:112
[   17320ms] [WARNING] Invalid color passed for skeletonBackgroundColor in theme.sidebar: "" @ http://localhost:8501/static/js/index.CAj-7vWz.js:112
[   17394ms] [WARNING] Invalid color passed for widgetBackgroundColor in theme.sidebar: "" @ http://localhost:8501/static/js/index.CAj-7vWz.js:112
[   17394ms] [WARNING] Invalid color passed for widgetBorderColor in theme.sidebar: "" @ http://localhost:8501/static/js/index.CAj-7vWz.js:112
[   17395ms] [WARNING] Invalid color passed for skeletonBackgroundColor in theme.sidebar: "" @ http://localhost:8501/static/js/index.CAj-7vWz.js:112
[   17448ms] [WARNING] Invalid color passed for widgetBackgroundColor in theme.sidebar: "" @ http://localhost:8501/static/js/index.CAj-7vWz.js:112
[   17450ms] [WARNING] Invalid color passed for widgetBorderColor in theme.sidebar: "" @ http://localhost:8501/static/js/index.CAj-7vWz.js:112
[   17451ms] [WARNING] Invalid color passed for skeletonBackgroundColor in theme.sidebar: "" @ http://localhost:8501/static/js/index.CAj-7vWz.js:112
[   17562ms] [WARNING] Invalid color passed for widgetBackgroundColor in theme.sidebar: "" @ http://localhost:8501/static/js/index.CAj-7vWz.js:112
[   17562ms] [WARNING] Invalid color passed for widgetBorderColor in theme.sidebar: "" @ http://localhost:8501/static/js/index.CAj-7vWz.js:112
[   17563ms] [WARNING] Invalid color passed for skeletonBackgroundColor in theme.sidebar: "" @ http://localhost:8501/static/js/index.CAj-7vWz.js:112
[   17642ms] [WARNING] Invalid color passed for widgetBackgroundColor in theme.sidebar: "" @ http://localhost:8501/static/js/index.CAj-7vWz.js:112
[   17643ms] [WARNING] Invalid color passed for widgetBorderColor in theme.sidebar: "" @ http://localhost:8501/static/js/index.CAj-7vWz.js:112
[   17643ms] [WARNING] Invalid color passed for skeletonBackgroundColor in theme.sidebar: "" @ http://localhost:8501/static/js/index.CAj-7vWz.js:112
[   17695ms] [WARNING] Invalid color passed for widgetBackgroundColor in theme.sidebar: "" @ http://localhost:8501/static/js/index.CAj-7vWz.js:112
[   17696ms] [WARNING] Invalid color passed for widgetBorderColor in theme.sidebar: "" @ http://localhost:8501/static/js/index.CAj-7vWz.js:112
[   17696ms] [WARNING] Invalid color passed for skeletonBackgroundColor in theme.sidebar: "" @ http://localhost:8501/static/js/index.CAj-7vWz.js:112
[   17781ms] [WARNING] Invalid color passed for widgetBackgroundColor in theme.sidebar: "" @ http://localhost:8501/static/js/index.CAj-7vWz.js:112
[   17782ms] [WARNING] Invalid color passed for widgetBorderColor in theme.sidebar: "" @ http://localhost:8501/static/js/index.CAj-7vWz.js:112
[   17782ms] [WARNING] Invalid color passed for skeletonBackgroundColor in theme.sidebar: "" @ http://localhost:8501/static/js/index.CAj-7vWz.js:112
[   18096ms] [WARNING] Invalid color passed for widgetBackgroundColor in theme.sidebar: "" @ http://localhost:8501/static/js/index.CAj-7vWz.js:112
[   18097ms] [WARNING] Invalid color passed for widgetBorderColor in theme.sidebar: "" @ http://localhost:8501/static/js/index.CAj-7vWz.js:112
[   18097ms] [WARNING] Invalid color passed for skeletonBackgroundColor in theme.sidebar: "" @ http://localhost:8501/static/js/index.CAj-7vWz.js:112
[   18221ms] [WARNING] Invalid color passed for widgetBackgroundColor in theme.sidebar: "" @ http://localhost:8501/static/js/index.CAj-7vWz.js:112
[   18221ms] [WARNING] Invalid color passed for widgetBorderColor in theme.sidebar: "" @ http://localhost:8501/static/js/index.CAj-7vWz.js:112
[   18222ms] [WARNING] Invalid color passed for skeletonBackgroundColor in theme.sidebar: "" @ http://localhost:8501/static/js/index.CAj-7vWz.js:112
[   21554ms] [WARNING] Invalid color passed for widgetBackgroundColor in theme.sidebar: "" @ http://localhost:8501/static/js/index.CAj-7vWz.js:112
[   21555ms] [WARNING] Invalid color passed for widgetBorderColor in theme.sidebar: "" @ http://localhost:8501/static/js/index.CAj-7vWz.js:112
[   21555ms] [WARNING] Invalid color passed for skeletonBackgroundColor in theme.sidebar: "" @ http://localhost:8501/static/js/index.CAj-7vWz.js:112
[   21627ms] [WARNING] Invalid color passed for widgetBackgroundColor in theme.sidebar: "" @ http://localhost:8501/static/js/index.CAj-7vWz.js:112
[   21627ms] [WARNING] Invalid color passed for widgetBorderColor in theme.sidebar: "" @ http://localhost:8501/static/js/index.CAj-7vWz.js:112
[   21628ms] [WARNING] Invalid color passed for skeletonBackgroundColor in theme.sidebar: "" @ http://localhost:8501/static/js/index.CAj-7vWz.js:112
[   21693ms] [WARNING] Invalid color passed for widgetBackgroundColor in theme.sidebar: "" @ http://localhost:8501/static/js/index.CAj-7vWz.js:112
[   21694ms] [WARNING] Invalid color passed for widgetBorderColor in theme.sidebar: "" @ http://localhost:8501/static/js/index.CAj-7vWz.js:112
[   21694ms] [WARNING] Invalid color passed for skeletonBackgroundColor in theme.sidebar: "" @ http://localhost:8501/static/js/index.CAj-7vWz.js:112
[   21753ms] [WARNING] Invalid color passed for widgetBackgroundColor in theme.sidebar: "" @ http://localhost:8501/static/js/index.CAj-7vWz.js:112
[   21754ms] [WARNING] Invalid color passed for widgetBorderColor in theme.sidebar: "" @ http://localhost:8501/static/js/index.CAj-7vWz.js:112
[   21754ms] [WARNING] Invalid color passed for skeletonBackgroundColor in theme.sidebar: "" @ http://localhost:8501/static/js/index.CAj-7vWz.js:112
[   21857ms] [WARNING] Invalid color passed for widgetBackgroundColor in theme.sidebar: "" @ http://localhost:8501/static/js/index.CAj-7vWz.js:112
[   21858ms] [WARNING] Invalid color passed for widgetBorderColor in theme.sidebar: "" @ http://localhost:8501/static/js/index.CAj-7vWz.js:112
[   21859ms] [WARNING] Invalid color passed for skeletonBackgroundColor in theme.sidebar: "" @ http://localhost:8501/static/js/index.CAj-7vWz.js:112
[   28559ms] [WARNING] Invalid color passed for widgetBackgroundColor in theme.sidebar: "" @ http://localhost:8501/static/js/index.CAj-7vWz.js:112
[   28559ms] [WARNING] Invalid color passed for widgetBorderColor in theme.sidebar: "" @ http://localhost:8501/static/js/index.CAj-7vWz.js:112
[   28559ms] [WARNING] Invalid color passed for skeletonBackgroundColor in theme.sidebar: "" @ http://localhost:8501/static/js/index.CAj-7vWz.js:112
[   28621ms] [WARNING] Invalid color passed for widgetBackgroundColor in theme.sidebar: "" @ http://localhost:8501/static/js/index.CAj-7vWz.js:112
[   28621ms] [WARNING] Invalid color passed for widgetBorderColor in theme.sidebar: "" @ http://localhost:8501/static/js/index.CAj-7vWz.js:112
[   28622ms] [WARNING] Invalid color passed for skeletonBackgroundColor in theme.sidebar: "" @ http://localhost:8501/static/js/index.CAj-7vWz.js:112
[   28682ms] [WARNING] Invalid color passed for widgetBackgroundColor in theme.sidebar: "" @ http://localhost:8501/static/js/index.CAj-7vWz.js:112
[   28683ms] [WARNING] Invalid color passed for widgetBorderColor in theme.sidebar: "" @ http://localhost:8501/static/js/index.CAj-7vWz.js:112
[   28683ms] [WARNING] Invalid color passed for skeletonBackgroundColor in theme.sidebar: "" @ http://localhost:8501/static/js/index.CAj-7vWz.js:112
[   28783ms] [WARNING] Invalid color passed for widgetBackgroundColor in theme.sidebar: "" @ http://localhost:8501/static/js/index.CAj-7vWz.js:112
[   28783ms] [WARNING] Invalid color passed for widgetBorderColor in theme.sidebar: "" @ http://localhost:8501/static/js/index.CAj-7vWz.js:112
[   28784ms] [WARNING] Invalid color passed for skeletonBackgroundColor in theme.sidebar: "" @ http://localhost:8501/static/js/index.CAj-7vWz.js:112
[   50249ms] [WARNING] Invalid color passed for widgetBackgroundColor in theme.sidebar: "" @ http://localhost:8501/static/js/index.CAj-7vWz.js:112
[   50249ms] [WARNING] Invalid color passed for widgetBorderColor in theme.sidebar: "" @ http://localhost:8501/static/js/index.CAj-7vWz.js:112
[   50250ms] [WARNING] Invalid color passed for skeletonBackgroundColor in theme.sidebar: "" @ http://localhost:8501/static/js/index.CAj-7vWz.js:112
[   50504ms] [WARNING] Invalid color passed for widgetBackgroundColor in theme.sidebar: "" @ http://localhost:8501/static/js/index.CAj-7vWz.js:112
[   50506ms] [WARNING] Invalid color passed for widgetBorderColor in theme.sidebar: "" @ http://localhost:8501/static/js/index.CAj-7vWz.js:112
[   50507ms] [WARNING] Invalid color passed for skeletonBackgroundColor in theme.sidebar: "" @ http://localhost:8501/static/js/index.CAj-7vWz.js:112
[   50690ms] [WARNING] Invalid color passed for widgetBackgroundColor in theme.sidebar: "" @ http://localhost:8501/static/js/index.CAj-7vWz.js:112
[   50690ms] [WARNING] Invalid color passed for widgetBorderColor in theme.sidebar: "" @ http://localhost:8501/static/js/index.CAj-7vWz.js:112
[   50691ms] [WARNING] Invalid color passed for skeletonBackgroundColor in theme.sidebar: "" @ http://localhost:8501/static/js/index.CAj-7vWz.js:112
[   50921ms] [WARNING] Invalid color passed for widgetBackgroundColor in theme.sidebar: "" @ http://localhost:8501/static/js/index.CAj-7vWz.js:112
[   50921ms] [WARNING] Invalid color passed for widgetBorderColor in theme.sidebar: "" @ http://localhost:8501/static/js/index.CAj-7vWz.js:112
[   50922ms] [WARNING] Invalid color passed for skeletonBackgroundColor in theme.sidebar: "" @ http://localhost:8501/static/js/index.CAj-7vWz.js:112
[   51088ms] [WARNING] Invalid color passed for widgetBackgroundColor in theme.sidebar: "" @ http://localhost:8501/static/js/index.CAj-7vWz.js:112
[   51089ms] [WARNING] Invalid color passed for widgetBorderColor in theme.sidebar: "" @ http://localhost:8501/static/js/index.CAj-7vWz.js:112
[   51089ms] [WARNING] Invalid color passed for skeletonBackgroundColor in theme.sidebar: "" @ http://localhost:8501/static/js/index.CAj-7vWz.js:112
[   51233ms] [WARNING] Invalid color passed for widgetBackgroundColor in theme.sidebar: "" @ http://localhost:8501/static/js/index.CAj-7vWz.js:112
[   51234ms] [WARNING] Invalid color passed for widgetBorderColor in theme.sidebar: "" @ http://localhost:8501/static/js/index.CAj-7vWz.js:112
[   51236ms] [WARNING] Invalid color passed for skeletonBackgroundColor in theme.sidebar: "" @ http://localhost:8501/static/js/index.CAj-7vWz.js:112
[   51346ms] [WARNING] Invalid color passed for widgetBackgroundColor in theme.sidebar: "" @ http://localhost:8501/static/js/index.CAj-7vWz.js:112
[   51347ms] [WARNING] Invalid color passed for widgetBorderColor in theme.sidebar: "" @ http://localhost:8501/static/js/index.CAj-7vWz.js:112
[   51347ms] [WARNING] Invalid color passed for skeletonBackgroundColor in theme.sidebar: "" @ http://localhost:8501/static/js/index.CAj-7vWz.js:112
[   51493ms] [WARNING] Invalid color passed for widgetBackgroundColor in theme.sidebar: "" @ http://localhost:8501/static/js/index.CAj-7vWz.js:112
[   51493ms] [WARNING] Invalid color passed for widgetBorderColor in theme.sidebar: "" @ http://localhost:8501/static/js/index.CAj-7vWz.js:112
[   51494ms] [WARNING] Invalid color passed for skeletonBackgroundColor in theme.sidebar: "" @ http://localhost:8501/static/js/index.CAj-7vWz.js:112
[   51649ms] [WARNING] Invalid color passed for widgetBackgroundColor in theme.sidebar: "" @ http://localhost:8501/static/js/index.CAj-7vWz.js:112
[   51650ms] [WARNING] Invalid color passed for widgetBorderColor in theme.sidebar: "" @ http://localhost:8501/static/js/index.CAj-7vWz.js:112
[   51650ms] [WARNING] Invalid color passed for skeletonBackgroundColor in theme.sidebar: "" @ http://localhost:8501/static/js/index.CAj-7vWz.js:112
[   51810ms] [WARNING] Invalid color passed for widgetBackgroundColor in theme.sidebar: "" @ http://localhost:8501/static/js/index.CAj-7vWz.js:112
[   51810ms] [WARNING] Invalid color passed for widgetBorderColor in theme.sidebar: "" @ http://localhost:8501/static/js/index.CAj-7vWz.js:112
[   51811ms] [WARNING] Invalid color passed for skeletonBackgroundColor in theme.sidebar: "" @ http://localhost:8501/static/js/index.CAj-7vWz.js:112
[   53630ms] [WARNING] Invalid color passed for widgetBackgroundColor in theme.sidebar: "" @ http://localhost:8501/static/js/index.CAj-7vWz.js:112
[   53632ms] [WARNING] Invalid color passed for widgetBorderColor in theme.sidebar: "" @ http://localhost:8501/static/js/index.CAj-7vWz.js:112
[   53633ms] [WARNING] Invalid color passed for skeletonBackgroundColor in theme.sidebar: "" @ http://localhost:8501/static/js/index.CAj-7vWz.js:112
[   53769ms] [WARNING] Invalid color passed for widgetBackgroundColor in theme.sidebar: "" @ http://localhost:8501/static/js/index.CAj-7vWz.js:112
[   53770ms] [WARNING] Invalid color passed for widgetBorderColor in theme.sidebar: "" @ http://localhost:8501/static/js/index.CAj-7vWz.js:112
[   53770ms] [WARNING] Invalid color passed for skeletonBackgroundColor in theme.sidebar: "" @ http://localhost:8501/static/js/index.CAj-7vWz.js:112
[   53856ms] [WARNING] Invalid color passed for widgetBackgroundColor in theme.sidebar: "" @ http://localhost:8501/static/js/index.CAj-7vWz.js:112
[   53862ms] [WARNING] Invalid color passed for widgetBorderColor in theme.sidebar: "" @ http://localhost:8501/static/js/index.CAj-7vWz.js:112
[   53864ms] [WARNING] Invalid color passed for skeletonBackgroundColor in theme.sidebar: "" @ http://localhost:8501/static/js/index.CAj-7vWz.js:112
[   54036ms] [WARNING] Invalid color passed for widgetBackgroundColor in theme.sidebar: "" @ http://localhost:8501/static/js/index.CAj-7vWz.js:112
[   54036ms] [WARNING] Invalid color passed for widgetBorderColor in theme.sidebar: "" @ http://localhost:8501/static/js/index.CAj-7vWz.js:112
[   54036ms] [WARNING] Invalid color passed for skeletonBackgroundColor in theme.sidebar: "" @ http://localhost:8501/static/js/index.CAj-7vWz.js:112
[   54255ms] [WARNING] Invalid color passed for widgetBackgroundColor in theme.sidebar: "" @ http://localhost:8501/static/js/index.CAj-7vWz.js:112
[   54255ms] [WARNING] Invalid color passed for widgetBorderColor in theme.sidebar: "" @ http://localhost:8501/static/js/index.CAj-7vWz.js:112
[   54255ms] [WARNING] Invalid color passed for skeletonBackgroundColor in theme.sidebar: "" @ http://localhost:8501/static/js/index.CAj-7vWz.js:112
[   57121ms] [WARNING] Invalid color passed for widgetBackgroundColor in theme.sidebar: "" @ http://localhost:8501/static/js/index.CAj-7vWz.js:112
[   57121ms] [WARNING] Invalid color passed for widgetBorderColor in theme.sidebar: "" @ http://localhost:8501/static/js/index.CAj-7vWz.js:112
[   57121ms] [WARNING] Invalid color passed for skeletonBackgroundColor in theme.sidebar: "" @ http://localhost:8501/static/js/index.CAj-7vWz.js:112
[   71804ms] [WARNING] Invalid color passed for widgetBackgroundColor in theme.sidebar: "" @ http://localhost:8501/static/js/index.CAj-7vWz.js:112
[   71805ms] [WARNING] Invalid color passed for widgetBorderColor in theme.sidebar: "" @ http://localhost:8501/static/js/index.CAj-7vWz.js:112
[   71805ms] [WARNING] Invalid color passed for skeletonBackgroundColor in theme.sidebar: "" @ http://localhost:8501/static/js/index.CAj-7vWz.js:112
[   72022ms] [WARNING] Invalid color passed for widgetBackgroundColor in theme.sidebar: "" @ http://localhost:8501/static/js/index.CAj-7vWz.js:112
[   72022ms] [WARNING] Invalid color passed for widgetBorderColor in theme.sidebar: "" @ http://localhost:8501/static/js/index.CAj-7vWz.js:112
[   72023ms] [WARNING] Invalid color passed for skeletonBackgroundColor in theme.sidebar: "" @ http://localhost:8501/static/js/index.CAj-7vWz.js:112
[   72223ms] [WARNING] Invalid color passed for widgetBackgroundColor in theme.sidebar: "" @ http://localhost:8501/static/js/index.CAj-7vWz.js:112
[   72224ms] [WARNING] Invalid color passed for widgetBorderColor in theme.sidebar: "" @ http://localhost:8501/static/js/index.CAj-7vWz.js:112
[   72224ms] [WARNING] Invalid color passed for skeletonBackgroundColor in theme.sidebar: "" @ http://localhost:8501/static/js/index.CAj-7vWz.js:112
[   72453ms] [WARNING] Invalid color passed for widgetBackgroundColor in theme.sidebar: "" @ http://localhost:8501/static/js/index.CAj-7vWz.js:112
[   72454ms] [WARNING] Invalid color passed for widgetBorderColor in theme.sidebar: "" @ http://localhost:8501/static/js/index.CAj-7vWz.js:112
[   72454ms] [WARNING] Invalid color passed for skeletonBackgroundColor in theme.sidebar: "" @ http://localhost:8501/static/js/index.CAj-7vWz.js:112
[   72760ms] [WARNING] Invalid color passed for widgetBackgroundColor in theme.sidebar: "" @ http://localhost:8501/static/js/index.CAj-7vWz.js:112
[   72761ms] [WARNING] Invalid color passed for widgetBorderColor in theme.sidebar: "" @ http://localhost:8501/static/js/index.CAj-7vWz.js:112
[   72761ms] [WARNING] Invalid color passed for skeletonBackgroundColor in theme.sidebar: "" @ http://localhost:8501/static/js/index.CAj-7vWz.js:112
[   73081ms] [WARNING] Invalid color passed for widgetBackgroundColor in theme.sidebar: "" @ http://localhost:8501/static/js/index.CAj-7vWz.js:112
[   73082ms] [WARNING] Invalid color passed for widgetBorderColor in theme.sidebar: "" @ http://localhost:8501/static/js/index.CAj-7vWz.js:112
[   73084ms] [WARNING] Invalid color passed for skeletonBackgroundColor in theme.sidebar: "" @ http://localhost:8501/static/js/index.CAj-7vWz.js:112
[  151380ms] [WARNING] Invalid color passed for widgetBackgroundColor in theme.sidebar: "" @ http://localhost:8501/static/js/index.CAj-7vWz.js:112
[  151384ms] [WARNING] Invalid color passed for widgetBorderColor in theme.sidebar: "" @ http://localhost:8501/static/js/index.CAj-7vWz.js:112
[  151385ms] [WARNING] Invalid color passed for skeletonBackgroundColor in theme.sidebar: "" @ http://localhost:8501/static/js/index.CAj-7vWz.js:112
[  151759ms] [WARNING] Invalid color passed for widgetBackgroundColor in theme.sidebar: "" @ http://localhost:8501/static/js/index.CAj-7vWz.js:112
[  151760ms] [WARNING] Invalid color passed for widgetBorderColor in theme.sidebar: "" @ http://localhost:8501/static/js/index.CAj-7vWz.js:112
[  151761ms] [WARNING] Invalid color passed for skeletonBackgroundColor in theme.sidebar: "" @ http://localhost:8501/static/js/index.CAj-7vWz.js:112
[  151869ms] [WARNING] Invalid color passed for widgetBackgroundColor in theme.sidebar: "" @ http://localhost:8501/static/js/index.CAj-7vWz.js:112
[  151870ms] [WARNING] Invalid color passed for widgetBorderColor in theme.sidebar: "" @ http://localhost:8501/static/js/index.CAj-7vWz.js:112
[  151870ms] [WARNING] Invalid color passed for skeletonBackgroundColor in theme.sidebar: "" @ http://localhost:8501/static/js/index.CAj-7vWz.js:112
[  152056ms] [WARNING] Invalid color passed for widgetBackgroundColor in theme.sidebar: "" @ http://localhost:8501/static/js/index.CAj-7vWz.js:112
[  152056ms] [WARNING] Invalid color passed for widgetBorderColor in theme.sidebar: "" @ http://localhost:8501/static/js/index.CAj-7vWz.js:112
[  152057ms] [WARNING] Invalid color passed for skeletonBackgroundColor in theme.sidebar: "" @ http://localhost:8501/static/js/index.CAj-7vWz.js:112
[  152213ms] [WARNING] Invalid color passed for widgetBackgroundColor in theme.sidebar: "" @ http://localhost:8501/static/js/index.CAj-7vWz.js:112
[  152214ms] [WARNING] Invalid color passed for widgetBorderColor in theme.sidebar: "" @ http://localhost:8501/static/js/index.CAj-7vWz.js:112
[  152215ms] [WARNING] Invalid color passed for skeletonBackgroundColor in theme.sidebar: "" @ http://localhost:8501/static/js/index.CAj-7vWz.js:112
[  152447ms] [WARNING] Invalid color passed for widgetBackgroundColor in theme.sidebar: "" @ http://localhost:8501/static/js/index.CAj-7vWz.js:112
[  152448ms] [WARNING] Invalid color passed for widgetBorderColor in theme.sidebar: "" @ http://localhost:8501/static/js/index.CAj-7vWz.js:112
[  152448ms] [WARNING] Invalid color passed for skeletonBackgroundColor in theme.sidebar: "" @ http://localhost:8501/static/js/index.CAj-7vWz.js:112
[  152579ms] [WARNING] Invalid color passed for widgetBackgroundColor in theme.sidebar: "" @ http://localhost:8501/static/js/index.CAj-7vWz.js:112
[  152580ms] [WARNING] Invalid color passed for widgetBorderColor in theme.sidebar: "" @ http://localhost:8501/static/js/index.CAj-7vWz.js:112
[  152580ms] [WARNING] Invalid color passed for skeletonBackgroundColor in theme.sidebar: "" @ http://localhost:8501/static/js/index.CAj-7vWz.js:112
[  152664ms] [WARNING] Invalid color passed for widgetBackgroundColor in theme.sidebar: "" @ http://localhost:8501/static/js/index.CAj-7vWz.js:112
[  152665ms] [WARNING] Invalid color passed for widgetBorderColor in theme.sidebar: "" @ http://localhost:8501/static/js/index.CAj-7vWz.js:112
[  152666ms] [WARNING] Invalid color passed for skeletonBackgroundColor in theme.sidebar: "" @ http://localhost:8501/static/js/index.CAj-7vWz.js:112
[  152767ms] [WARNING] Invalid color passed for widgetBackgroundColor in theme.sidebar: "" @ http://localhost:8501/static/js/index.CAj-7vWz.js:112
[  152768ms] [WARNING] Invalid color passed for widgetBorderColor in theme.sidebar: "" @ http://localhost:8501/static/js/index.CAj-7vWz.js:112
[  152768ms] [WARNING] Invalid color passed for skeletonBackgroundColor in theme.sidebar: "" @ http://localhost:8501/static/js/index.CAj-7vWz.js:112
[  164224ms] [WARNING] Invalid color passed for widgetBackgroundColor in theme.sidebar: "" @ http://localhost:8501/static/js/index.CAj-7vWz.js:112
[  164224ms] [WARNING] Invalid color passed for widgetBorderColor in theme.sidebar: "" @ http://localhost:8501/static/js/index.CAj-7vWz.js:112
[  164224ms] [WARNING] Invalid color passed for skeletonBackgroundColor in theme.sidebar: "" @ http://localhost:8501/static/js/index.CAj-7vWz.js:112
[  164488ms] [WARNING] Invalid color passed for widgetBackgroundColor in theme.sidebar: "" @ http://localhost:8501/static/js/index.CAj-7vWz.js:112
[  164489ms] [WARNING] Invalid color passed for widgetBorderColor in theme.sidebar: "" @ http://localhost:8501/static/js/index.CAj-7vWz.js:112
[  164489ms] [WARNING] Invalid color passed for skeletonBackgroundColor in theme.sidebar: "" @ http://localhost:8501/static/js/index.CAj-7vWz.js:112
[  164652ms] [WARNING] Invalid color passed for widgetBackgroundColor in theme.sidebar: "" @ http://localhost:8501/static/js/index.CAj-7vWz.js:112
[  164653ms] [WARNING] Invalid color passed for widgetBorderColor in theme.sidebar: "" @ http://localhost:8501/static/js/index.CAj-7vWz.js:112
[  164654ms] [WARNING] Invalid color passed for skeletonBackgroundColor in theme.sidebar: "" @ http://localhost:8501/static/js/index.CAj-7vWz.js:112
[  164797ms] [WARNING] Invalid color passed for widgetBackgroundColor in theme.sidebar: "" @ http://localhost:8501/static/js/index.CAj-7vWz.js:112
[  164797ms] [WARNING] Invalid color passed for widgetBorderColor in theme.sidebar: "" @ http://localhost:8501/static/js/index.CAj-7vWz.js:112
[  164797ms] [WARNING] Invalid color passed for skeletonBackgroundColor in theme.sidebar: "" @ http://localhost:8501/static/js/index.CAj-7vWz.js:112
[  164924ms] [WARNING] Invalid color passed for widgetBackgroundColor in theme.sidebar: "" @ http://localhost:8501/static/js/index.CAj-7vWz.js:112
[  164924ms] [WARNING] Invalid color passed for widgetBorderColor in theme.sidebar: "" @ http://localhost:8501/static/js/index.CAj-7vWz.js:112
[  164924ms] [WARNING] Invalid color passed for skeletonBackgroundColor in theme.sidebar: "" @ http://localhost:8501/static/js/index.CAj-7vWz.js:112
[  165156ms] [WARNING] Invalid color passed for widgetBackgroundColor in theme.sidebar: "" @ http://localhost:8501/static/js/index.CAj-7vWz.js:112
[  165157ms] [WARNING] Invalid color passed for widgetBorderColor in theme.sidebar: "" @ http://localhost:8501/static/js/index.CAj-7vWz.js:112
[  165157ms] [WARNING] Invalid color passed for skeletonBackgroundColor in theme.sidebar: "" @ http://localhost:8501/static/js/index.CAj-7vWz.js:112
[  165275ms] [WARNING] Invalid color passed for widgetBackgroundColor in theme.sidebar: "" @ http://localhost:8501/static/js/index.CAj-7vWz.js:112
[  165276ms] [WARNING] Invalid color passed for widgetBorderColor in theme.sidebar: "" @ http://localhost:8501/static/js/index.CAj-7vWz.js:112
[  165276ms] [WARNING] Invalid color passed for skeletonBackgroundColor in theme.sidebar: "" @ http://localhost:8501/static/js/index.CAj-7vWz.js:112
[  165396ms] [WARNING] Invalid color passed for widgetBackgroundColor in theme.sidebar: "" @ http://localhost:8501/static/js/index.CAj-7vWz.js:112
[  165397ms] [WARNING] Invalid color passed for widgetBorderColor in theme.sidebar: "" @ http://localhost:8501/static/js/index.CAj-7vWz.js:112
[  165397ms] [WARNING] Invalid color passed for skeletonBackgroundColor in theme.sidebar: "" @ http://localhost:8501/static/js/index.CAj-7vWz.js:112
[  165504ms] [WARNING] Invalid color passed for widgetBackgroundColor in theme.sidebar: "" @ http://localhost:8501/static/js/index.CAj-7vWz.js:112
[  165504ms] [WARNING] Invalid color passed for widgetBorderColor in theme.sidebar: "" @ http://localhost:8501/static/js/index.CAj-7vWz.js:112
[  165504ms] [WARNING] Invalid color passed for skeletonBackgroundColor in theme.sidebar: "" @ http://localhost:8501/static/js/index.CAj-7vWz.js:112
[  165720ms] [WARNING] Invalid color passed for widgetBackgroundColor in theme.sidebar: "" @ http://localhost:8501/static/js/index.CAj-7vWz.js:112
[  165721ms] [WARNING] Invalid color passed for widgetBorderColor in theme.sidebar: "" @ http://localhost:8501/static/js/index.CAj-7vWz.js:112
[  165721ms] [WARNING] Invalid color passed for skeletonBackgroundColor in theme.sidebar: "" @ http://localhost:8501/static/js/index.CAj-7vWz.js:112
[  185147ms] [WARNING] Invalid color passed for widgetBackgroundColor in theme.sidebar: "" @ http://localhost:8501/static/js/index.CAj-7vWz.js:112
[  185148ms] [WARNING] Invalid color passed for widgetBorderColor in theme.sidebar: "" @ http://localhost:8501/static/js/index.CAj-7vWz.js:112
[  185148ms] [WARNING] Invalid color passed for skeletonBackgroundColor in theme.sidebar: "" @ http://localhost:8501/static/js/index.CAj-7vWz.js:112
[  185320ms] [WARNING] Invalid color passed for widgetBackgroundColor in theme.sidebar: "" @ http://localhost:8501/static/js/index.CAj-7vWz.js:112
[  185320ms] [WARNING] Invalid color passed for widgetBorderColor in theme.sidebar: "" @ http://localhost:8501/static/js/index.CAj-7vWz.js:112
[  185321ms] [WARNING] Invalid color passed for skeletonBackgroundColor in theme.sidebar: "" @ http://localhost:8501/static/js/index.CAj-7vWz.js:112
[  185412ms] [WARNING] Invalid color passed for widgetBackgroundColor in theme.sidebar: "" @ http://localhost:8501/static/js/index.CAj-7vWz.js:112
[  185413ms] [WARNING] Invalid color passed for widgetBorderColor in theme.sidebar: "" @ http://localhost:8501/static/js/index.CAj-7vWz.js:112
[  185413ms] [WARNING] Invalid color passed for skeletonBackgroundColor in theme.sidebar: "" @ http://localhost:8501/static/js/index.CAj-7vWz.js:112
[  185648ms] [WARNING] Invalid color passed for widgetBackgroundColor in theme.sidebar: "" @ http://localhost:8501/static/js/index.CAj-7vWz.js:112
[  185648ms] [WARNING] Invalid color passed for widgetBorderColor in theme.sidebar: "" @ http://localhost:8501/static/js/index.CAj-7vWz.js:112
[  185649ms] [WARNING] Invalid color passed for skeletonBackgroundColor in theme.sidebar: "" @ http://localhost:8501/static/js/index.CAj-7vWz.js:112
[  185731ms] [WARNING] Invalid color passed for widgetBackgroundColor in theme.sidebar: "" @ http://localhost:8501/static/js/index.CAj-7vWz.js:112
[  185731ms] [WARNING] Invalid color passed for widgetBorderColor in theme.sidebar: "" @ http://localhost:8501/static/js/index.CAj-7vWz.js:112
[  185732ms] [WARNING] Invalid color passed for skeletonBackgroundColor in theme.sidebar: "" @ http://localhost:8501/static/js/index.CAj-7vWz.js:112
[  185814ms] [WARNING] Invalid color passed for widgetBackgroundColor in theme.sidebar: "" @ http://localhost:8501/static/js/index.CAj-7vWz.js:112
[  185815ms] [WARNING] Invalid color passed for widgetBorderColor in theme.sidebar: "" @ http://localhost:8501/static/js/index.CAj-7vWz.js:112
[  185815ms] [WARNING] Invalid color passed for skeletonBackgroundColor in theme.sidebar: "" @ http://localhost:8501/static/js/index.CAj-7vWz.js:112
[  185889ms] [WARNING] Invalid color passed for widgetBackgroundColor in theme.sidebar: "" @ http://localhost:8501/static/js/index.CAj-7vWz.js:112
[  185890ms] [WARNING] Invalid color passed for widgetBorderColor in theme.sidebar: "" @ http://localhost:8501/static/js/index.CAj-7vWz.js:112
[  185890ms] [WARNING] Invalid color passed for skeletonBackgroundColor in theme.sidebar: "" @ http://localhost:8501/static/js/index.CAj-7vWz.js:112
[  186006ms] [WARNING] Invalid color passed for widgetBackgroundColor in theme.sidebar: "" @ http://localhost:8501/static/js/index.CAj-7vWz.js:112
[  186006ms] [WARNING] Invalid color passed for widgetBorderColor in theme.sidebar: "" @ http://localhost:8501/static/js/index.CAj-7vWz.js:112
[  186006ms] [WARNING] Invalid color passed for skeletonBackgroundColor in theme.sidebar: "" @ http://localhost:8501/static/js/index.CAj-7vWz.js:112
[  186167ms] [WARNING] Invalid color passed for widgetBackgroundColor in theme.sidebar: "" @ http://localhost:8501/static/js/index.CAj-7vWz.js:112
[  186167ms] [WARNING] Invalid color passed for widgetBorderColor in theme.sidebar: "" @ http://localhost:8501/static/js/index.CAj-7vWz.js:112
[  186168ms] [WARNING] Invalid color passed for skeletonBackgroundColor in theme.sidebar: "" @ http://localhost:8501/static/js/index.CAj-7vWz.js:112
[  186290ms] [WARNING] Invalid color passed for widgetBackgroundColor in theme.sidebar: "" @ http://localhost:8501/static/js/index.CAj-7vWz.js:112
[  186291ms] [WARNING] Invalid color passed for widgetBorderColor in theme.sidebar: "" @ http://localhost:8501/static/js/index.CAj-7vWz.js:112
[  186291ms] [WARNING] Invalid color passed for skeletonBackgroundColor in theme.sidebar: "" @ http://localhost:8501/static/js/index.CAj-7vWz.js:112
[  186392ms] [WARNING] Invalid color passed for widgetBackgroundColor in theme.sidebar: "" @ http://localhost:8501/static/js/index.CAj-7vWz.js:112
[  186392ms] [WARNING] Invalid color passed for widgetBorderColor in theme.sidebar: "" @ http://localhost:8501/static/js/index.CAj-7vWz.js:112
[  186392ms] [WARNING] Invalid color passed for skeletonBackgroundColor in theme.sidebar: "" @ http://localhost:8501/static/js/index.CAj-7vWz.js:112
[  186554ms] [WARNING] Invalid color passed for widgetBackgroundColor in theme.sidebar: "" @ http://localhost:8501/static/js/index.CAj-7vWz.js:112
[  186554ms] [WARNING] Invalid color passed for widgetBorderColor in theme.sidebar: "" @ http://localhost:8501/static/js/index.CAj-7vWz.js:112
[  186555ms] [WARNING] Invalid color passed for skeletonBackgroundColor in theme.sidebar: "" @ http://localhost:8501/static/js/index.CAj-7vWz.js:112
[  189956ms] [WARNING] Invalid color passed for widgetBackgroundColor in theme.sidebar: "" @ http://localhost:8501/static/js/index.CAj-7vWz.js:112
[  189957ms] [WARNING] Invalid color passed for widgetBorderColor in theme.sidebar: "" @ http://localhost:8501/static/js/index.CAj-7vWz.js:112
[  189958ms] [WARNING] Invalid color passed for skeletonBackgroundColor in theme.sidebar: "" @ http://localhost:8501/static/js/index.CAj-7vWz.js:112
[  190035ms] [WARNING] Invalid color passed for widgetBackgroundColor in theme.sidebar: "" @ http://localhost:8501/static/js/index.CAj-7vWz.js:112
[  190036ms] [WARNING] Invalid color passed for widgetBorderColor in theme.sidebar: "" @ http://localhost:8501/static/js/index.CAj-7vWz.js:112
[  190036ms] [WARNING] Invalid color passed for skeletonBackgroundColor in theme.sidebar: "" @ http://localhost:8501/static/js/index.CAj-7vWz.js:112
[  190154ms] [WARNING] Invalid color passed for widgetBackgroundColor in theme.sidebar: "" @ http://localhost:8501/static/js/index.CAj-7vWz.js:112
[  190155ms] [WARNING] Invalid color passed for widgetBorderColor in theme.sidebar: "" @ http://localhost:8501/static/js/index.CAj-7vWz.js:112
[  190156ms] [WARNING] Invalid color passed for skeletonBackgroundColor in theme.sidebar: "" @ http://localhost:8501/static/js/index.CAj-7vWz.js:112
[  190271ms] [WARNING] Invalid color passed for widgetBackgroundColor in theme.sidebar: "" @ http://localhost:8501/static/js/index.CAj-7vWz.js:112
[  190271ms] [WARNING] Invalid color passed for widgetBorderColor in theme.sidebar: "" @ http://localhost:8501/static/js/index.CAj-7vWz.js:112
[  190272ms] [WARNING] Invalid color passed for skeletonBackgroundColor in theme.sidebar: "" @ http://localhost:8501/static/js/index.CAj-7vWz.js:112
[  190354ms] [WARNING] Invalid color passed for widgetBackgroundColor in theme.sidebar: "" @ http://localhost:8501/static/js/index.CAj-7vWz.js:112
[  190354ms] [WARNING] Invalid color passed for widgetBorderColor in theme.sidebar: "" @ http://localhost:8501/static/js/index.CAj-7vWz.js:112
[  190355ms] [WARNING] Invalid color passed for skeletonBackgroundColor in theme.sidebar: "" @ http://localhost:8501/static/js/index.CAj-7vWz.js:112
[  190457ms] [WARNING] Invalid color passed for widgetBackgroundColor in theme.sidebar: "" @ http://localhost:8501/static/js/index.CAj-7vWz.js:112
[  190458ms] [WARNING] Invalid color passed for widgetBorderColor in theme.sidebar: "" @ http://localhost:8501/static/js/index.CAj-7vWz.js:112
[  190458ms] [WARNING] Invalid color passed for skeletonBackgroundColor in theme.sidebar: "" @ http://localhost:8501/static/js/index.CAj-7vWz.js:112
[  190686ms] [WARNING] Invalid color passed for widgetBackgroundColor in theme.sidebar: "" @ http://localhost:8501/static/js/index.CAj-7vWz.js:112
[  190686ms] [WARNING] Invalid color passed for widgetBorderColor in theme.sidebar: "" @ http://localhost:8501/static/js/index.CAj-7vWz.js:112
[  190686ms] [WARNING] Invalid color passed for skeletonBackgroundColor in theme.sidebar: "" @ http://localhost:8501/static/js/index.CAj-7vWz.js:112
[  190770ms] [WARNING] Invalid color passed for widgetBackgroundColor in theme.sidebar: "" @ http://localhost:8501/static/js/index.CAj-7vWz.js:112
[  190771ms] [WARNING] Invalid color passed for widgetBorderColor in theme.sidebar: "" @ http://localhost:8501/static/js/index.CAj-7vWz.js:112
[  190771ms] [WARNING] Invalid color passed for skeletonBackgroundColor in theme.sidebar: "" @ http://localhost:8501/static/js/index.CAj-7vWz.js:112
[  206397ms] [WARNING] Invalid color passed for widgetBackgroundColor in theme.sidebar: "" @ http://localhost:8501/static/js/index.CAj-7vWz.js:112
[  206397ms] [WARNING] Invalid color passed for widgetBorderColor in theme.sidebar: "" @ http://localhost:8501/static/js/index.CAj-7vWz.js:112
[  206398ms] [WARNING] Invalid color passed for skeletonBackgroundColor in theme.sidebar: "" @ http://localhost:8501/static/js/index.CAj-7vWz.js:112
[  206557ms] [WARNING] Invalid color passed for widgetBackgroundColor in theme.sidebar: "" @ http://localhost:8501/static/js/index.CAj-7vWz.js:112
[  206557ms] [WARNING] Invalid color passed for widgetBorderColor in theme.sidebar: "" @ http://localhost:8501/static/js/index.CAj-7vWz.js:112
[  206558ms] [WARNING] Invalid color passed for skeletonBackgroundColor in theme.sidebar: "" @ http://localhost:8501/static/js/index.CAj-7vWz.js:112
[  206709ms] [WARNING] Invalid color passed for widgetBackgroundColor in theme.sidebar: "" @ http://localhost:8501/static/js/index.CAj-7vWz.js:112
[  206710ms] [WARNING] Invalid color passed for widgetBorderColor in theme.sidebar: "" @ http://localhost:8501/static/js/index.CAj-7vWz.js:112
[  206710ms] [WARNING] Invalid color passed for skeletonBackgroundColor in theme.sidebar: "" @ http://localhost:8501/static/js/index.CAj-7vWz.js:112
[  217774ms] [WARNING] Invalid color passed for widgetBackgroundColor in theme.sidebar: "" @ http://localhost:8501/static/js/index.CAj-7vWz.js:112
[  217775ms] [WARNING] Invalid color passed for widgetBorderColor in theme.sidebar: "" @ http://localhost:8501/static/js/index.CAj-7vWz.js:112
[  217775ms] [WARNING] Invalid color passed for skeletonBackgroundColor in theme.sidebar: "" @ http://localhost:8501/static/js/index.CAj-7vWz.js:112
[  217890ms] [WARNING] Invalid color passed for widgetBackgroundColor in theme.sidebar: "" @ http://localhost:8501/static/js/index.CAj-7vWz.js:112
[  217890ms] [WARNING] Invalid color passed for widgetBorderColor in theme.sidebar: "" @ http://localhost:8501/static/js/index.CAj-7vWz.js:112
[  217890ms] [WARNING] Invalid color passed for skeletonBackgroundColor in theme.sidebar: "" @ http://localhost:8501/static/js/index.CAj-7vWz.js:112
[  218021ms] [WARNING] Invalid color passed for widgetBackgroundColor in theme.sidebar: "" @ http://localhost:8501/static/js/index.CAj-7vWz.js:112
[  218022ms] [WARNING] Invalid color passed for widgetBorderColor in theme.sidebar: "" @ http://localhost:8501/static/js/index.CAj-7vWz.js:112
[  218022ms] [WARNING] Invalid color passed for skeletonBackgroundColor in theme.sidebar: "" @ http://localhost:8501/static/js/index.CAj-7vWz.js:112
[  218177ms] [WARNING] Invalid color passed for widgetBackgroundColor in theme.sidebar: "" @ http://localhost:8501/static/js/index.CAj-7vWz.js:112
[  218178ms] [WARNING] Invalid color passed for widgetBorderColor in theme.sidebar: "" @ http://localhost:8501/static/js/index.CAj-7vWz.js:112
[  218178ms] [WARNING] Invalid color passed for skeletonBackgroundColor in theme.sidebar: "" @ http://localhost:8501/static/js/index.CAj-7vWz.js:112
[  218312ms] [WARNING] Invalid color passed for widgetBackgroundColor in theme.sidebar: "" @ http://localhost:8501/static/js/index.CAj-7vWz.js:112
[  218312ms] [WARNING] Invalid color passed for widgetBorderColor in theme.sidebar: "" @ http://localhost:8501/static/js/index.CAj-7vWz.js:112
[  218312ms] [WARNING] Invalid color passed for skeletonBackgroundColor in theme.sidebar: "" @ http://localhost:8501/static/js/index.CAj-7vWz.js:112
[  218463ms] [WARNING] Invalid color passed for widgetBackgroundColor in theme.sidebar: "" @ http://localhost:8501/static/js/index.CAj-7vWz.js:112
[  218464ms] [WARNING] Invalid color passed for widgetBorderColor in theme.sidebar: "" @ http://localhost:8501/static/js/index.CAj-7vWz.js:112
[  218464ms] [WARNING] Invalid color passed for skeletonBackgroundColor in theme.sidebar: "" @ http://localhost:8501/static/js/index.CAj-7vWz.js:112
[  218549ms] [WARNING] Invalid color passed for widgetBackgroundColor in theme.sidebar: "" @ http://localhost:8501/static/js/index.CAj-7vWz.js:112
[  218550ms] [WARNING] Invalid color passed for widgetBorderColor in theme.sidebar: "" @ http://localhost:8501/static/js/index.CAj-7vWz.js:112
[  218550ms] [WARNING] Invalid color passed for skeletonBackgroundColor in theme.sidebar: "" @ http://localhost:8501/static/js/index.CAj-7vWz.js:112
[  218656ms] [WARNING] Invalid color passed for widgetBackgroundColor in theme.sidebar: "" @ http://localhost:8501/static/js/index.CAj-7vWz.js:112
[  218656ms] [WARNING] Invalid color passed for widgetBorderColor in theme.sidebar: "" @ http://localhost:8501/static/js/index.CAj-7vWz.js:112
[  218657ms] [WARNING] Invalid color passed for skeletonBackgroundColor in theme.sidebar: "" @ http://localhost:8501/static/js/index.CAj-7vWz.js:112
[  317506ms] [WARNING] Invalid color passed for widgetBackgroundColor in theme.sidebar: "" @ http://localhost:8501/static/js/index.CAj-7vWz.js:112
[  317507ms] [WARNING] Invalid color passed for widgetBorderColor in theme.sidebar: "" @ http://localhost:8501/static/js/index.CAj-7vWz.js:112
[  317508ms] [WARNING] Invalid color passed for skeletonBackgroundColor in theme.sidebar: "" @ http://localhost:8501/static/js/index.CAj-7vWz.js:112
[  317669ms] [WARNING] Invalid color passed for widgetBackgroundColor in theme.sidebar: "" @ http://localhost:8501/static/js/index.CAj-7vWz.js:112
[  317671ms] [WARNING] Invalid color passed for widgetBorderColor in theme.sidebar: "" @ http://localhost:8501/static/js/index.CAj-7vWz.js:112
[  317672ms] [WARNING] Invalid color passed for skeletonBackgroundColor in theme.sidebar: "" @ http://localhost:8501/static/js/index.CAj-7vWz.js:112
[  317841ms] [WARNING] Invalid color passed for widgetBackgroundColor in theme.sidebar: "" @ http://localhost:8501/static/js/index.CAj-7vWz.js:112
[  317842ms] [WARNING] Invalid color passed for widgetBorderColor in theme.sidebar: "" @ http://localhost:8501/static/js/index.CAj-7vWz.js:112
[  317842ms] [WARNING] Invalid color passed for skeletonBackgroundColor in theme.sidebar: "" @ http://localhost:8501/static/js/index.CAj-7vWz.js:112
[  317969ms] [WARNING] Invalid color passed for widgetBackgroundColor in theme.sidebar: "" @ http://localhost:8501/static/js/index.CAj-7vWz.js:112
[  317969ms] [WARNING] Invalid color passed for widgetBorderColor in theme.sidebar: "" @ http://localhost:8501/static/js/index.CAj-7vWz.js:112
[  317969ms] [WARNING] Invalid color passed for skeletonBackgroundColor in theme.sidebar: "" @ http://localhost:8501/static/js/index.CAj-7vWz.js:112
[  318113ms] [WARNING] Invalid color passed for widgetBackgroundColor in theme.sidebar: "" @ http://localhost:8501/static/js/index.CAj-7vWz.js:112
[  318113ms] [WARNING] Invalid color passed for widgetBorderColor in theme.sidebar: "" @ http://localhost:8501/static/js/index.CAj-7vWz.js:112
[  318114ms] [WARNING] Invalid color passed for skeletonBackgroundColor in theme.sidebar: "" @ http://localhost:8501/static/js/index.CAj-7vWz.js:112
[  318204ms] [WARNING] Invalid color passed for widgetBackgroundColor in theme.sidebar: "" @ http://localhost:8501/static/js/index.CAj-7vWz.js:112
[  318204ms] [WARNING] Invalid color passed for widgetBorderColor in theme.sidebar: "" @ http://localhost:8501/static/js/index.CAj-7vWz.js:112
[  318204ms] [WARNING] Invalid color passed for skeletonBackgroundColor in theme.sidebar: "" @ http://localhost:8501/static/js/index.CAj-7vWz.js:112
[  318371ms] [WARNING] Invalid color passed for widgetBackgroundColor in theme.sidebar: "" @ http://localhost:8501/static/js/index.CAj-7vWz.js:112
[  318371ms] [WARNING] Invalid color passed for widgetBorderColor in theme.sidebar: "" @ http://localhost:8501/static/js/index.CAj-7vWz.js:112
[  318371ms] [WARNING] Invalid color passed for skeletonBackgroundColor in theme.sidebar: "" @ http://localhost:8501/static/js/index.CAj-7vWz.js:112
[  367509ms] [WARNING] Invalid color passed for widgetBackgroundColor in theme.sidebar: "" @ http://localhost:8501/static/js/index.CAj-7vWz.js:112
[  367510ms] [WARNING] Invalid color passed for widgetBorderColor in theme.sidebar: "" @ http://localhost:8501/static/js/index.CAj-7vWz.js:112
[  367510ms] [WARNING] Invalid color passed for skeletonBackgroundColor in theme.sidebar: "" @ http://localhost:8501/static/js/index.CAj-7vWz.js:112
[  367742ms] [WARNING] Invalid color passed for widgetBackgroundColor in theme.sidebar: "" @ http://localhost:8501/static/js/index.CAj-7vWz.js:112
[  367747ms] [WARNING] Invalid color passed for widgetBorderColor in theme.sidebar: "" @ http://localhost:8501/static/js/index.CAj-7vWz.js:112
[  367747ms] [WARNING] Invalid color passed for skeletonBackgroundColor in theme.sidebar: "" @ http://localhost:8501/static/js/index.CAj-7vWz.js:112
[  367892ms] [WARNING] Invalid color passed for widgetBackgroundColor in theme.sidebar: "" @ http://localhost:8501/static/js/index.CAj-7vWz.js:112
[  367892ms] [WARNING] Invalid color passed for widgetBorderColor in theme.sidebar: "" @ http://localhost:8501/static/js/index.CAj-7vWz.js:112
[  367892ms] [WARNING] Invalid color passed for skeletonBackgroundColor in theme.sidebar: "" @ http://localhost:8501/static/js/index.CAj-7vWz.js:112
[  367965ms] [WARNING] Invalid color passed for widgetBackgroundColor in theme.sidebar: "" @ http://localhost:8501/static/js/index.CAj-7vWz.js:112
[  367965ms] [WARNING] Invalid color passed for widgetBorderColor in theme.sidebar: "" @ http://localhost:8501/static/js/index.CAj-7vWz.js:112
[  367965ms] [WARNING] Invalid color passed for skeletonBackgroundColor in theme.sidebar: "" @ http://localhost:8501/static/js/index.CAj-7vWz.js:112
[  368054ms] [WARNING] Invalid color passed for widgetBackgroundColor in theme.sidebar: "" @ http://localhost:8501/static/js/index.CAj-7vWz.js:112
[  368055ms] [WARNING] Invalid color passed for widgetBorderColor in theme.sidebar: "" @ http://localhost:8501/static/js/index.CAj-7vWz.js:112
[  368056ms] [WARNING] Invalid color passed for skeletonBackgroundColor in theme.sidebar: "" @ http://localhost:8501/static/js/index.CAj-7vWz.js:112
[  371899ms] [WARNING] Invalid color passed for widgetBackgroundColor in theme.sidebar: "" @ http://localhost:8501/static/js/index.CAj-7vWz.js:112
[  371901ms] [WARNING] Invalid color passed for widgetBorderColor in theme.sidebar: "" @ http://localhost:8501/static/js/index.CAj-7vWz.js:112
[  371902ms] [WARNING] Invalid color passed for skeletonBackgroundColor in theme.sidebar: "" @ http://localhost:8501/static/js/index.CAj-7vWz.js:112
[  371992ms] [WARNING] Invalid color passed for widgetBackgroundColor in theme.sidebar: "" @ http://localhost:8501/static/js/index.CAj-7vWz.js:112
[  371992ms] [WARNING] Invalid color passed for widgetBorderColor in theme.sidebar: "" @ http://localhost:8501/static/js/index.CAj-7vWz.js:112
[  371992ms] [WARNING] Invalid color passed for skeletonBackgroundColor in theme.sidebar: "" @ http://localhost:8501/static/js/index.CAj-7vWz.js:112
[  372104ms] [WARNING] Invalid color passed for widgetBackgroundColor in theme.sidebar: "" @ http://localhost:8501/static/js/index.CAj-7vWz.js:112
[  372109ms] [WARNING] Invalid color passed for widgetBorderColor in theme.sidebar: "" @ http://localhost:8501/static/js/index.CAj-7vWz.js:112
[  372110ms] [WARNING] Invalid color passed for skeletonBackgroundColor in theme.sidebar: "" @ http://localhost:8501/static/js/index.CAj-7vWz.js:112
[  372171ms] [WARNING] Invalid color passed for widgetBackgroundColor in theme.sidebar: "" @ http://localhost:8501/static/js/index.CAj-7vWz.js:112
[  372171ms] [WARNING] Invalid color passed for widgetBorderColor in theme.sidebar: "" @ http://localhost:8501/static/js/index.CAj-7vWz.js:112
[  372172ms] [WARNING] Invalid color passed for skeletonBackgroundColor in theme.sidebar: "" @ http://localhost:8501/static/js/index.CAj-7vWz.js:112
[  372259ms] [WARNING] Invalid color passed for widgetBackgroundColor in theme.sidebar: "" @ http://localhost:8501/static/js/index.CAj-7vWz.js:112
[  372260ms] [WARNING] Invalid color passed for widgetBorderColor in theme.sidebar: "" @ http://localhost:8501/static/js/index.CAj-7vWz.js:112
[  372261ms] [WARNING] Invalid color passed for skeletonBackgroundColor in theme.sidebar: "" @ http://localhost:8501/static/js/index.CAj-7vWz.js:112
[  372313ms] [WARNING] Invalid color passed for widgetBackgroundColor in theme.sidebar: "" @ http://localhost:8501/static/js/index.CAj-7vWz.js:112
[  372314ms] [WARNING] Invalid color passed for widgetBorderColor in theme.sidebar: "" @ http://localhost:8501/static/js/index.CAj-7vWz.js:112
[  372314ms] [WARNING] Invalid color passed for skeletonBackgroundColor in theme.sidebar: "" @ http://localhost:8501/static/js/index.CAj-7vWz.js:112
[  372386ms] [WARNING] Invalid color passed for widgetBackgroundColor in theme.sidebar: "" @ http://localhost:8501/static/js/index.CAj-7vWz.js:112
[  372386ms] [WARNING] Invalid color passed for widgetBorderColor in theme.sidebar: "" @ http://localhost:8501/static/js/index.CAj-7vWz.js:112
[  372386ms] [WARNING] Invalid color passed for skeletonBackgroundColor in theme.sidebar: "" @ http://localhost:8501/static/js/index.CAj-7vWz.js:112
[  372477ms] [WARNING] Invalid color passed for widgetBackgroundColor in theme.sidebar: "" @ http://localhost:8501/static/js/index.CAj-7vWz.js:112
[  372478ms] [WARNING] Invalid color passed for widgetBorderColor in theme.sidebar: "" @ http://localhost:8501/static/js/index.CAj-7vWz.js:112
[  372478ms] [WARNING] Invalid color passed for skeletonBackgroundColor in theme.sidebar: "" @ http://localhost:8501/static/js/index.CAj-7vWz.js:112
[  372552ms] [WARNING] Invalid color passed for widgetBackgroundColor in theme.sidebar: "" @ http://localhost:8501/static/js/index.CAj-7vWz.js:112
[  372552ms] [WARNING] Invalid color passed for widgetBorderColor in theme.sidebar: "" @ http://localhost:8501/static/js/index.CAj-7vWz.js:112
[  372552ms] [WARNING] Invalid color passed for skeletonBackgroundColor in theme.sidebar: "" @ http://localhost:8501/static/js/index.CAj-7vWz.js:112
[  372666ms] [WARNING] Invalid color passed for widgetBackgroundColor in theme.sidebar: "" @ http://localhost:8501/static/js/index.CAj-7vWz.js:112
[  372666ms] [WARNING] Invalid color passed for widgetBorderColor in theme.sidebar: "" @ http://localhost:8501/static/js/index.CAj-7vWz.js:112
[  372666ms] [WARNING] Invalid color passed for skeletonBackgroundColor in theme.sidebar: "" @ http://localhost:8501/static/js/index.CAj-7vWz.js:112
[  372798ms] [WARNING] Invalid color passed for widgetBackgroundColor in theme.sidebar: "" @ http://localhost:8501/static/js/index.CAj-7vWz.js:112
[  372799ms] [WARNING] Invalid color passed for widgetBorderColor in theme.sidebar: "" @ http://localhost:8501/static/js/index.CAj-7vWz.js:112
[  372799ms] [WARNING] Invalid color passed for skeletonBackgroundColor in theme.sidebar: "" @ http://localhost:8501/static/js/index.CAj-7vWz.js:112
[  373056ms] [WARNING] Invalid color passed for widgetBackgroundColor in theme.sidebar: "" @ http://localhost:8501/static/js/index.CAj-7vWz.js:112
[  373056ms] [WARNING] Invalid color passed for widgetBorderColor in theme.sidebar: "" @ http://localhost:8501/static/js/index.CAj-7vWz.js:112
[  373056ms] [WARNING] Invalid color passed for skeletonBackgroundColor in theme.sidebar: "" @ http://localhost:8501/static/js/index.CAj-7vWz.js:112
[  373604ms] [WARNING] Invalid color passed for widgetBackgroundColor in theme.sidebar: "" @ http://localhost:8501/static/js/index.CAj-7vWz.js:112
[  373604ms] [WARNING] Invalid color passed for widgetBorderColor in theme.sidebar: "" @ http://localhost:8501/static/js/index.CAj-7vWz.js:112
[  373605ms] [WARNING] Invalid color passed for skeletonBackgroundColor in theme.sidebar: "" @ http://localhost:8501/static/js/index.CAj-7vWz.js:112
[  387342ms] [WARNING] Invalid color passed for widgetBackgroundColor in theme.sidebar: "" @ http://localhost:8501/static/js/index.CAj-7vWz.js:112
[  387342ms] [WARNING] Invalid color passed for widgetBorderColor in theme.sidebar: "" @ http://localhost:8501/static/js/index.CAj-7vWz.js:112
[  387343ms] [WARNING] Invalid color passed for skeletonBackgroundColor in theme.sidebar: "" @ http://localhost:8501/static/js/index.CAj-7vWz.js:112
[  387430ms] [WARNING] Invalid color passed for widgetBackgroundColor in theme.sidebar: "" @ http://localhost:8501/static/js/index.CAj-7vWz.js:112
[  387431ms] [WARNING] Invalid color passed for widgetBorderColor in theme.sidebar: "" @ http://localhost:8501/static/js/index.CAj-7vWz.js:112
[  387431ms] [WARNING] Invalid color passed for skeletonBackgroundColor in theme.sidebar: "" @ http://localhost:8501/static/js/index.CAj-7vWz.js:112
[  387601ms] [WARNING] Invalid color passed for widgetBackgroundColor in theme.sidebar: "" @ http://localhost:8501/static/js/index.CAj-7vWz.js:112
[  387601ms] [WARNING] Invalid color passed for widgetBorderColor in theme.sidebar: "" @ http://localhost:8501/static/js/index.CAj-7vWz.js:112
[  387601ms] [WARNING] Invalid color passed for skeletonBackgroundColor in theme.sidebar: "" @ http://localhost:8501/static/js/index.CAj-7vWz.js:112
[  387678ms] [WARNING] Invalid color passed for widgetBackgroundColor in theme.sidebar: "" @ http://localhost:8501/static/js/index.CAj-7vWz.js:112
[  387679ms] [WARNING] Invalid color passed for widgetBorderColor in theme.sidebar: "" @ http://localhost:8501/static/js/index.CAj-7vWz.js:112
[  387679ms] [WARNING] Invalid color passed for skeletonBackgroundColor in theme.sidebar: "" @ http://localhost:8501/static/js/index.CAj-7vWz.js:112
[  387747ms] [WARNING] Invalid color passed for widgetBackgroundColor in theme.sidebar: "" @ http://localhost:8501/static/js/index.CAj-7vWz.js:112
[  387747ms] [WARNING] Invalid color passed for widgetBorderColor in theme.sidebar: "" @ http://localhost:8501/static/js/index.CAj-7vWz.js:112
[  387748ms] [WARNING] Invalid color passed for skeletonBackgroundColor in theme.sidebar: "" @ http://localhost:8501/static/js/index.CAj-7vWz.js:112
[  387812ms] [WARNING] Invalid color passed for widgetBackgroundColor in theme.sidebar: "" @ http://localhost:8501/static/js/index.CAj-7vWz.js:112
[  387812ms] [WARNING] Invalid color passed for widgetBorderColor in theme.sidebar: "" @ http://localhost:8501/static/js/index.CAj-7vWz.js:112
[  387812ms] [WARNING] Invalid color passed for skeletonBackgroundColor in theme.sidebar: "" @ http://localhost:8501/static/js/index.CAj-7vWz.js:112
[  387883ms] [WARNING] Invalid color passed for widgetBackgroundColor in theme.sidebar: "" @ http://localhost:8501/static/js/index.CAj-7vWz.js:112
[  387884ms] [WARNING] Invalid color passed for widgetBorderColor in theme.sidebar: "" @ http://localhost:8501/static/js/index.CAj-7vWz.js:112
[  387884ms] [WARNING] Invalid color passed for skeletonBackgroundColor in theme.sidebar: "" @ http://localhost:8501/static/js/index.CAj-7vWz.js:112
[  388066ms] [WARNING] Invalid color passed for widgetBackgroundColor in theme.sidebar: "" @ http://localhost:8501/static/js/index.CAj-7vWz.js:112
[  388066ms] [WARNING] Invalid color passed for widgetBorderColor in theme.sidebar: "" @ http://localhost:8501/static/js/index.CAj-7vWz.js:112
[  388067ms] [WARNING] Invalid color passed for skeletonBackgroundColor in theme.sidebar: "" @ http://localhost:8501/static/js/index.CAj-7vWz.js:112
[  388117ms] [WARNING] Invalid color passed for widgetBackgroundColor in theme.sidebar: "" @ http://localhost:8501/static/js/index.CAj-7vWz.js:112
[  388117ms] [WARNING] Invalid color passed for widgetBorderColor in theme.sidebar: "" @ http://localhost:8501/static/js/index.CAj-7vWz.js:112
[  388117ms] [WARNING] Invalid color passed for skeletonBackgroundColor in theme.sidebar: "" @ http://localhost:8501/static/js/index.CAj-7vWz.js:112
[  438361ms] [WARNING] Invalid color passed for widgetBackgroundColor in theme.sidebar: "" @ http://localhost:8501/static/js/index.CAj-7vWz.js:112
[  438365ms] [WARNING] Invalid color passed for widgetBorderColor in theme.sidebar: "" @ http://localhost:8501/static/js/index.CAj-7vWz.js:112
[  438370ms] [WARNING] Invalid color passed for skeletonBackgroundColor in theme.sidebar: "" @ http://localhost:8501/static/js/index.CAj-7vWz.js:112
[  438535ms] [WARNING] Invalid color passed for widgetBackgroundColor in theme.sidebar: "" @ http://localhost:8501/static/js/index.CAj-7vWz.js:112
[  438536ms] [WARNING] Invalid color passed for widgetBorderColor in theme.sidebar: "" @ http://localhost:8501/static/js/index.CAj-7vWz.js:112
[  438536ms] [WARNING] Invalid color passed for skeletonBackgroundColor in theme.sidebar: "" @ http://localhost:8501/static/js/index.CAj-7vWz.js:112
[  438740ms] [WARNING] Invalid color passed for widgetBackgroundColor in theme.sidebar: "" @ http://localhost:8501/static/js/index.CAj-7vWz.js:112
[  438740ms] [WARNING] Invalid color passed for widgetBorderColor in theme.sidebar: "" @ http://localhost:8501/static/js/index.CAj-7vWz.js:112
[  438741ms] [WARNING] Invalid color passed for skeletonBackgroundColor in theme.sidebar: "" @ http://localhost:8501/static/js/index.CAj-7vWz.js:112
[  438870ms] [WARNING] Invalid color passed for widgetBackgroundColor in theme.sidebar: "" @ http://localhost:8501/static/js/index.CAj-7vWz.js:112
[  438870ms] [WARNING] Invalid color passed for widgetBorderColor in theme.sidebar: "" @ http://localhost:8501/static/js/index.CAj-7vWz.js:112
[  438870ms] [WARNING] Invalid color passed for skeletonBackgroundColor in theme.sidebar: "" @ http://localhost:8501/static/js/index.CAj-7vWz.js:112
[  438978ms] [WARNING] Invalid color passed for widgetBackgroundColor in theme.sidebar: "" @ http://localhost:8501/static/js/index.CAj-7vWz.js:112
[  438978ms] [WARNING] Invalid color passed for widgetBorderColor in theme.sidebar: "" @ http://localhost:8501/static/js/index.CAj-7vWz.js:112
[  438979ms] [WARNING] Invalid color passed for skeletonBackgroundColor in theme.sidebar: "" @ http://localhost:8501/static/js/index.CAj-7vWz.js:112
[  439189ms] [WARNING] Invalid color passed for widgetBackgroundColor in theme.sidebar: "" @ http://localhost:8501/static/js/index.CAj-7vWz.js:112
[  439189ms] [WARNING] Invalid color passed for widgetBorderColor in theme.sidebar: "" @ http://localhost:8501/static/js/index.CAj-7vWz.js:112
[  439189ms] [WARNING] Invalid color passed for skeletonBackgroundColor in theme.sidebar: "" @ http://localhost:8501/static/js/index.CAj-7vWz.js:112
[  439480ms] [WARNING] Invalid color passed for widgetBackgroundColor in theme.sidebar: "" @ http://localhost:8501/static/js/index.CAj-7vWz.js:112
[  439481ms] [WARNING] Invalid color passed for widgetBorderColor in theme.sidebar: "" @ http://localhost:8501/static/js/index.CAj-7vWz.js:112
[  439481ms] [WARNING] Invalid color passed for skeletonBackgroundColor in theme.sidebar: "" @ http://localhost:8501/static/js/index.CAj-7vWz.js:112
[  458003ms] [WARNING] Invalid color passed for widgetBackgroundColor in theme.sidebar: "" @ http://localhost:8501/static/js/index.CAj-7vWz.js:112
[  458004ms] [WARNING] Invalid color passed for widgetBorderColor in theme.sidebar: "" @ http://localhost:8501/static/js/index.CAj-7vWz.js:112
[  458004ms] [WARNING] Invalid color passed for skeletonBackgroundColor in theme.sidebar: "" @ http://localhost:8501/static/js/index.CAj-7vWz.js:112
[  458225ms] [WARNING] Invalid color passed for widgetBackgroundColor in theme.sidebar: "" @ http://localhost:8501/static/js/index.CAj-7vWz.js:112
[  458226ms] [WARNING] Invalid color passed for widgetBorderColor in theme.sidebar: "" @ http://localhost:8501/static/js/index.CAj-7vWz.js:112
[  458226ms] [WARNING] Invalid color passed for skeletonBackgroundColor in theme.sidebar: "" @ http://localhost:8501/static/js/index.CAj-7vWz.js:112
[  458327ms] [WARNING] Invalid color passed for widgetBackgroundColor in theme.sidebar: "" @ http://localhost:8501/static/js/index.CAj-7vWz.js:112
[  458328ms] [WARNING] Invalid color passed for widgetBorderColor in theme.sidebar: "" @ http://localhost:8501/static/js/index.CAj-7vWz.js:112
[  458328ms] [WARNING] Invalid color passed for skeletonBackgroundColor in theme.sidebar: "" @ http://localhost:8501/static/js/index.CAj-7vWz.js:112
[  479003ms] [WARNING] Invalid color passed for widgetBackgroundColor in theme.sidebar: "" @ http://localhost:8501/static/js/index.CAj-7vWz.js:112
[  479004ms] [WARNING] Invalid color passed for widgetBorderColor in theme.sidebar: "" @ http://localhost:8501/static/js/index.CAj-7vWz.js:112
[  479005ms] [WARNING] Invalid color passed for skeletonBackgroundColor in theme.sidebar: "" @ http://localhost:8501/static/js/index.CAj-7vWz.js:112
[  479155ms] [WARNING] Invalid color passed for widgetBackgroundColor in theme.sidebar: "" @ http://localhost:8501/static/js/index.CAj-7vWz.js:112
[  479155ms] [WARNING] Invalid color passed for widgetBorderColor in theme.sidebar: "" @ http://localhost:8501/static/js/index.CAj-7vWz.js:112
[  479156ms] [WARNING] Invalid color passed for skeletonBackgroundColor in theme.sidebar: "" @ http://localhost:8501/static/js/index.CAj-7vWz.js:112
[  479243ms] [WARNING] Invalid color passed for widgetBackgroundColor in theme.sidebar: "" @ http://localhost:8501/static/js/index.CAj-7vWz.js:112
[  479244ms] [WARNING] Invalid color passed for widgetBorderColor in theme.sidebar: "" @ http://localhost:8501/static/js/index.CAj-7vWz.js:112
[  479244ms] [WARNING] Invalid color passed for skeletonBackgroundColor in theme.sidebar: "" @ http://localhost:8501/static/js/index.CAj-7vWz.js:112
[  479330ms] [WARNING] Invalid color passed for widgetBackgroundColor in theme.sidebar: "" @ http://localhost:8501/static/js/index.CAj-7vWz.js:112
[  479331ms] [WARNING] Invalid color passed for widgetBorderColor in theme.sidebar: "" @ http://localhost:8501/static/js/index.CAj-7vWz.js:112
[  479331ms] [WARNING] Invalid color passed for skeletonBackgroundColor in theme.sidebar: "" @ http://localhost:8501/static/js/index.CAj-7vWz.js:112
[  498686ms] [WARNING] Invalid color passed for widgetBackgroundColor in theme.sidebar: "" @ http://localhost:8501/static/js/index.CAj-7vWz.js:112
[  498687ms] [WARNING] Invalid color passed for widgetBorderColor in theme.sidebar: "" @ http://localhost:8501/static/js/index.CAj-7vWz.js:112
[  498687ms] [WARNING] Invalid color passed for skeletonBackgroundColor in theme.sidebar: "" @ http://localhost:8501/static/js/index.CAj-7vWz.js:112
[  498803ms] [WARNING] Invalid color passed for widgetBackgroundColor in theme.sidebar: "" @ http://localhost:8501/static/js/index.CAj-7vWz.js:112
[  498804ms] [WARNING] Invalid color passed for widgetBorderColor in theme.sidebar: "" @ http://localhost:8501/static/js/index.CAj-7vWz.js:112
[  498804ms] [WARNING] Invalid color passed for skeletonBackgroundColor in theme.sidebar: "" @ http://localhost:8501/static/js/index.CAj-7vWz.js:112
[  498918ms] [WARNING] Invalid color passed for widgetBackgroundColor in theme.sidebar: "" @ http://localhost:8501/static/js/index.CAj-7vWz.js:112
[  498918ms] [WARNING] Invalid color passed for widgetBorderColor in theme.sidebar: "" @ http://localhost:8501/static/js/index.CAj-7vWz.js:112
[  498919ms] [WARNING] Invalid color passed for skeletonBackgroundColor in theme.sidebar: "" @ http://localhost:8501/static/js/index.CAj-7vWz.js:112
[  499066ms] [WARNING] Invalid color passed for widgetBackgroundColor in theme.sidebar: "" @ http://localhost:8501/static/js/index.CAj-7vWz.js:112
[  499066ms] [WARNING] Invalid color passed for widgetBorderColor in theme.sidebar: "" @ http://localhost:8501/static/js/index.CAj-7vWz.js:112
[  499067ms] [WARNING] Invalid color passed for skeletonBackgroundColor in theme.sidebar: "" @ http://localhost:8501/static/js/index.CAj-7vWz.js:112
