
=== lane free1 start 2026-07-28 23:52:26 ===
{
  "ok": 15,
  "lane": "free1",
  "run_id": "20260728_235210_syncregress__free1",
  "jobs": 15,
  "failed": [],
  "results": [
    {
      "ok": true,
      "unpaired": {
        "pairs": 0,
        "removed": 1
      },
      "kind": "sync",
      "course_id": 43667,
      "folder": "G:\\18 AI\\ANTIGRAVITY WORKSPACES\\Canvas Downloader\\_audit_runs\\20260728_235210_syncregress__free1\\downloads\\BINT 1st semester (LA E25 BINTS1SEMU)",
      "landed_on": "complete",
      "harvest": {
        "kept": [
          ".canvas_sync.db",
          "debug_log.txt"
        ],
        "removed": true,
        "evidence": "G:\\18 AI\\ANTIGRAVITY WORKSPACES\\Canvas Downloader\\_audit_runs\\20260728_235210_syncregress__free1\\evidence\\rows\\s000"
      },
      "findings": 0,
      "severities": {},
      "id": "s000",
      "seconds": 38.0
    },
    {
      "ok": true,
      "unpaired": {
        "pairs": 0,
        "removed": 1
      },
      "kind": "sync",
      "course_id": 43657,
      "folder": "G:\\18 AI\\ANTIGRAVITY WORKSPACES\\Canvas Downloader\\_audit_runs\\20260728_235210_syncregress__free1\\downloads\\Introduction to Information Systems (LA E25 BINTO1078U)",
      "landed_on": "review",
      "harvest": {
        "kept": [
          ".canvas_sync.db",
          "debug_log.txt"
        ],
        "removed": true,
        "evidence": "G:\\18 AI\\ANTIGRAVITY WORKSPACES\\Canvas Downloader\\_audit_runs\\20260728_235210_syncregress__free1\\evidence\\rows\\s003"
      },
      "findings": 2,
      "severities": {
        "info": 2
      },
      "id": "s003",
      "seconds": 40.7
    },
    {
      "ok": true,
      "unpaired": {
        "pairs": 0,
        "removed": 1
      },
      "kind": "sync",
      "course_id": 43657,
      "folder": "G:\\18 AI\\ANTIGRAVITY WORKSPACES\\Canvas Downloader\\_audit_runs\\20260728_235210_syncregress__free1\\downloads\\Introduction to Information Systems (LA E25 BINTO1078U)",
      "landed_on": "review",
      "harvest": {
        "kept": [
          ".canvas_sync.db",
          "debug_log.txt"
        ],
        "removed": true,
        "evidence": "G:\\18 AI\\ANTIGRAVITY WORKSPACES\\Canvas Downloader\\_audit_runs\\20260728_235210_syncregress__free1\\evidence\\rows\\s006"
      },
      "findings": 2,
      "severities": {
        "info": 2
      },
      "id": "s006",
      "seconds": 41.8
    },
    {
      "ok": true,
      "unpaired": {
        "pairs": 0,
        "removed": 1
      },
      "kind": "sync",
      "course_id": 43657,
      "folder": "G:\\18 AI\\ANTIGRAVITY WORKSPACES\\Canvas Downloader\\_audit_runs\\20260728_235210_syncregress__free1\\downloads\\Introduction to Information Systems (LA E25 BINTO1078U)",
      "landed_on": "review",
      "harvest": {
        "kept": [
          ".canvas_sync.db",
          "debug_log.txt"
        ],
        "removed": true,
        "evidence": "G:\\18 AI\\ANTIGRAVITY WORKSPACES\\Canvas Downloader\\_audit_runs\\20260728_235210_syncregress__free1\\evidence\\rows\\s009"
      },
      "findings": 2,
      "severities": {
        "info": 2
      },
      "id": "s009",
      "seconds": 36.7
    },
    {
      "ok": true,
      "unpaired": {
        "pairs": 0,
        "removed": 1
      },
      "kind": "sync",
      "course_id": 43657,
      "folder": "G:\\18 AI\\ANTIGRAVITY WORKSPACES\\Canvas Downloader\\_audit_runs\\20260728_235210_syncregress__free1\\downloads\\Introduction to Information Systems (LA E25 BINTO1078U)",
      "landed_on": "review",
      "harvest": {
        "kept": [
          ".canvas_sync.db",
          "debug_log.txt"
        ],
        "removed": true,
        "evidence": "G:\\18 AI\\ANTIGRAVITY WORKSPACES\\Canvas Downloader\\_audit_runs\\20260728_235210_syncregress__free1\\evidence\\rows\\s012"
      },
      "findings": 2,
      "severities": {
        "info": 2
      },
      "id": "s012",
      "seconds": 29.4
    },
    {
      "ok": true,
      "unpaired": {
        "pairs": 0,
        "removed": 1
      },
      "kind": "sync",
      "course_id": 43667,
      "folder": "G:\\18 AI\\ANTIGRAVITY WORKSPACES\\Canvas Downloader\\_audit_runs\\20260728_235210_syncregress__free1\\downloads\\BINT 1st semester (LA E25 BINTS1SEMU)",
      "landed_on": "complete",
      "harvest": {
        "kept": [
          ".canvas_sync.db",
          "debug_log.txt"
        ],
        "removed": true,
        "evidence": "G:\\18 AI\\ANTIGRAVITY WORKSPACES\\Canvas Downloader\\_audit_runs\\20260728_235210_syncregress__free1\\evidence\\rows\\s015"
      },
      "findings": 0,
      "severities": {},
      "id": "s015",
      "seconds": 16.2
    },
    {
      "ok": true,
      "unpaired": {
        "pairs": 0,
        "removed": 1
      },
      "kind": "sync",
      "course_id": 45899,
      "folder": "G:\\18 AI\\ANTIGRAVITY WORKSPACES\\Canvas Downloader\\_audit_runs\\20260728_235210_syncregress__free1\\downloads\\Programmering og udvikling af små systemer samt databaser (LA E25 BINTO1064U)",
      "landed_on": "sync",
      "harvest": {
        "kept": [
          ".canvas_sync.db",
          "debug_log.txt"
        ],
        "removed": true,
        "evidence": "G:\\18 AI\\ANTIGRAVITY WORKSPACES\\Canvas Downloader\\_audit_runs\\20260728_235210_syncregress__free1\\evidence\\rows\\s018"
      },
      "findings": 5,
      "severities": {
        "high": 2,
        "info": 3
      },
      "id": "s018",
      "seconds": 519.5
    },
    {
      "ok": true,
      "unpaired": {
        "pairs": 0,
        "removed": 1
      },
      "kind": "sync",
      "course_id": 45899,
      "folder": "G:\\18 AI\\ANTIGRAVITY WORKSPACES\\Canvas Downloader\\_audit_runs\\20260728_235210_syncregress__free1\\downloads\\Programmering og udvikling af små systemer samt databaser (LA E25 BINTO1064U)",
      "landed_on": "review",
      "harvest": {
        "kept": [
          ".canvas_sync.db",
          "debug_log.txt"
        ],
        "removed": true,
        "evidence": "G:\\18 AI\\ANTIGRAVITY WORKSPACES\\Canvas Downloader\\_audit_runs\\20260728_235210_syncregress__free1\\evidence\\rows\\s021"
      },
      "findings": 3,
      "severities": {
        "info": 3
      },
      "id": "s021",
      "seconds": 381.4
    },
    {
      "ok": true,
      "unpaired": {
        "pairs": 0,
        "removed": 1
      },
      "kind": "sync",
      "course_id": 43657,
      "folder": "G:\\18 AI\\ANTIGRAVITY WORKSPACES\\Canvas Downloader\\_audit_runs\\20260728_235210_syncregress__free1\\downloads\\Introduction to Information Systems (LA E25 BINTO1078U)",
      "landed_on": "review",
      "harvest": {
        "kept": [
          ".canvas_sync.db",
          "debug_log.txt"
        ],
        "removed": true,
        "evidence": "G:\\18 AI\\ANTIGRAVITY WORKSPACES\\Canvas Downloader\\_audit_runs\\20260728_235210_syncregress__free1\\evidence\\rows\\s024"
      },
      "findings": 2,
      "severities": {
        "info": 2
      },
      "id": "s024",
      "seconds": 24.3
    },
    {
      "ok": true,
      "unpaired": {
        "pairs": 0,
        "removed": 1
      },
      "kind": "sync",
      "course_id": 43657,
      "folder": "G:\\18 AI\\ANTIGRAVITY WORKSPACES\\Canvas Downloader\\_audit_runs\\20260728_235210_syncregress__free1\\downloads\\Introduction to Information Systems (LA E25 BINTO1078U)",
      "landed_on": "complete",
      "harvest": {
        "kept": [
          ".canvas_sync.db",
          "debug_log.txt"
        ],
        "removed": true,
        "evidence": "G:\\18 AI\\ANTIGRAVITY WORKSPACES\\Canvas Downloader\\_audit_runs\\20260728_235210_syncregress__free1\\evidence\\rows\\s027"
      },
      "findings": 1,
      "severities": {
        "info": 1
      },
      "id": "s027",
      "seconds": 15.4
    },
    {
      "ok": true,
      "unpaired": {
        "pairs": 0,
        "removed": 1
      },
      "kind": "sync",
      "course_id": 43657,
      "folder": "G:\\18 AI\\ANTIGRAVITY WORKSPACES\\Canvas Downloader\\_audit_runs\\20260728_235210_syncregress__free1\\downloads\\Introduction to Information Systems (LA E25 BINTO1078U)",
      "landed_on": "review",
      "harvest": {
        "kept": [
          ".canvas_sync.db",
          "debug_log.txt"
        ],
        "removed": true,
        "evidence": "G:\\18 AI\\ANTIGRAVITY WORKSPACES\\Canvas Downloader\\_audit_runs\\20260728_235210_syncregress__free1\\evidence\\rows\\s030"
      },
      "findings": 3,
      "severities": {
        "high": 1,
        "info": 1,
        "medium": 1
      },
      "id": "s030",
      "seconds": 19.1
    },
    {
      "ok": true,
      "unpaired": {
        "pairs": 0,
        "removed": 1
      },
      "kind": "sync",
      "course_id": 43657,
      "folder": "G:\\18 AI\\ANTIGRAVITY WORKSPACES\\Canvas Downloader\\_audit_runs\\20260728_235210_syncregress__free1\\downloads\\Introduction to Information Systems (LA E25 BINTO1078U)",
      "landed_on": "complete",
      "harvest": {
        "kept": [
          ".canvas_sync.db",
          "debug_log.txt"
        ],
        "removed": true,
        "evidence": "G:\\18 AI\\ANTIGRAVITY WORKSPACES\\Canvas Downloader\\_audit_runs\\20260728_235210_syncregress__free1\\evidence\\rows\\s033"
      },
      "findings": 4,
      "severities": {
        "info": 2,
        "medium": 2
      },
      "id": "s033",
      "seconds": 17.2
    },
    {
      "ok": true,
      "unpaired": {
        "pairs": 0,
        "removed": 1
      },
      "kind": "sync",
      "course_id": 43657,
      "folder": "G:\\18 AI\\ANTIGRAVITY WORKSPACES\\Canvas Downloader\\_audit_runs\\20260728_235210_syncregress__free1\\downloads\\Introduction to Information Systems (LA E25 BINTO1078U)",
      "landed_on": "sync",
      "harvest": {
        "kept": [
          ".canvas_sync.db",
          "debug_log.txt"
        ],
        "removed": true,
        "evidence": "G:\\18 AI\\ANTIGRAVITY WORKSPACES\\Canvas Downloader\\_audit_runs\\20260728_235210_syncregress__free1\\evidence\\rows\\s036"
      },
      "findings": 2,
      "severities": {
        "info": 2
      },
      "id": "s036",
      "seconds": 18.4
    },
    {
      "ok": true,
      "unpaired": {
        "pairs": 0,
        "removed": 1
      },
      "kind": "sync",
      "course_id": 43667,
      "folder": "G:\\18 AI\\ANTIGRAVITY WORKSPACES\\Canvas Downloader\\_audit_runs\\20260728_235210_syncregress__free1\\downloads\\BINT 1st semester (LA E25 BINTS1SEMU)",
      "landed_on": "complete",
      "harvest": {
        "kept": [
          ".canvas_sync.db",
          "debug_log.txt"
        ],
        "removed": true,
        "evidence": "G:\\18 AI\\ANTIGRAVITY WORKSPACES\\Canvas Downloader\\_audit_runs\\20260728_235210_syncregress__free1\\evidence\\rows\\s039"
      },
      "findings": 0,
      "severities": {},
      "id": "s039",
      "seconds": 9.5
    },
    {
      "ok": true,
      "unpaired": {
        "pairs": 0,
        "removed": 1
      },
      "kind": "sync",
      "course_id": 43657,
      "folder": "G:\\18 AI\\ANTIGRAVITY WORKSPACES\\Canvas Downloader\\_audit_runs\\20260728_235210_syncregress__free1\\downloads\\Introduction to Information Systems (LA E25 BINTO1078U)",
      "landed_on": "sync",
      "harvest": {
        "kept": [
          ".canvas_sync.db",
          "debug_log.txt"
        ],
        "removed": true,
        "evidence": "G:\\18 AI\\ANTIGRAVITY WORKSPACES\\Canvas Downloader\\_audit_runs\\20260728_235210_syncregress__free1\\evidence\\rows\\s042"
      },
      "findings": 1,
      "severities": {
        "info": 1
      },
      "id": "s042",
      "seconds": 18.8
    }
  ]
}
