
=== lane free3 start 2026-08-21 13:20:26 ===
Task was destroyed but it is pending!
task: <Task cancelling name='Task-3' coro=<Connection.run.<locals>.init() running at /Users/m1/Canvas_Downloader/.venv/lib/python3.11/site-packages/playwright/_impl/_connection.py:344> wait_for=<Future finished result=None>>
Future exception was never retrieved
future: <Future finished exception=TargetClosedError('Target page, context or browser has been closed')>
playwright._impl._errors.TargetClosedError: Target page, context or browser has been closed
{
  "ok": 13,
  "lane": "free3",
  "run_id": "20260821_131853_sync-matrix-postfix-verify__free3",
  "jobs": 14,
  "failed": [
    "s035"
  ],
  "results": [
    {
      "ok": true,
      "unpaired": {
        "pairs": 0,
        "removed": 1
      },
      "kind": "sync",
      "course_id": 43660,
      "folder": "/Users/m1/Canvas_Downloader/_audit_runs/20260821_131853_sync-matrix-postfix-verify__free3/downloads/Indføring i organisationers opbygning og funktion (LA E25 BINTO1060U)",
      "landed_on": "review",
      "harvest": {
        "kept": [
          ".canvas_sync.db",
          "debug_log.txt"
        ],
        "removed": true,
        "evidence": "/Users/m1/Canvas_Downloader/_audit_runs/20260821_131853_sync-matrix-postfix-verify__free3/evidence/rows/s002"
      },
      "findings": 2,
      "severities": {
        "info": 2
      },
      "id": "s002",
      "seconds": 56.3
    },
    {
      "ok": true,
      "unpaired": {
        "pairs": 0,
        "removed": 1
      },
      "kind": "sync",
      "course_id": 43660,
      "folder": "/Users/m1/Canvas_Downloader/_audit_runs/20260821_131853_sync-matrix-postfix-verify__free3/downloads/Indføring i organisationers opbygning og funktion (LA E25 BINTO1060U)",
      "landed_on": "review",
      "harvest": {
        "kept": [
          ".canvas_sync.db",
          "debug_log.txt"
        ],
        "removed": true,
        "evidence": "/Users/m1/Canvas_Downloader/_audit_runs/20260821_131853_sync-matrix-postfix-verify__free3/evidence/rows/s005"
      },
      "findings": 2,
      "severities": {
        "info": 2
      },
      "id": "s005",
      "seconds": 46.4
    },
    {
      "ok": true,
      "unpaired": {
        "pairs": 0,
        "removed": 1
      },
      "kind": "sync",
      "course_id": 43660,
      "folder": "/Users/m1/Canvas_Downloader/_audit_runs/20260821_131853_sync-matrix-postfix-verify__free3/downloads/Indføring i organisationers opbygning og funktion (LA E25 BINTO1060U)",
      "landed_on": "complete",
      "harvest": {
        "kept": [
          ".canvas_sync.db",
          "debug_log.txt"
        ],
        "removed": true,
        "evidence": "/Users/m1/Canvas_Downloader/_audit_runs/20260821_131853_sync-matrix-postfix-verify__free3/evidence/rows/s008"
      },
      "findings": 2,
      "severities": {
        "info": 2
      },
      "id": "s008",
      "seconds": 31.6
    },
    {
      "ok": true,
      "unpaired": {
        "pairs": 0,
        "removed": 1
      },
      "kind": "sync",
      "course_id": 43660,
      "folder": "/Users/m1/Canvas_Downloader/_audit_runs/20260821_131853_sync-matrix-postfix-verify__free3/downloads/Indføring i organisationers opbygning og funktion (LA E25 BINTO1060U)",
      "landed_on": "complete",
      "harvest": {
        "kept": [
          ".canvas_sync.db",
          "debug_log.txt"
        ],
        "removed": true,
        "evidence": "/Users/m1/Canvas_Downloader/_audit_runs/20260821_131853_sync-matrix-postfix-verify__free3/evidence/rows/s011"
      },
      "findings": 2,
      "severities": {
        "info": 2
      },
      "id": "s011",
      "seconds": 34.5
    },
    {
      "ok": true,
      "unpaired": {
        "pairs": 0,
        "removed": 1
      },
      "kind": "sync",
      "course_id": 43660,
      "folder": "/Users/m1/Canvas_Downloader/_audit_runs/20260821_131853_sync-matrix-postfix-verify__free3/downloads/Indføring i organisationers opbygning og funktion (LA E25 BINTO1060U)",
      "landed_on": "complete",
      "harvest": {
        "kept": [
          ".canvas_sync.db",
          "debug_log.txt"
        ],
        "removed": true,
        "evidence": "/Users/m1/Canvas_Downloader/_audit_runs/20260821_131853_sync-matrix-postfix-verify__free3/evidence/rows/s014"
      },
      "findings": 2,
      "severities": {
        "info": 2
      },
      "id": "s014",
      "seconds": 34.6
    },
    {
      "ok": true,
      "unpaired": {
        "pairs": 0,
        "removed": 1
      },
      "kind": "sync",
      "course_id": 43660,
      "folder": "/Users/m1/Canvas_Downloader/_audit_runs/20260821_131853_sync-matrix-postfix-verify__free3/downloads/Indføring i organisationers opbygning og funktion (LA E25 BINTO1060U)",
      "landed_on": "review",
      "harvest": {
        "kept": [
          ".canvas_sync.db",
          "debug_log.txt"
        ],
        "removed": true,
        "evidence": "/Users/m1/Canvas_Downloader/_audit_runs/20260821_131853_sync-matrix-postfix-verify__free3/evidence/rows/s017"
      },
      "findings": 5,
      "severities": {
        "info": 5
      },
      "id": "s017",
      "seconds": 38.4
    },
    {
      "ok": true,
      "unpaired": {
        "pairs": 0,
        "removed": 1
      },
      "kind": "sync",
      "course_id": 43660,
      "folder": "/Users/m1/Canvas_Downloader/_audit_runs/20260821_131853_sync-matrix-postfix-verify__free3/downloads/Indføring i organisationers opbygning og funktion (LA E25 BINTO1060U)",
      "landed_on": "complete",
      "harvest": {
        "kept": [
          ".canvas_sync.db",
          "debug_log.txt"
        ],
        "removed": true,
        "evidence": "/Users/m1/Canvas_Downloader/_audit_runs/20260821_131853_sync-matrix-postfix-verify__free3/evidence/rows/s020"
      },
      "findings": 4,
      "severities": {
        "info": 4
      },
      "id": "s020",
      "seconds": 34.3
    },
    {
      "ok": true,
      "unpaired": {
        "pairs": 0,
        "removed": 1
      },
      "kind": "sync",
      "course_id": 43660,
      "folder": "/Users/m1/Canvas_Downloader/_audit_runs/20260821_131853_sync-matrix-postfix-verify__free3/downloads/Indføring i organisationers opbygning og funktion (LA E25 BINTO1060U)",
      "landed_on": "review",
      "harvest": {
        "kept": [
          ".canvas_sync.db",
          "debug_log.txt"
        ],
        "removed": true,
        "evidence": "/Users/m1/Canvas_Downloader/_audit_runs/20260821_131853_sync-matrix-postfix-verify__free3/evidence/rows/s023"
      },
      "findings": 5,
      "severities": {
        "info": 5
      },
      "id": "s023",
      "seconds": 35.0
    },
    {
      "ok": true,
      "unpaired": {
        "pairs": 0,
        "removed": 1
      },
      "kind": "sync",
      "course_id": 43660,
      "folder": "/Users/m1/Canvas_Downloader/_audit_runs/20260821_131853_sync-matrix-postfix-verify__free3/downloads/Indføring i organisationers opbygning og funktion (LA E25 BINTO1060U)",
      "landed_on": "review",
      "harvest": {
        "kept": [
          ".canvas_sync.db",
          "debug_log.txt"
        ],
        "removed": true,
        "evidence": "/Users/m1/Canvas_Downloader/_audit_runs/20260821_131853_sync-matrix-postfix-verify__free3/evidence/rows/s026"
      },
      "findings": 2,
      "severities": {
        "info": 2
      },
      "id": "s026",
      "seconds": 46.5
    },
    {
      "ok": true,
      "unpaired": {
        "pairs": 0,
        "removed": 1
      },
      "kind": "sync",
      "course_id": 43660,
      "folder": "/Users/m1/Canvas_Downloader/_audit_runs/20260821_131853_sync-matrix-postfix-verify__free3/downloads/Indføring i organisationers opbygning og funktion (LA E25 BINTO1060U)",
      "landed_on": "review",
      "harvest": {
        "kept": [
          ".canvas_sync.db",
          "debug_log.txt"
        ],
        "removed": true,
        "evidence": "/Users/m1/Canvas_Downloader/_audit_runs/20260821_131853_sync-matrix-postfix-verify__free3/evidence/rows/s029"
      },
      "findings": 4,
      "severities": {
        "info": 4
      },
      "id": "s029",
      "seconds": 52.4
    },
    {
      "ok": true,
      "unpaired": {
        "pairs": 0,
        "removed": 1
      },
      "kind": "sync",
      "course_id": 43660,
      "folder": "/Users/m1/Canvas_Downloader/_audit_runs/20260821_131853_sync-matrix-postfix-verify__free3/downloads/Indføring i organisationers opbygning og funktion (LA E25 BINTO1060U)",
      "landed_on": "sync",
      "harvest": {
        "kept": [
          ".canvas_sync.db",
          "debug_log.txt"
        ],
        "removed": true,
        "evidence": "/Users/m1/Canvas_Downloader/_audit_runs/20260821_131853_sync-matrix-postfix-verify__free3/evidence/rows/s032"
      },
      "findings": 2,
      "severities": {
        "info": 2
      },
      "id": "s032",
      "seconds": 40.9
    },
    {
      "ok": false,
      "reason": "snapshot restore did not verify",
      "verify": {
        "expected": 301,
        "missing": [],
        "missing_count": 0,
        "size_mismatch": [],
        "extra": [
          "debug_log.txt"
        ],
        "extra_count": 1,
        "ok": false
      },
      "id": "s035",
      "seconds": 0.1
    },
    {
      "ok": true,
      "unpaired": {
        "pairs": 0,
        "removed": 1
      },
      "kind": "sync",
      "course_id": 43660,
      "folder": "/Users/m1/Canvas_Downloader/_audit_runs/20260821_131853_sync-matrix-postfix-verify__free3/downloads/Indføring i organisationers opbygning og funktion (LA E25 BINTO1060U)",
      "landed_on": "review",
      "harvest": {
        "kept": [
          ".canvas_sync.db",
          "debug_log.txt"
        ],
        "removed": true,
        "evidence": "/Users/m1/Canvas_Downloader/_audit_runs/20260821_131853_sync-matrix-postfix-verify__free3/evidence/rows/s038"
      },
      "findings": 2,
      "severities": {
        "info": 2
      },
      "id": "s038",
      "seconds": 32.7
    },
    {
      "ok": true,
      "unpaired": {
        "pairs": 0,
        "removed": 1
      },
      "kind": "sync",
      "course_id": 43660,
      "folder": "/Users/m1/Canvas_Downloader/_audit_runs/20260821_131853_sync-matrix-postfix-verify__free3/downloads/Indføring i organisationers opbygning og funktion (LA E25 BINTO1060U)",
      "landed_on": "review",
      "harvest": {
        "kept": [
          ".canvas_sync.db",
          "debug_log.txt"
        ],
        "removed": true,
        "evidence": "/Users/m1/Canvas_Downloader/_audit_runs/20260821_131853_sync-matrix-postfix-verify__free3/evidence/rows/s041"
      },
      "findings": 4,
      "severities": {
        "info": 4
      },
      "id": "s041",
      "seconds": 34.4
    }
  ]
}

=== lane free3 start 2026-08-21 13:30:43 ===
Task was destroyed but it is pending!
task: <Task cancelling name='Task-3' coro=<Connection.run.<locals>.init() running at /Users/m1/Canvas_Downloader/.venv/lib/python3.11/site-packages/playwright/_impl/_connection.py:344> wait_for=<Future finished result=None>>
Future exception was never retrieved
future: <Future finished exception=TargetClosedError('Target page, context or browser has been closed')>
playwright._impl._errors.TargetClosedError: Target page, context or browser has been closed
{
  "ok": 14,
  "lane": "free3",
  "run_id": "20260821_131853_sync-matrix-postfix-verify__free3",
  "jobs": 14,
  "failed": [],
  "results": [
    {
      "id": "s002",
      "ok": true,
      "skipped": "already done"
    },
    {
      "id": "s005",
      "ok": true,
      "skipped": "already done"
    },
    {
      "id": "s008",
      "ok": true,
      "skipped": "already done"
    },
    {
      "id": "s011",
      "ok": true,
      "skipped": "already done"
    },
    {
      "id": "s014",
      "ok": true,
      "skipped": "already done"
    },
    {
      "id": "s017",
      "ok": true,
      "skipped": "already done"
    },
    {
      "id": "s020",
      "ok": true,
      "skipped": "already done"
    },
    {
      "id": "s023",
      "ok": true,
      "skipped": "already done"
    },
    {
      "id": "s026",
      "ok": true,
      "skipped": "already done"
    },
    {
      "id": "s029",
      "ok": true,
      "skipped": "already done"
    },
    {
      "id": "s032",
      "ok": true,
      "skipped": "already done"
    },
    {
      "ok": true,
      "unpaired": {
        "pairs": 0,
        "removed": 1
      },
      "kind": "sync",
      "course_id": 43660,
      "folder": "/Users/m1/Canvas_Downloader/_audit_runs/20260821_131853_sync-matrix-postfix-verify__free3/downloads/Indføring i organisationers opbygning og funktion (LA E25 BINTO1060U)",
      "landed_on": "review",
      "harvest": {
        "kept": [
          ".canvas_sync.db",
          "debug_log.txt"
        ],
        "removed": true,
        "evidence": "/Users/m1/Canvas_Downloader/_audit_runs/20260821_131853_sync-matrix-postfix-verify__free3/evidence/rows/s035"
      },
      "findings": 4,
      "severities": {
        "info": 4
      },
      "id": "s035",
      "seconds": 38.5
    },
    {
      "id": "s038",
      "ok": true,
      "skipped": "already done"
    },
    {
      "id": "s041",
      "ok": true,
      "skipped": "already done"
    }
  ]
}

=== lane free3 start 2026-08-21 13:31:42 ===
{
  "ok": 14,
  "lane": "free3",
  "run_id": "20260821_131853_sync-matrix-postfix-verify__free3",
  "jobs": 14,
  "failed": [],
  "results": [
    {
      "id": "s002",
      "ok": true,
      "skipped": "already done"
    },
    {
      "id": "s005",
      "ok": true,
      "skipped": "already done"
    },
    {
      "id": "s008",
      "ok": true,
      "skipped": "already done"
    },
    {
      "id": "s011",
      "ok": true,
      "skipped": "already done"
    },
    {
      "id": "s014",
      "ok": true,
      "skipped": "already done"
    },
    {
      "id": "s017",
      "ok": true,
      "skipped": "already done"
    },
    {
      "id": "s020",
      "ok": true,
      "skipped": "already done"
    },
    {
      "id": "s023",
      "ok": true,
      "skipped": "already done"
    },
    {
      "id": "s026",
      "ok": true,
      "skipped": "already done"
    },
    {
      "id": "s029",
      "ok": true,
      "skipped": "already done"
    },
    {
      "id": "s032",
      "ok": true,
      "skipped": "already done"
    },
    {
      "id": "s035",
      "ok": true,
      "skipped": "already done"
    },
    {
      "id": "s038",
      "ok": true,
      "skipped": "already done"
    },
    {
      "id": "s041",
      "ok": true,
      "skipped": "already done"
    }
  ]
}
Task was destroyed but it is pending!
task: <Task cancelling name='Task-3' coro=<Connection.run.<locals>.init() running at /Users/m1/Canvas_Downloader/.venv/lib/python3.11/site-packages/playwright/_impl/_connection.py:344> wait_for=<Future finished result=None>>
Future exception was never retrieved
future: <Future finished exception=TargetClosedError('Target page, context or browser has been closed')>
playwright._impl._errors.TargetClosedError: Target page, context or browser has been closed
