{
  "ok": 21,
  "lane": "free2",
  "run_id": "20260808_223701_minimal-sync-2026-08__free2",
  "jobs": 21,
  "failed": [],
  "results": [
    {
      "ok": true,
      "unpaired": {
        "pairs": 0,
        "removed": 1
      },
      "kind": "sync",
      "course_id": 45899,
      "folder": "C:\\Users\\birkl\\Desktop\\Canvas Downloader WORKSPACE\\_audit_runs\\20260808_223701_minimal-sync-2026-08__free2\\downloads\\Programmering og udvikling af små systemer samt databaser (LA E25 BINTO1064U)",
      "landed_on": "review",
      "harvest": {
        "kept": [
          ".canvas_sync.db",
          "debug_log.txt"
        ],
        "removed": true,
        "evidence": "C:\\Users\\birkl\\Desktop\\Canvas Downloader WORKSPACE\\_audit_runs\\20260808_223701_minimal-sync-2026-08__free2\\evidence\\rows\\s001"
      },
      "findings": 2,
      "severities": {
        "info": 2
      },
      "id": "s001",
      "seconds": 195.0
    },
    {
      "ok": true,
      "unpaired": {
        "pairs": 0,
        "removed": 1
      },
      "kind": "sync",
      "course_id": 45899,
      "folder": "C:\\Users\\birkl\\Desktop\\Canvas Downloader WORKSPACE\\_audit_runs\\20260808_223701_minimal-sync-2026-08__free2\\downloads\\Programmering og udvikling af små systemer samt databaser (LA E25 BINTO1064U)",
      "landed_on": "complete",
      "harvest": {
        "kept": [
          ".canvas_sync.db",
          "debug_log.txt"
        ],
        "removed": true,
        "evidence": "C:\\Users\\birkl\\Desktop\\Canvas Downloader WORKSPACE\\_audit_runs\\20260808_223701_minimal-sync-2026-08__free2\\evidence\\rows\\s003"
      },
      "findings": 2,
      "severities": {
        "info": 2
      },
      "id": "s003",
      "seconds": 49.2
    },
    {
      "ok": true,
      "unpaired": {
        "pairs": 0,
        "removed": 1
      },
      "kind": "sync",
      "course_id": 45899,
      "folder": "C:\\Users\\birkl\\Desktop\\Canvas Downloader WORKSPACE\\_audit_runs\\20260808_223701_minimal-sync-2026-08__free2\\downloads\\Programmering og udvikling af små systemer samt databaser (LA E25 BINTO1064U)",
      "landed_on": "review",
      "harvest": {
        "kept": [
          ".canvas_sync.db",
          "debug_log.txt"
        ],
        "removed": true,
        "evidence": "C:\\Users\\birkl\\Desktop\\Canvas Downloader WORKSPACE\\_audit_runs\\20260808_223701_minimal-sync-2026-08__free2\\evidence\\rows\\s005"
      },
      "findings": 3,
      "severities": {
        "info": 3
      },
      "id": "s005",
      "seconds": 71.3
    },
    {
      "ok": true,
      "unpaired": {
        "pairs": 0,
        "removed": 1
      },
      "kind": "sync",
      "course_id": 45899,
      "folder": "C:\\Users\\birkl\\Desktop\\Canvas Downloader WORKSPACE\\_audit_runs\\20260808_223701_minimal-sync-2026-08__free2\\downloads\\Programmering og udvikling af små systemer samt databaser (LA E25 BINTO1064U)",
      "landed_on": "complete",
      "harvest": {
        "kept": [
          ".canvas_sync.db",
          "debug_log.txt"
        ],
        "removed": true,
        "evidence": "C:\\Users\\birkl\\Desktop\\Canvas Downloader WORKSPACE\\_audit_runs\\20260808_223701_minimal-sync-2026-08__free2\\evidence\\rows\\s007"
      },
      "findings": 2,
      "severities": {
        "info": 2
      },
      "id": "s007",
      "seconds": 48.2
    },
    {
      "ok": true,
      "unpaired": {
        "pairs": 0,
        "removed": 1
      },
      "kind": "sync",
      "course_id": 45899,
      "folder": "C:\\Users\\birkl\\Desktop\\Canvas Downloader WORKSPACE\\_audit_runs\\20260808_223701_minimal-sync-2026-08__free2\\downloads\\Programmering og udvikling af små systemer samt databaser (LA E25 BINTO1064U)",
      "landed_on": "complete",
      "harvest": {
        "kept": [
          ".canvas_sync.db",
          "debug_log.txt"
        ],
        "removed": true,
        "evidence": "C:\\Users\\birkl\\Desktop\\Canvas Downloader WORKSPACE\\_audit_runs\\20260808_223701_minimal-sync-2026-08__free2\\evidence\\rows\\s009"
      },
      "findings": 2,
      "severities": {
        "info": 2
      },
      "id": "s009",
      "seconds": 48.0
    },
    {
      "ok": true,
      "unpaired": {
        "pairs": 0,
        "removed": 1
      },
      "kind": "sync",
      "course_id": 45899,
      "folder": "C:\\Users\\birkl\\Desktop\\Canvas Downloader WORKSPACE\\_audit_runs\\20260808_223701_minimal-sync-2026-08__free2\\downloads\\Programmering og udvikling af små systemer samt databaser (LA E25 BINTO1064U)",
      "landed_on": "complete",
      "harvest": {
        "kept": [
          ".canvas_sync.db",
          "debug_log.txt"
        ],
        "removed": true,
        "evidence": "C:\\Users\\birkl\\Desktop\\Canvas Downloader WORKSPACE\\_audit_runs\\20260808_223701_minimal-sync-2026-08__free2\\evidence\\rows\\s011"
      },
      "findings": 2,
      "severities": {
        "info": 2
      },
      "id": "s011",
      "seconds": 50.9
    },
    {
      "ok": true,
      "unpaired": {
        "pairs": 0,
        "removed": 1
      },
      "kind": "sync",
      "course_id": 45899,
      "folder": "C:\\Users\\birkl\\Desktop\\Canvas Downloader WORKSPACE\\_audit_runs\\20260808_223701_minimal-sync-2026-08__free2\\downloads\\Programmering og udvikling af små systemer samt databaser (LA E25 BINTO1064U)",
      "landed_on": "review",
      "harvest": {
        "kept": [
          ".canvas_sync.db",
          "debug_log.txt"
        ],
        "removed": true,
        "evidence": "C:\\Users\\birkl\\Desktop\\Canvas Downloader WORKSPACE\\_audit_runs\\20260808_223701_minimal-sync-2026-08__free2\\evidence\\rows\\s013"
      },
      "findings": 3,
      "severities": {
        "info": 3
      },
      "id": "s013",
      "seconds": 64.7
    },
    {
      "ok": true,
      "unpaired": {
        "pairs": 0,
        "removed": 1
      },
      "kind": "sync",
      "course_id": 45899,
      "folder": "C:\\Users\\birkl\\Desktop\\Canvas Downloader WORKSPACE\\_audit_runs\\20260808_223701_minimal-sync-2026-08__free2\\downloads\\Programmering og udvikling af små systemer samt databaser (LA E25 BINTO1064U)",
      "landed_on": "complete",
      "harvest": {
        "kept": [
          ".canvas_sync.db",
          "debug_log.txt"
        ],
        "removed": true,
        "evidence": "C:\\Users\\birkl\\Desktop\\Canvas Downloader WORKSPACE\\_audit_runs\\20260808_223701_minimal-sync-2026-08__free2\\evidence\\rows\\s015"
      },
      "findings": 2,
      "severities": {
        "info": 2
      },
      "id": "s015",
      "seconds": 50.2
    },
    {
      "ok": true,
      "unpaired": {
        "pairs": 0,
        "removed": 1
      },
      "kind": "sync",
      "course_id": 45899,
      "folder": "C:\\Users\\birkl\\Desktop\\Canvas Downloader WORKSPACE\\_audit_runs\\20260808_223701_minimal-sync-2026-08__free2\\downloads\\Programmering og udvikling af små systemer samt databaser (LA E25 BINTO1064U)",
      "landed_on": "review",
      "harvest": {
        "kept": [
          ".canvas_sync.db",
          "debug_log.txt"
        ],
        "removed": true,
        "evidence": "C:\\Users\\birkl\\Desktop\\Canvas Downloader WORKSPACE\\_audit_runs\\20260808_223701_minimal-sync-2026-08__free2\\evidence\\rows\\s017"
      },
      "findings": 2,
      "severities": {
        "info": 2
      },
      "id": "s017",
      "seconds": 59.4
    },
    {
      "ok": true,
      "unpaired": {
        "pairs": 0,
        "removed": 1
      },
      "kind": "sync",
      "course_id": 45899,
      "folder": "C:\\Users\\birkl\\Desktop\\Canvas Downloader WORKSPACE\\_audit_runs\\20260808_223701_minimal-sync-2026-08__free2\\downloads\\Programmering og udvikling af små systemer samt databaser (LA E25 BINTO1064U)",
      "landed_on": "review",
      "harvest": {
        "kept": [
          ".canvas_sync.db",
          "debug_log.txt"
        ],
        "removed": true,
        "evidence": "C:\\Users\\birkl\\Desktop\\Canvas Downloader WORKSPACE\\_audit_runs\\20260808_223701_minimal-sync-2026-08__free2\\evidence\\rows\\s019"
      },
      "findings": 2,
      "severities": {
        "info": 2
      },
      "id": "s019",
      "seconds": 48.5
    },
    {
      "ok": true,
      "unpaired": {
        "pairs": 0,
        "removed": 1
      },
      "kind": "sync",
      "course_id": 45899,
      "folder": "C:\\Users\\birkl\\Desktop\\Canvas Downloader WORKSPACE\\_audit_runs\\20260808_223701_minimal-sync-2026-08__free2\\downloads\\Programmering og udvikling af små systemer samt databaser (LA E25 BINTO1064U)",
      "landed_on": "review",
      "harvest": {
        "kept": [
          ".canvas_sync.db",
          "debug_log.txt"
        ],
        "removed": true,
        "evidence": "C:\\Users\\birkl\\Desktop\\Canvas Downloader WORKSPACE\\_audit_runs\\20260808_223701_minimal-sync-2026-08__free2\\evidence\\rows\\s021"
      },
      "findings": 2,
      "severities": {
        "info": 2
      },
      "id": "s021",
      "seconds": 63.3
    },
    {
      "ok": true,
      "unpaired": {
        "pairs": 0,
        "removed": 1
      },
      "kind": "sync",
      "course_id": 45899,
      "folder": "C:\\Users\\birkl\\Desktop\\Canvas Downloader WORKSPACE\\_audit_runs\\20260808_223701_minimal-sync-2026-08__free2\\downloads\\Programmering og udvikling af små systemer samt databaser (LA E25 BINTO1064U)",
      "landed_on": "review",
      "harvest": {
        "kept": [
          ".canvas_sync.db",
          "debug_log.txt"
        ],
        "removed": true,
        "evidence": "C:\\Users\\birkl\\Desktop\\Canvas Downloader WORKSPACE\\_audit_runs\\20260808_223701_minimal-sync-2026-08__free2\\evidence\\rows\\s023"
      },
      "findings": 2,
      "severities": {
        "info": 2
      },
      "id": "s023",
      "seconds": 48.5
    },
    {
      "ok": true,
      "unpaired": {
        "pairs": 0,
        "removed": 1
      },
      "kind": "sync",
      "course_id": 45899,
      "folder": "C:\\Users\\birkl\\Desktop\\Canvas Downloader WORKSPACE\\_audit_runs\\20260808_223701_minimal-sync-2026-08__free2\\downloads\\Programmering og udvikling af små systemer samt databaser (LA E25 BINTO1064U)",
      "landed_on": "complete",
      "harvest": {
        "kept": [
          ".canvas_sync.db",
          "debug_log.txt"
        ],
        "removed": true,
        "evidence": "C:\\Users\\birkl\\Desktop\\Canvas Downloader WORKSPACE\\_audit_runs\\20260808_223701_minimal-sync-2026-08__free2\\evidence\\rows\\s025"
      },
      "findings": 2,
      "severities": {
        "info": 2
      },
      "id": "s025",
      "seconds": 44.5
    },
    {
      "ok": true,
      "unpaired": {
        "pairs": 0,
        "removed": 1
      },
      "kind": "sync",
      "course_id": 45899,
      "folder": "C:\\Users\\birkl\\Desktop\\Canvas Downloader WORKSPACE\\_audit_runs\\20260808_223701_minimal-sync-2026-08__free2\\downloads\\Programmering og udvikling af små systemer samt databaser (LA E25 BINTO1064U)",
      "landed_on": "complete",
      "harvest": {
        "kept": [
          ".canvas_sync.db",
          "debug_log.txt"
        ],
        "removed": true,
        "evidence": "C:\\Users\\birkl\\Desktop\\Canvas Downloader WORKSPACE\\_audit_runs\\20260808_223701_minimal-sync-2026-08__free2\\evidence\\rows\\s027"
      },
      "findings": 2,
      "severities": {
        "info": 2
      },
      "id": "s027",
      "seconds": 46.4
    },
    {
      "ok": true,
      "unpaired": {
        "pairs": 0,
        "removed": 1
      },
      "kind": "sync",
      "course_id": 45899,
      "folder": "C:\\Users\\birkl\\Desktop\\Canvas Downloader WORKSPACE\\_audit_runs\\20260808_223701_minimal-sync-2026-08__free2\\downloads\\Programmering og udvikling af små systemer samt databaser (LA E25 BINTO1064U)",
      "landed_on": "review",
      "harvest": {
        "kept": [
          ".canvas_sync.db",
          "debug_log.txt"
        ],
        "removed": true,
        "evidence": "C:\\Users\\birkl\\Desktop\\Canvas Downloader WORKSPACE\\_audit_runs\\20260808_223701_minimal-sync-2026-08__free2\\evidence\\rows\\s029"
      },
      "findings": 2,
      "severities": {
        "info": 2
      },
      "id": "s029",
      "seconds": 63.4
    },
    {
      "ok": true,
      "unpaired": {
        "pairs": 0,
        "removed": 1
      },
      "kind": "sync",
      "course_id": 45899,
      "folder": "C:\\Users\\birkl\\Desktop\\Canvas Downloader WORKSPACE\\_audit_runs\\20260808_223701_minimal-sync-2026-08__free2\\downloads\\Programmering og udvikling af små systemer samt databaser (LA E25 BINTO1064U)",
      "landed_on": "review",
      "harvest": {
        "kept": [
          ".canvas_sync.db",
          "debug_log.txt"
        ],
        "removed": true,
        "evidence": "C:\\Users\\birkl\\Desktop\\Canvas Downloader WORKSPACE\\_audit_runs\\20260808_223701_minimal-sync-2026-08__free2\\evidence\\rows\\s031"
      },
      "findings": 2,
      "severities": {
        "info": 2
      },
      "id": "s031",
      "seconds": 51.4
    },
    {
      "ok": true,
      "unpaired": {
        "pairs": 0,
        "removed": 1
      },
      "kind": "sync",
      "course_id": 45899,
      "folder": "C:\\Users\\birkl\\Desktop\\Canvas Downloader WORKSPACE\\_audit_runs\\20260808_223701_minimal-sync-2026-08__free2\\downloads\\Programmering og udvikling af små systemer samt databaser (LA E25 BINTO1064U)",
      "landed_on": "sync",
      "harvest": {
        "kept": [
          ".canvas_sync.db",
          "debug_log.txt"
        ],
        "removed": true,
        "evidence": "C:\\Users\\birkl\\Desktop\\Canvas Downloader WORKSPACE\\_audit_runs\\20260808_223701_minimal-sync-2026-08__free2\\evidence\\rows\\s033"
      },
      "findings": 3,
      "severities": {
        "info": 3
      },
      "id": "s033",
      "seconds": 51.1
    },
    {
      "ok": true,
      "unpaired": {
        "pairs": 0,
        "removed": 1
      },
      "kind": "sync",
      "course_id": 45899,
      "folder": "C:\\Users\\birkl\\Desktop\\Canvas Downloader WORKSPACE\\_audit_runs\\20260808_223701_minimal-sync-2026-08__free2\\downloads\\Programmering og udvikling af små systemer samt databaser (LA E25 BINTO1064U)",
      "landed_on": "review",
      "harvest": {
        "kept": [
          ".canvas_sync.db",
          "debug_log.txt"
        ],
        "removed": true,
        "evidence": "C:\\Users\\birkl\\Desktop\\Canvas Downloader WORKSPACE\\_audit_runs\\20260808_223701_minimal-sync-2026-08__free2\\evidence\\rows\\s035"
      },
      "findings": 2,
      "severities": {
        "info": 2
      },
      "id": "s035",
      "seconds": 53.9
    },
    {
      "ok": true,
      "unpaired": {
        "pairs": 0,
        "removed": 1
      },
      "kind": "sync",
      "course_id": 45899,
      "folder": "C:\\Users\\birkl\\Desktop\\Canvas Downloader WORKSPACE\\_audit_runs\\20260808_223701_minimal-sync-2026-08__free2\\downloads\\Programmering og udvikling af små systemer samt databaser (LA E25 BINTO1064U)",
      "landed_on": "complete",
      "harvest": {
        "kept": [
          ".canvas_sync.db",
          "debug_log.txt"
        ],
        "removed": true,
        "evidence": "C:\\Users\\birkl\\Desktop\\Canvas Downloader WORKSPACE\\_audit_runs\\20260808_223701_minimal-sync-2026-08__free2\\evidence\\rows\\s037"
      },
      "findings": 2,
      "severities": {
        "info": 2
      },
      "id": "s037",
      "seconds": 48.3
    },
    {
      "ok": true,
      "unpaired": {
        "pairs": 0,
        "removed": 1
      },
      "kind": "sync",
      "course_id": 45899,
      "folder": "C:\\Users\\birkl\\Desktop\\Canvas Downloader WORKSPACE\\_audit_runs\\20260808_223701_minimal-sync-2026-08__free2\\downloads\\Programmering og udvikling af små systemer samt databaser (LA E25 BINTO1064U)",
      "landed_on": "complete",
      "harvest": {
        "kept": [
          ".canvas_sync.db",
          "debug_log.txt"
        ],
        "removed": true,
        "evidence": "C:\\Users\\birkl\\Desktop\\Canvas Downloader WORKSPACE\\_audit_runs\\20260808_223701_minimal-sync-2026-08__free2\\evidence\\rows\\s039"
      },
      "findings": 2,
      "severities": {
        "info": 2
      },
      "id": "s039",
      "seconds": 45.3
    },
    {
      "ok": true,
      "unpaired": {
        "pairs": 0,
        "removed": 1
      },
      "kind": "sync",
      "course_id": 45899,
      "folder": "C:\\Users\\birkl\\Desktop\\Canvas Downloader WORKSPACE\\_audit_runs\\20260808_223701_minimal-sync-2026-08__free2\\downloads\\Programmering og udvikling af små systemer samt databaser (LA E25 BINTO1064U)",
      "landed_on": "review",
      "harvest": {
        "kept": [
          ".canvas_sync.db",
          "debug_log.txt"
        ],
        "removed": true,
        "evidence": "C:\\Users\\birkl\\Desktop\\Canvas Downloader WORKSPACE\\_audit_runs\\20260808_223701_minimal-sync-2026-08__free2\\evidence\\rows\\s041"
      },
      "findings": 2,
      "severities": {
        "info": 2
      },
      "id": "s041",
      "seconds": 56.0
    }
  ]
}
