
=== lane office start 2026-08-08 17:11:26 ===
{
  "ok": 11,
  "lane": "office",
  "run_id": "20260808_170617_minimal-dl-sync-2026-08__office",
  "jobs": 12,
  "failed": [
    "m014"
  ],
  "results": [
    {
      "ok": true,
      "kind": "download",
      "course_id": 43665,
      "course_ids": [
        43665
      ],
      "courses": [
        {
          "course_id": 43665,
          "folder": "C:\\Users\\birkl\\Desktop\\Canvas Downloader WORKSPACE\\_audit_runs\\20260808_170617_minimal-dl-sync-2026-08__office\\downloads\\Virksomhedens økonomiske styring (1) Virksomhedens grundlæggende beslutningssituationer (LA E25 BINTO2063U)",
          "findings": 3,
          "harvest": {
            "kept": [
              ".canvas_sync.db"
            ],
            "removed": true,
            "evidence": "C:\\Users\\birkl\\Desktop\\Canvas Downloader WORKSPACE\\_audit_runs\\20260808_170617_minimal-dl-sync-2026-08__office\\evidence\\rows\\m012"
          }
        }
      ],
      "findings": 3,
      "drift": [],
      "severities": {
        "info": 3
      },
      "id": "m012",
      "seconds": 658.7
    },
    {
      "id": "m013",
      "ok": true,
      "skipped": "already done"
    },
    {
      "ok": false,
      "kind": "download",
      "course_id": 43665,
      "course_ids": [
        43665
      ],
      "courses": [
        {
          "course_id": 43665,
          "folder": "C:\\Users\\birkl\\Desktop\\Canvas Downloader WORKSPACE\\_audit_runs\\20260808_170617_minimal-dl-sync-2026-08__office\\downloads\\Virksomhedens økonomiske styring (1) Virksomhedens grundlæggende beslutningssituationer (LA E25 BINTO2063U)",
          "findings": 6,
          "harvest": {
            "kept": [
              ".canvas_sync.db"
            ],
            "removed": true,
            "evidence": "C:\\Users\\birkl\\Desktop\\Canvas Downloader WORKSPACE\\_audit_runs\\20260808_170617_minimal-dl-sync-2026-08__office\\evidence\\rows\\m014"
          }
        }
      ],
      "findings": 6,
      "drift": [],
      "severities": {
        "high": 1,
        "info": 3,
        "medium": 2
      },
      "id": "m014",
      "seconds": 468.7
    },
    {
      "ok": true,
      "kind": "download",
      "course_id": 45899,
      "course_ids": [
        45899,
        43665
      ],
      "courses": [
        {
          "course_id": 45899,
          "folder": "C:\\Users\\birkl\\Desktop\\Canvas Downloader WORKSPACE\\_audit_runs\\20260808_170617_minimal-dl-sync-2026-08__office\\downloads\\Programmering og udvikling af små systemer samt databaser (LA E25 BINTO1064U)",
          "findings": 5,
          "harvest": {
            "kept": [
              ".canvas_sync.db"
            ],
            "removed": true,
            "evidence": "C:\\Users\\birkl\\Desktop\\Canvas Downloader WORKSPACE\\_audit_runs\\20260808_170617_minimal-dl-sync-2026-08__office\\evidence\\rows\\m028_c45899"
          }
        },
        {
          "course_id": 43665,
          "folder": "C:\\Users\\birkl\\Desktop\\Canvas Downloader WORKSPACE\\_audit_runs\\20260808_170617_minimal-dl-sync-2026-08__office\\downloads\\Virksomhedens økonomiske styring (1) Virksomhedens grundlæggende beslutningssituationer (LA E25 BINTO2063U)",
          "findings": 17,
          "harvest": {
            "kept": [
              ".canvas_sync.db"
            ],
            "removed": true,
            "evidence": "C:\\Users\\birkl\\Desktop\\Canvas Downloader WORKSPACE\\_audit_runs\\20260808_170617_minimal-dl-sync-2026-08__office\\evidence\\rows\\m028_c43665"
          }
        }
      ],
      "findings": 22,
      "drift": [],
      "severities": {
        "high": 12,
        "info": 6,
        "medium": 4
      },
      "id": "m028",
      "seconds": 3846.1
    },
    {
      "ok": true,
      "kind": "download",
      "course_id": 45899,
      "course_ids": [
        45899,
        43665
      ],
      "courses": [
        {
          "course_id": 45899,
          "folder": "C:\\Users\\birkl\\Desktop\\Canvas Downloader WORKSPACE\\_audit_runs\\20260808_170617_minimal-dl-sync-2026-08__office\\downloads\\Programmering og udvikling af små systemer samt databaser (LA E25 BINTO1064U)",
          "findings": 6,
          "harvest": {
            "kept": [
              ".canvas_sync.db"
            ],
            "removed": true,
            "evidence": "C:\\Users\\birkl\\Desktop\\Canvas Downloader WORKSPACE\\_audit_runs\\20260808_170617_minimal-dl-sync-2026-08__office\\evidence\\rows\\m032_c45899"
          }
        },
        {
          "course_id": 43665,
          "folder": "C:\\Users\\birkl\\Desktop\\Canvas Downloader WORKSPACE\\_audit_runs\\20260808_170617_minimal-dl-sync-2026-08__office\\downloads\\Virksomhedens økonomiske styring (1) Virksomhedens grundlæggende beslutningssituationer (LA E25 BINTO2063U)",
          "findings": 4,
          "harvest": {
            "kept": [
              ".canvas_sync.db"
            ],
            "removed": true,
            "evidence": "C:\\Users\\birkl\\Desktop\\Canvas Downloader WORKSPACE\\_audit_runs\\20260808_170617_minimal-dl-sync-2026-08__office\\evidence\\rows\\m032_c43665"
          }
        }
      ],
      "findings": 10,
      "drift": [],
      "severities": {
        "info": 9,
        "medium": 1
      },
      "id": "m032",
      "seconds": 2497.4
    },
    {
      "ok": true,
      "kind": "download",
      "course_id": 45899,
      "course_ids": [
        45899,
        43665
      ],
      "courses": [
        {
          "course_id": 45899,
          "folder": "C:\\Users\\birkl\\Desktop\\Canvas Downloader WORKSPACE\\_audit_runs\\20260808_170617_minimal-dl-sync-2026-08__office\\downloads\\Programmering og udvikling af små systemer samt databaser (LA E25 BINTO1064U)",
          "findings": 2,
          "harvest": {
            "kept": [
              ".canvas_sync.db"
            ],
            "removed": true,
            "evidence": "C:\\Users\\birkl\\Desktop\\Canvas Downloader WORKSPACE\\_audit_runs\\20260808_170617_minimal-dl-sync-2026-08__office\\evidence\\rows\\m039_c45899"
          }
        },
        {
          "course_id": 43665,
          "folder": "C:\\Users\\birkl\\Desktop\\Canvas Downloader WORKSPACE\\_audit_runs\\20260808_170617_minimal-dl-sync-2026-08__office\\downloads\\Virksomhedens økonomiske styring (1) Virksomhedens grundlæggende beslutningssituationer (LA E25 BINTO2063U)",
          "findings": 2,
          "harvest": {
            "kept": [
              ".canvas_sync.db"
            ],
            "removed": true,
            "evidence": "C:\\Users\\birkl\\Desktop\\Canvas Downloader WORKSPACE\\_audit_runs\\20260808_170617_minimal-dl-sync-2026-08__office\\evidence\\rows\\m039_c43665"
          }
        }
      ],
      "findings": 4,
      "drift": [],
      "severities": {
        "info": 4
      },
      "id": "m039",
      "seconds": 204.9
    },
    {
      "ok": true,
      "kind": "download",
      "course_id": 43665,
      "course_ids": [
        43665
      ],
      "courses": [
        {
          "course_id": 43665,
          "folder": "C:\\Users\\birkl\\Desktop\\Canvas Downloader WORKSPACE\\_audit_runs\\20260808_170617_minimal-dl-sync-2026-08__office\\downloads\\Virksomhedens økonomiske styring (1) Virksomhedens grundlæggende beslutningssituationer (LA E25 BINTO2063U)",
          "findings": 2,
          "harvest": {
            "kept": [
              ".canvas_sync.db"
            ],
            "removed": true,
            "evidence": "C:\\Users\\birkl\\Desktop\\Canvas Downloader WORKSPACE\\_audit_runs\\20260808_170617_minimal-dl-sync-2026-08__office\\evidence\\rows\\m041"
          }
        }
      ],
      "findings": 2,
      "drift": [],
      "severities": {
        "info": 2
      },
      "id": "m041",
      "seconds": 106.7
    },
    {
      "ok": true,
      "kind": "download",
      "course_id": 43665,
      "course_ids": [
        43665,
        45899
      ],
      "courses": [
        {
          "course_id": 43665,
          "folder": "C:\\Users\\birkl\\Desktop\\Canvas Downloader WORKSPACE\\_audit_runs\\20260808_170617_minimal-dl-sync-2026-08__office\\downloads\\Virksomhedens økonomiske styring (1) Virksomhedens grundlæggende beslutningssituationer (LA E25 BINTO2063U)",
          "findings": 5,
          "harvest": {
            "kept": [
              ".canvas_sync.db"
            ],
            "removed": true,
            "evidence": "C:\\Users\\birkl\\Desktop\\Canvas Downloader WORKSPACE\\_audit_runs\\20260808_170617_minimal-dl-sync-2026-08__office\\evidence\\rows\\m042_c43665"
          }
        },
        {
          "course_id": 45899,
          "folder": "C:\\Users\\birkl\\Desktop\\Canvas Downloader WORKSPACE\\_audit_runs\\20260808_170617_minimal-dl-sync-2026-08__office\\downloads\\Programmering og udvikling af små systemer samt databaser (LA E25 BINTO1064U)",
          "findings": 5,
          "harvest": {
            "kept": [
              ".canvas_sync.db"
            ],
            "removed": true,
            "evidence": "C:\\Users\\birkl\\Desktop\\Canvas Downloader WORKSPACE\\_audit_runs\\20260808_170617_minimal-dl-sync-2026-08__office\\evidence\\rows\\m042_c45899"
          }
        }
      ],
      "findings": 10,
      "drift": [],
      "severities": {
        "info": 8,
        "medium": 2
      },
      "id": "m042",
      "seconds": 1737.0
    },
    {
      "ok": true,
      "kind": "download",
      "course_id": 43665,
      "course_ids": [
        43665,
        45899
      ],
      "courses": [
        {
          "course_id": 43665,
          "folder": "C:\\Users\\birkl\\Desktop\\Canvas Downloader WORKSPACE\\_audit_runs\\20260808_170617_minimal-dl-sync-2026-08__office\\downloads\\Virksomhedens økonomiske styring (1) Virksomhedens grundlæggende beslutningssituationer (LA E25 BINTO2063U)",
          "findings": 4,
          "harvest": {
            "kept": [
              ".canvas_sync.db"
            ],
            "removed": true,
            "evidence": "C:\\Users\\birkl\\Desktop\\Canvas Downloader WORKSPACE\\_audit_runs\\20260808_170617_minimal-dl-sync-2026-08__office\\evidence\\rows\\m044_c43665"
          }
        },
        {
          "course_id": 45899,
          "folder": "C:\\Users\\birkl\\Desktop\\Canvas Downloader WORKSPACE\\_audit_runs\\20260808_170617_minimal-dl-sync-2026-08__office\\downloads\\Programmering og udvikling af små systemer samt databaser (LA E25 BINTO1064U)",
          "findings": 3,
          "harvest": {
            "kept": [
              ".canvas_sync.db"
            ],
            "removed": true,
            "evidence": "C:\\Users\\birkl\\Desktop\\Canvas Downloader WORKSPACE\\_audit_runs\\20260808_170617_minimal-dl-sync-2026-08__office\\evidence\\rows\\m044_c45899"
          }
        }
      ],
      "findings": 7,
      "drift": [],
      "severities": {
        "info": 5,
        "medium": 2
      },
      "id": "m044",
      "seconds": 1262.9
    },
    {
      "ok": true,
      "kind": "download",
      "course_id": 43665,
      "course_ids": [
        43665,
        45899
      ],
      "courses": [
        {
          "course_id": 43665,
          "folder": "C:\\Users\\birkl\\Desktop\\Canvas Downloader WORKSPACE\\_audit_runs\\20260808_170617_minimal-dl-sync-2026-08__office\\downloads\\Virksomhedens økonomiske styring (1) Virksomhedens grundlæggende beslutningssituationer (LA E25 BINTO2063U)",
          "findings": 3,
          "harvest": {
            "kept": [
              ".canvas_sync.db"
            ],
            "removed": true,
            "evidence": "C:\\Users\\birkl\\Desktop\\Canvas Downloader WORKSPACE\\_audit_runs\\20260808_170617_minimal-dl-sync-2026-08__office\\evidence\\rows\\m048_c43665"
          }
        },
        {
          "course_id": 45899,
          "folder": "C:\\Users\\birkl\\Desktop\\Canvas Downloader WORKSPACE\\_audit_runs\\20260808_170617_minimal-dl-sync-2026-08__office\\downloads\\Programmering og udvikling af små systemer samt databaser (LA E25 BINTO1064U)",
          "findings": 3,
          "harvest": {
            "kept": [
              ".canvas_sync.db"
            ],
            "removed": true,
            "evidence": "C:\\Users\\birkl\\Desktop\\Canvas Downloader WORKSPACE\\_audit_runs\\20260808_170617_minimal-dl-sync-2026-08__office\\evidence\\rows\\m048_c45899"
          }
        }
      ],
      "findings": 6,
      "drift": [],
      "severities": {
        "info": 6
      },
      "id": "m048",
      "seconds": 1189.4
    },
    {
      "ok": true,
      "kind": "download",
      "course_id": 43665,
      "course_ids": [
        43665,
        45899
      ],
      "courses": [
        {
          "course_id": 43665,
          "folder": "C:\\Users\\birkl\\Desktop\\Canvas Downloader WORKSPACE\\_audit_runs\\20260808_170617_minimal-dl-sync-2026-08__office\\downloads\\Virksomhedens økonomiske styring (1) Virksomhedens grundlæggende beslutningssituationer (LA E25 BINTO2063U)",
          "findings": 3,
          "harvest": {
            "kept": [
              ".canvas_sync.db"
            ],
            "removed": true,
            "evidence": "C:\\Users\\birkl\\Desktop\\Canvas Downloader WORKSPACE\\_audit_runs\\20260808_170617_minimal-dl-sync-2026-08__office\\evidence\\rows\\m049_c43665"
          }
        },
        {
          "course_id": 45899,
          "folder": "C:\\Users\\birkl\\Desktop\\Canvas Downloader WORKSPACE\\_audit_runs\\20260808_170617_minimal-dl-sync-2026-08__office\\downloads\\Programmering og udvikling af små systemer samt databaser (LA E25 BINTO1064U)",
          "findings": 5,
          "harvest": {
            "kept": [
              ".canvas_sync.db"
            ],
            "removed": true,
            "evidence": "C:\\Users\\birkl\\Desktop\\Canvas Downloader WORKSPACE\\_audit_runs\\20260808_170617_minimal-dl-sync-2026-08__office\\evidence\\rows\\m049_c45899"
          }
        }
      ],
      "findings": 8,
      "drift": [],
      "severities": {
        "info": 8
      },
      "id": "m049",
      "seconds": 1756.8
    },
    {
      "ok": true,
      "kind": "download",
      "course_id": 43665,
      "course_ids": [
        43665
      ],
      "courses": [
        {
          "course_id": 43665,
          "folder": "C:\\Users\\birkl\\Desktop\\Canvas Downloader WORKSPACE\\_audit_runs\\20260808_170617_minimal-dl-sync-2026-08__office\\downloads\\Virksomhedens økonomiske styring (1) Virksomhedens grundlæggende beslutningssituationer (LA E25 BINTO2063U)",
          "findings": 3,
          "harvest": {
            "kept": [
              ".canvas_sync.db"
            ],
            "removed": true,
            "evidence": "C:\\Users\\birkl\\Desktop\\Canvas Downloader WORKSPACE\\_audit_runs\\20260808_170617_minimal-dl-sync-2026-08__office\\evidence\\rows\\m050"
          }
        }
      ],
      "findings": 3,
      "drift": [],
      "severities": {
        "info": 2,
        "medium": 1
      },
      "id": "m050",
      "seconds": 118.2
    }
  ]
}
{
  "ok": 12,
  "lane": "office",
  "run_id": "20260808_170617_minimal-dl-sync-2026-08__office",
  "jobs": 12,
  "failed": [],
  "results": [
    {
      "id": "m012",
      "ok": true,
      "skipped": "already done"
    },
    {
      "id": "m013",
      "ok": true,
      "skipped": "already done"
    },
    {
      "ok": true,
      "kind": "download",
      "course_id": 43665,
      "course_ids": [
        43665
      ],
      "courses": [
        {
          "course_id": 43665,
          "folder": "C:\\Users\\birkl\\Desktop\\Canvas Downloader WORKSPACE\\_audit_runs\\20260808_170617_minimal-dl-sync-2026-08__office\\downloads\\Virksomhedens økonomiske styring (1) Virksomhedens grundlæggende beslutningssituationer (LA E25 BINTO2063U)",
          "findings": 3,
          "harvest": {
            "kept": [
              ".canvas_sync.db"
            ],
            "removed": true,
            "evidence": "C:\\Users\\birkl\\Desktop\\Canvas Downloader WORKSPACE\\_audit_runs\\20260808_170617_minimal-dl-sync-2026-08__office\\evidence\\rows\\m014"
          }
        }
      ],
      "findings": 3,
      "drift": [],
      "severities": {
        "info": 3
      },
      "id": "m014",
      "seconds": 1871.3
    },
    {
      "id": "m028",
      "ok": true,
      "skipped": "already done"
    },
    {
      "id": "m032",
      "ok": true,
      "skipped": "already done"
    },
    {
      "id": "m039",
      "ok": true,
      "skipped": "already done"
    },
    {
      "id": "m041",
      "ok": true,
      "skipped": "already done"
    },
    {
      "id": "m042",
      "ok": true,
      "skipped": "already done"
    },
    {
      "id": "m044",
      "ok": true,
      "skipped": "already done"
    },
    {
      "id": "m048",
      "ok": true,
      "skipped": "already done"
    },
    {
      "id": "m049",
      "ok": true,
      "skipped": "already done"
    },
    {
      "id": "m050",
      "ok": true,
      "skipped": "already done"
    }
  ]
}
