
=== lane free3 start 2026-07-28 21:10:31 ===

=== lane free3 start 2026-07-28 21:22:10 ===
{
  "ok": 12,
  "lane": "free3",
  "run_id": "20260728_211019_syncmatrix__free3",
  "jobs": 14,
  "failed": [
    "s026",
    "s041"
  ],
  "results": [
    {
      "id": "s002",
      "ok": true,
      "skipped": "already done"
    },
    {
      "id": "s005",
      "ok": true,
      "skipped": "already done"
    },
    {
      "id": "s008",
      "ok": true,
      "skipped": "already done"
    },
    {
      "id": "s011",
      "ok": true,
      "skipped": "already done"
    },
    {
      "id": "s014",
      "ok": true,
      "skipped": "already done"
    },
    {
      "ok": true,
      "unpaired": {
        "pairs": 0,
        "removed": 1
      },
      "kind": "sync",
      "course_id": 45899,
      "folder": "G:\\18 AI\\ANTIGRAVITY WORKSPACES\\Canvas Downloader\\_audit_runs\\20260728_211019_syncmatrix__free3\\downloads\\Programmering og udvikling af små systemer samt databaser (LA E25 BINTO1064U)",
      "landed_on": "review",
      "harvest": {
        "kept": [
          ".canvas_sync.db",
          "debug_log.txt"
        ],
        "removed": true,
        "evidence": "G:\\18 AI\\ANTIGRAVITY WORKSPACES\\Canvas Downloader\\_audit_runs\\20260728_211019_syncmatrix__free3\\evidence\\rows\\s017"
      },
      "findings": 10,
      "severities": {
        "high": 5,
        "info": 3,
        "medium": 2
      },
      "id": "s017",
      "seconds": 371.5
    },
    {
      "ok": true,
      "unpaired": {
        "pairs": 0,
        "removed": 1
      },
      "kind": "sync",
      "course_id": 43657,
      "folder": "G:\\18 AI\\ANTIGRAVITY WORKSPACES\\Canvas Downloader\\_audit_runs\\20260728_211019_syncmatrix__free3\\downloads\\Introduction to Information Systems (LA E25 BINTO1078U)",
      "landed_on": "sync",
      "harvest": {
        "kept": [
          ".canvas_sync.db",
          "debug_log.txt"
        ],
        "removed": true,
        "evidence": "G:\\18 AI\\ANTIGRAVITY WORKSPACES\\Canvas Downloader\\_audit_runs\\20260728_211019_syncmatrix__free3\\evidence\\rows\\s020"
      },
      "findings": 7,
      "severities": {
        "critical": 2,
        "high": 1,
        "info": 2,
        "medium": 2
      },
      "id": "s020",
      "seconds": 25.6
    },
    {
      "ok": true,
      "unpaired": {
        "pairs": 0,
        "removed": 1
      },
      "kind": "sync",
      "course_id": 43657,
      "folder": "G:\\18 AI\\ANTIGRAVITY WORKSPACES\\Canvas Downloader\\_audit_runs\\20260728_211019_syncmatrix__free3\\downloads\\Introduction to Information Systems (LA E25 BINTO1078U)",
      "landed_on": "review",
      "harvest": {
        "kept": [
          ".canvas_sync.db",
          "debug_log.txt"
        ],
        "removed": true,
        "evidence": "G:\\18 AI\\ANTIGRAVITY WORKSPACES\\Canvas Downloader\\_audit_runs\\20260728_211019_syncmatrix__free3\\evidence\\rows\\s023"
      },
      "findings": 3,
      "severities": {
        "high": 1,
        "info": 1,
        "medium": 1
      },
      "id": "s023",
      "seconds": 24.2
    },
    {
      "id": "s026",
      "ok": false,
      "error": "FlowError: Review screen's sync action not clickable: {'clicked': False, 'key': 'btn_sync_selected', 'found': False, 'reason': 'no host for key btn_sync_selected'}",
      "traceback": "Traceback (most recent call last):\n  File \"G:\\18 AI\\ANTIGRAVITY WORKSPACES\\Canvas Downloader\\tests\\audit\\harness\\parallel.py\", line 524, in run_lane\n    appctl.start(rp, port=spec[\"app_port\"])\n                      ^^^^^^^^^^^^^^^^\n  File \"G:\\18 AI\\ANTIGRAVITY WORKSPACES\\Canvas Downloader\\tests\\audit\\harness\\parallel.py\", line 570, in execute\n    try:\n    \n  File \"G:\\18 AI\\ANTIGRAVITY WORKSPACES\\Canvas Downloader\\tests\\audit\\harness\\parallel.py\", line 733, in _execute_sync\n    # that is unticked by design. Ask the DOM rather than assume.\n  File \"G:\\18 AI\\ANTIGRAVITY WORKSPACES\\Canvas Downloader\\tests\\audit\\harness\\flows.py\", line 550, in confirm\n    raise FlowError(f\"Review screen's sync action not clickable: {r}\")\ntests.audit.harness.flows.FlowError: Review screen's sync action not clickable: {'clicked': False, 'key': 'btn_sync_selected', 'found': False, 'reason': 'no host for key btn_sync_selected'}\n",
      "seconds": 13.2
    },
    {
      "ok": true,
      "unpaired": {
        "pairs": 0,
        "removed": 1
      },
      "kind": "sync",
      "course_id": 43657,
      "folder": "G:\\18 AI\\ANTIGRAVITY WORKSPACES\\Canvas Downloader\\_audit_runs\\20260728_211019_syncmatrix__free3\\downloads\\Introduction to Information Systems (LA E25 BINTO1078U)",
      "landed_on": "review",
      "harvest": {
        "kept": [
          ".canvas_sync.db",
          "debug_log.txt"
        ],
        "removed": true,
        "evidence": "G:\\18 AI\\ANTIGRAVITY WORKSPACES\\Canvas Downloader\\_audit_runs\\20260728_211019_syncmatrix__free3\\evidence\\rows\\s029"
      },
      "findings": 1,
      "severities": {
        "info": 1
      },
      "id": "s029",
      "seconds": 54.1
    },
    {
      "ok": true,
      "unpaired": {
        "pairs": 0,
        "removed": 1
      },
      "kind": "sync",
      "course_id": 43657,
      "folder": "G:\\18 AI\\ANTIGRAVITY WORKSPACES\\Canvas Downloader\\_audit_runs\\20260728_211019_syncmatrix__free3\\downloads\\Introduction to Information Systems (LA E25 BINTO1078U)",
      "landed_on": "complete",
      "harvest": {
        "kept": [
          ".canvas_sync.db",
          "debug_log.txt"
        ],
        "removed": true,
        "evidence": "G:\\18 AI\\ANTIGRAVITY WORKSPACES\\Canvas Downloader\\_audit_runs\\20260728_211019_syncmatrix__free3\\evidence\\rows\\s032"
      },
      "findings": 1,
      "severities": {
        "info": 1
      },
      "id": "s032",
      "seconds": 23.9
    },
    {
      "ok": true,
      "unpaired": {
        "pairs": 0,
        "removed": 1
      },
      "kind": "sync",
      "course_id": 43657,
      "folder": "G:\\18 AI\\ANTIGRAVITY WORKSPACES\\Canvas Downloader\\_audit_runs\\20260728_211019_syncmatrix__free3\\downloads\\Introduction to Information Systems (LA E25 BINTO1078U)",
      "landed_on": "review",
      "harvest": {
        "kept": [
          ".canvas_sync.db",
          "debug_log.txt"
        ],
        "removed": true,
        "evidence": "G:\\18 AI\\ANTIGRAVITY WORKSPACES\\Canvas Downloader\\_audit_runs\\20260728_211019_syncmatrix__free3\\evidence\\rows\\s035"
      },
      "findings": 4,
      "severities": {
        "high": 1,
        "info": 1,
        "medium": 2
      },
      "id": "s035",
      "seconds": 21.8
    },
    {
      "ok": true,
      "unpaired": {
        "pairs": 0,
        "removed": 1
      },
      "kind": "sync",
      "course_id": 43657,
      "folder": "G:\\18 AI\\ANTIGRAVITY WORKSPACES\\Canvas Downloader\\_audit_runs\\20260728_211019_syncmatrix__free3\\downloads\\Introduction to Information Systems (LA E25 BINTO1078U)",
      "landed_on": "complete",
      "harvest": {
        "kept": [
          ".canvas_sync.db",
          "debug_log.txt"
        ],
        "removed": "PermissionError: [WinError 32] Processen kan ikke få adgang til filen, da den bruges af en anden proces: '\\\\\\\\?\\\\G:\\\\18 AI\\\\ANTIGRAVITY WORKSPACES\\\\Canvas Downloader\\\\_audit_runs\\\\20260728_211019_syncmatrix__free3\\\\downloads\\\\Introduction to Information Systems (LA E25 BINTO1078U)\\\\.canvas_sync.db'",
        "evidence": "G:\\18 AI\\ANTIGRAVITY WORKSPACES\\Canvas Downloader\\_audit_runs\\20260728_211019_syncmatrix__free3\\evidence\\rows\\s038"
      },
      "findings": 1,
      "severities": {
        "info": 1
      },
      "id": "s038",
      "seconds": 17.2
    },
    {
      "id": "s041",
      "ok": false,
      "error": "PermissionError: [WinError 32] Processen kan ikke få adgang til filen, da den bruges af en anden proces: '\\\\\\\\?\\\\G:\\\\18 AI\\\\ANTIGRAVITY WORKSPACES\\\\Canvas Downloader\\\\_audit_runs\\\\20260728_211019_syncmatrix__free3\\\\downloads\\\\Introduction to Information Systems (LA E25 BINTO1078U)\\\\.canvas_sync.db'",
      "traceback": "Traceback (most recent call last):\n  File \"G:\\18 AI\\ANTIGRAVITY WORKSPACES\\Canvas Downloader\\tests\\audit\\harness\\parallel.py\", line 524, in run_lane\n    appctl.start(rp, port=spec[\"app_port\"])\n                      ^^^^^^^^^^^^^^^^\n  File \"G:\\18 AI\\ANTIGRAVITY WORKSPACES\\Canvas Downloader\\tests\\audit\\harness\\parallel.py\", line 570, in execute\n    try:\n    \n  File \"G:\\18 AI\\ANTIGRAVITY WORKSPACES\\Canvas Downloader\\tests\\audit\\harness\\parallel.py\", line 675, in _execute_sync\n  File \"G:\\18 AI\\ANTIGRAVITY WORKSPACES\\Canvas Downloader\\tests\\audit\\harness\\snapshot.py\", line 359, in restore\n    _rmtree(dest)\n    ~~~~~~~^^^^^^\n  File \"G:\\18 AI\\ANTIGRAVITY WORKSPACES\\Canvas Downloader\\tests\\audit\\harness\\snapshot.py\", line 147, in _rmtree\n    shutil.rmtree(_lp(path), ignore_errors=False)\n    ~~~~~~~~~~~~~^^^^^^^^^^^^^^^^^^^^^^^^^^^^^^^^\n  File \"C:\\Python313\\Lib\\shutil.py\", line 790, in rmtree\n    return _rmtree_unsafe(path, onexc)\n  File \"C:\\Python313\\Lib\\shutil.py\", line 629, in _rmtree_unsafe\n    onexc(os.unlink, fullname, err)\n    ~~~~~^^^^^^^^^^^^^^^^^^^^^^^^^^\n  File \"C:\\Python313\\Lib\\shutil.py\", line 625, in _rmtree_unsafe\n    os.unlink(fullname)\n    ~~~~~~~~~^^^^^^^^^^\nPermissionError: [WinError 32] Processen kan ikke få adgang til filen, da den bruges af en anden proces: '\\\\\\\\?\\\\G:\\\\18 AI\\\\ANTIGRAVITY WORKSPACES\\\\Canvas Downloader\\\\_audit_runs\\\\20260728_211019_syncmatrix__free3\\\\downloads\\\\Introduction to Information Systems (LA E25 BINTO1078U)\\\\.canvas_sync.db'\n",
      "seconds": 0.0
    }
  ]
}

=== lane free3 start 2026-07-28 21:33:35 ===
node:events:487
      throw er; // Unhandled 'error' event
      ^

Error: EPIPE: broken pipe, write
    at Socket._write (node:internal/net:75:18)
    at writeOrBuffer (node:internal/streams/writable:570:12)
    at _write (node:internal/streams/writable:499:10)
    at Writable.write (node:internal/streams/writable:508:10)
    at PipeTransport.send (C:\Users\birkl\AppData\Roaming\Python\Python313\site-packages\playwright\driver\package\lib\coreBundle.js:34370:25)
    at dispatcherConnection.onmessage (C:\Users\birkl\AppData\Roaming\Python\Python313\site-packages\playwright\driver\package\lib\coreBundle.js:67801:59)
    at DispatcherConnection.sendEvent (C:\Users\birkl\AppData\Roaming\Python\Python313\site-packages\playwright\driver\package\lib\coreBundle.js:18281:14)
    at WebSocketDispatcher._dispatchEvent (C:\Users\birkl\AppData\Roaming\Python\Python313\site-packages\playwright\driver\package\lib\coreBundle.js:18214:25)
    at _WebSocket.<anonymous> (C:\Users\birkl\AppData\Roaming\Python\Python313\site-packages\playwright\driver\package\lib\coreBundle.js:53704:80)
    at _WebSocket.emit (node:events:509:28)
Emitted 'error' event on Socket instance at:
    at emitErrorNT (node:internal/streams/destroy:170:8)
    at emitErrorCloseNT (node:internal/streams/destroy:129:3)
    at process.processTicksAndRejections (node:internal/process/task_queues:90:21) {
  errno: -4047,
  syscall: 'write',
  code: 'EPIPE'
}

Node.js v24.17.0

=== lane free3 start 2026-07-28 21:35:10 ===
{
  "ok": 14,
  "lane": "free3",
  "run_id": "20260728_211019_syncmatrix__free3",
  "jobs": 14,
  "failed": [],
  "results": [
    {
      "id": "s002",
      "ok": true,
      "skipped": "already done"
    },
    {
      "id": "s005",
      "ok": true,
      "skipped": "already done"
    },
    {
      "id": "s008",
      "ok": true,
      "skipped": "already done"
    },
    {
      "id": "s011",
      "ok": true,
      "skipped": "already done"
    },
    {
      "id": "s014",
      "ok": true,
      "skipped": "already done"
    },
    {
      "id": "s017",
      "ok": true,
      "skipped": "already done"
    },
    {
      "id": "s020",
      "ok": true,
      "skipped": "already done"
    },
    {
      "id": "s023",
      "ok": true,
      "skipped": "already done"
    },
    {
      "ok": true,
      "unpaired": {
        "pairs": 0,
        "removed": 1
      },
      "kind": "sync",
      "course_id": 43657,
      "folder": "G:\\18 AI\\ANTIGRAVITY WORKSPACES\\Canvas Downloader\\_audit_runs\\20260728_211019_syncmatrix__free3\\downloads\\Introduction to Information Systems (LA E25 BINTO1078U)",
      "landed_on": "review",
      "harvest": {
        "kept": [
          ".canvas_sync.db",
          "debug_log.txt"
        ],
        "removed": true,
        "evidence": "G:\\18 AI\\ANTIGRAVITY WORKSPACES\\Canvas Downloader\\_audit_runs\\20260728_211019_syncmatrix__free3\\evidence\\rows\\s026"
      },
      "findings": 1,
      "severities": {
        "info": 1
      },
      "id": "s026",
      "seconds": 39.8
    },
    {
      "id": "s029",
      "ok": true,
      "skipped": "already done"
    },
    {
      "id": "s032",
      "ok": true,
      "skipped": "already done"
    },
    {
      "id": "s035",
      "ok": true,
      "skipped": "already done"
    },
    {
      "id": "s038",
      "ok": true,
      "skipped": "already done"
    },
    {
      "ok": true,
      "unpaired": {
        "pairs": 0,
        "removed": 1
      },
      "kind": "sync",
      "course_id": 43657,
      "folder": "G:\\18 AI\\ANTIGRAVITY WORKSPACES\\Canvas Downloader\\_audit_runs\\20260728_211019_syncmatrix__free3\\downloads\\Introduction to Information Systems (LA E25 BINTO1078U)",
      "landed_on": "review",
      "harvest": {
        "kept": [
          ".canvas_sync.db",
          "debug_log.txt"
        ],
        "removed": true,
        "evidence": "G:\\18 AI\\ANTIGRAVITY WORKSPACES\\Canvas Downloader\\_audit_runs\\20260728_211019_syncmatrix__free3\\evidence\\rows\\s041"
      },
      "findings": 3,
      "severities": {
        "info": 1,
        "medium": 2
      },
      "id": "s041",
      "seconds": 24.0
    }
  ]
}
