
=== lane free1 start 2026-08-05 22:16:50 ===
{
  "ok": 22,
  "lane": "free1",
  "run_id": "20260805_220433_sync-matrix__free1",
  "jobs": 22,
  "failed": [],
  "results": [
    {
      "ok": true,
      "unpaired": {
        "pairs": 0,
        "removed": 1
      },
      "kind": "sync",
      "course_id": 45899,
      "folder": "C:\\Users\\birkl\\Desktop\\Canvas Downloader WORKSPACE\\_audit_runs\\20260805_220433_sync-matrix__free1\\downloads\\Programmering og udvikling af små systemer samt databaser (LA E25 BINTO1064U)",
      "landed_on": "complete",
      "harvest": {
        "kept": [
          ".canvas_sync.db",
          "debug_log.txt"
        ],
        "removed": true,
        "evidence": "C:\\Users\\birkl\\Desktop\\Canvas Downloader WORKSPACE\\_audit_runs\\20260805_220433_sync-matrix__free1\\evidence\\rows\\s000"
      },
      "findings": 2,
      "severities": {
        "info": 2
      },
      "id": "s000",
      "seconds": 80.6
    },
    {
      "ok": true,
      "unpaired": {
        "pairs": 0,
        "removed": 1
      },
      "kind": "sync",
      "course_id": 45899,
      "folder": "C:\\Users\\birkl\\Desktop\\Canvas Downloader WORKSPACE\\_audit_runs\\20260805_220433_sync-matrix__free1\\downloads\\Programmering og udvikling af små systemer samt databaser (LA E25 BINTO1064U)",
      "landed_on": "review",
      "harvest": {
        "kept": [
          ".canvas_sync.db",
          "debug_log.txt"
        ],
        "removed": true,
        "evidence": "C:\\Users\\birkl\\Desktop\\Canvas Downloader WORKSPACE\\_audit_runs\\20260805_220433_sync-matrix__free1\\evidence\\rows\\s002"
      },
      "findings": 2,
      "severities": {
        "info": 2
      },
      "id": "s002",
      "seconds": 72.8
    },
    {
      "ok": true,
      "unpaired": {
        "pairs": 0,
        "removed": 1
      },
      "kind": "sync",
      "course_id": 45899,
      "folder": "C:\\Users\\birkl\\Desktop\\Canvas Downloader WORKSPACE\\_audit_runs\\20260805_220433_sync-matrix__free1\\downloads\\Programmering og udvikling af små systemer samt databaser (LA E25 BINTO1064U)",
      "landed_on": "review",
      "harvest": {
        "kept": [
          ".canvas_sync.db",
          "debug_log.txt"
        ],
        "removed": true,
        "evidence": "C:\\Users\\birkl\\Desktop\\Canvas Downloader WORKSPACE\\_audit_runs\\20260805_220433_sync-matrix__free1\\evidence\\rows\\s004"
      },
      "findings": 2,
      "severities": {
        "info": 2
      },
      "id": "s004",
      "seconds": 93.8
    },
    {
      "ok": true,
      "unpaired": {
        "pairs": 0,
        "removed": 1
      },
      "kind": "sync",
      "course_id": 45899,
      "folder": "C:\\Users\\birkl\\Desktop\\Canvas Downloader WORKSPACE\\_audit_runs\\20260805_220433_sync-matrix__free1\\downloads\\Programmering og udvikling af små systemer samt databaser (LA E25 BINTO1064U)",
      "landed_on": "review",
      "harvest": {
        "kept": [
          ".canvas_sync.db",
          "debug_log.txt"
        ],
        "removed": true,
        "evidence": "C:\\Users\\birkl\\Desktop\\Canvas Downloader WORKSPACE\\_audit_runs\\20260805_220433_sync-matrix__free1\\evidence\\rows\\s006"
      },
      "findings": 2,
      "severities": {
        "info": 2
      },
      "id": "s006",
      "seconds": 90.8
    },
    {
      "ok": true,
      "unpaired": {
        "pairs": 0,
        "removed": 1
      },
      "kind": "sync",
      "course_id": 45899,
      "folder": "C:\\Users\\birkl\\Desktop\\Canvas Downloader WORKSPACE\\_audit_runs\\20260805_220433_sync-matrix__free1\\downloads\\Programmering og udvikling af små systemer samt databaser (LA E25 BINTO1064U)",
      "landed_on": "complete",
      "harvest": {
        "kept": [
          ".canvas_sync.db",
          "debug_log.txt"
        ],
        "removed": true,
        "evidence": "C:\\Users\\birkl\\Desktop\\Canvas Downloader WORKSPACE\\_audit_runs\\20260805_220433_sync-matrix__free1\\evidence\\rows\\s008"
      },
      "findings": 2,
      "severities": {
        "info": 2
      },
      "id": "s008",
      "seconds": 66.6
    },
    {
      "ok": true,
      "unpaired": {
        "pairs": 0,
        "removed": 1
      },
      "kind": "sync",
      "course_id": 45899,
      "folder": "C:\\Users\\birkl\\Desktop\\Canvas Downloader WORKSPACE\\_audit_runs\\20260805_220433_sync-matrix__free1\\downloads\\Programmering og udvikling af små systemer samt databaser (LA E25 BINTO1064U)",
      "landed_on": "complete",
      "harvest": {
        "kept": [
          ".canvas_sync.db",
          "debug_log.txt"
        ],
        "removed": true,
        "evidence": "C:\\Users\\birkl\\Desktop\\Canvas Downloader WORKSPACE\\_audit_runs\\20260805_220433_sync-matrix__free1\\evidence\\rows\\s010"
      },
      "findings": 2,
      "severities": {
        "info": 2
      },
      "id": "s010",
      "seconds": 56.1
    },
    {
      "ok": true,
      "unpaired": {
        "pairs": 0,
        "removed": 1
      },
      "kind": "sync",
      "course_id": 45899,
      "folder": "C:\\Users\\birkl\\Desktop\\Canvas Downloader WORKSPACE\\_audit_runs\\20260805_220433_sync-matrix__free1\\downloads\\Programmering og udvikling af små systemer samt databaser (LA E25 BINTO1064U)",
      "landed_on": "complete",
      "harvest": {
        "kept": [
          ".canvas_sync.db",
          "debug_log.txt"
        ],
        "removed": true,
        "evidence": "C:\\Users\\birkl\\Desktop\\Canvas Downloader WORKSPACE\\_audit_runs\\20260805_220433_sync-matrix__free1\\evidence\\rows\\s012"
      },
      "findings": 2,
      "severities": {
        "info": 2
      },
      "id": "s012",
      "seconds": 72.0
    },
    {
      "ok": true,
      "unpaired": {
        "pairs": 0,
        "removed": 1
      },
      "kind": "sync",
      "course_id": 45899,
      "folder": "C:\\Users\\birkl\\Desktop\\Canvas Downloader WORKSPACE\\_audit_runs\\20260805_220433_sync-matrix__free1\\downloads\\Programmering og udvikling af små systemer samt databaser (LA E25 BINTO1064U)",
      "landed_on": "complete",
      "harvest": {
        "kept": [
          ".canvas_sync.db",
          "debug_log.txt"
        ],
        "removed": true,
        "evidence": "C:\\Users\\birkl\\Desktop\\Canvas Downloader WORKSPACE\\_audit_runs\\20260805_220433_sync-matrix__free1\\evidence\\rows\\s014"
      },
      "findings": 2,
      "severities": {
        "info": 2
      },
      "id": "s014",
      "seconds": 61.6
    },
    {
      "ok": true,
      "unpaired": {
        "pairs": 0,
        "removed": 1
      },
      "kind": "sync",
      "course_id": 45899,
      "folder": "C:\\Users\\birkl\\Desktop\\Canvas Downloader WORKSPACE\\_audit_runs\\20260805_220433_sync-matrix__free1\\downloads\\Programmering og udvikling af små systemer samt databaser (LA E25 BINTO1064U)",
      "landed_on": "complete",
      "harvest": {
        "kept": [
          ".canvas_sync.db",
          "debug_log.txt"
        ],
        "removed": true,
        "evidence": "C:\\Users\\birkl\\Desktop\\Canvas Downloader WORKSPACE\\_audit_runs\\20260805_220433_sync-matrix__free1\\evidence\\rows\\s016"
      },
      "findings": 2,
      "severities": {
        "info": 2
      },
      "id": "s016",
      "seconds": 69.9
    },
    {
      "ok": true,
      "unpaired": {
        "pairs": 0,
        "removed": 1
      },
      "kind": "sync",
      "course_id": 45899,
      "folder": "C:\\Users\\birkl\\Desktop\\Canvas Downloader WORKSPACE\\_audit_runs\\20260805_220433_sync-matrix__free1\\downloads\\Programmering og udvikling af små systemer samt databaser (LA E25 BINTO1064U)",
      "landed_on": "sync",
      "harvest": {
        "kept": [
          ".canvas_sync.db",
          "debug_log.txt"
        ],
        "removed": true,
        "evidence": "C:\\Users\\birkl\\Desktop\\Canvas Downloader WORKSPACE\\_audit_runs\\20260805_220433_sync-matrix__free1\\evidence\\rows\\s018"
      },
      "findings": 2,
      "severities": {
        "info": 2
      },
      "id": "s018",
      "seconds": 95.7
    },
    {
      "ok": true,
      "unpaired": {
        "pairs": 0,
        "removed": 1
      },
      "kind": "sync",
      "course_id": 45899,
      "folder": "C:\\Users\\birkl\\Desktop\\Canvas Downloader WORKSPACE\\_audit_runs\\20260805_220433_sync-matrix__free1\\downloads\\Programmering og udvikling af små systemer samt databaser (LA E25 BINTO1064U)",
      "landed_on": "sync",
      "harvest": {
        "kept": [
          ".canvas_sync.db",
          "debug_log.txt"
        ],
        "removed": true,
        "evidence": "C:\\Users\\birkl\\Desktop\\Canvas Downloader WORKSPACE\\_audit_runs\\20260805_220433_sync-matrix__free1\\evidence\\rows\\s020"
      },
      "findings": 3,
      "severities": {
        "info": 3
      },
      "id": "s020",
      "seconds": 79.1
    },
    {
      "ok": true,
      "unpaired": {
        "pairs": 0,
        "removed": 1
      },
      "kind": "sync",
      "course_id": 45899,
      "folder": "C:\\Users\\birkl\\Desktop\\Canvas Downloader WORKSPACE\\_audit_runs\\20260805_220433_sync-matrix__free1\\downloads\\Programmering og udvikling af små systemer samt databaser (LA E25 BINTO1064U)",
      "landed_on": "review",
      "harvest": {
        "kept": [
          ".canvas_sync.db",
          "debug_log.txt"
        ],
        "removed": true,
        "evidence": "C:\\Users\\birkl\\Desktop\\Canvas Downloader WORKSPACE\\_audit_runs\\20260805_220433_sync-matrix__free1\\evidence\\rows\\s022"
      },
      "findings": 2,
      "severities": {
        "info": 2
      },
      "id": "s022",
      "seconds": 90.3
    },
    {
      "ok": true,
      "unpaired": {
        "pairs": 0,
        "removed": 1
      },
      "kind": "sync",
      "course_id": 45899,
      "folder": "C:\\Users\\birkl\\Desktop\\Canvas Downloader WORKSPACE\\_audit_runs\\20260805_220433_sync-matrix__free1\\downloads\\Programmering og udvikling af små systemer samt databaser (LA E25 BINTO1064U)",
      "landed_on": "complete",
      "harvest": {
        "kept": [
          ".canvas_sync.db",
          "debug_log.txt"
        ],
        "removed": true,
        "evidence": "C:\\Users\\birkl\\Desktop\\Canvas Downloader WORKSPACE\\_audit_runs\\20260805_220433_sync-matrix__free1\\evidence\\rows\\s024"
      },
      "findings": 3,
      "severities": {
        "info": 2,
        "medium": 1
      },
      "id": "s024",
      "seconds": 73.5
    },
    {
      "ok": true,
      "unpaired": {
        "pairs": 0,
        "removed": 1
      },
      "kind": "sync",
      "course_id": 45899,
      "folder": "C:\\Users\\birkl\\Desktop\\Canvas Downloader WORKSPACE\\_audit_runs\\20260805_220433_sync-matrix__free1\\downloads\\Programmering og udvikling af små systemer samt databaser (LA E25 BINTO1064U)",
      "landed_on": "review",
      "harvest": {
        "kept": [
          ".canvas_sync.db",
          "debug_log.txt"
        ],
        "removed": true,
        "evidence": "C:\\Users\\birkl\\Desktop\\Canvas Downloader WORKSPACE\\_audit_runs\\20260805_220433_sync-matrix__free1\\evidence\\rows\\s026"
      },
      "findings": 3,
      "severities": {
        "info": 3
      },
      "id": "s026",
      "seconds": 92.8
    },
    {
      "ok": true,
      "unpaired": {
        "pairs": 0,
        "removed": 1
      },
      "kind": "sync",
      "course_id": 45899,
      "folder": "C:\\Users\\birkl\\Desktop\\Canvas Downloader WORKSPACE\\_audit_runs\\20260805_220433_sync-matrix__free1\\downloads\\Programmering og udvikling af små systemer samt databaser (LA E25 BINTO1064U)",
      "landed_on": "complete",
      "harvest": {
        "kept": [
          ".canvas_sync.db",
          "debug_log.txt"
        ],
        "removed": true,
        "evidence": "C:\\Users\\birkl\\Desktop\\Canvas Downloader WORKSPACE\\_audit_runs\\20260805_220433_sync-matrix__free1\\evidence\\rows\\s028"
      },
      "findings": 2,
      "severities": {
        "info": 2
      },
      "id": "s028",
      "seconds": 67.7
    },
    {
      "ok": true,
      "unpaired": {
        "pairs": 0,
        "removed": 1
      },
      "kind": "sync",
      "course_id": 45899,
      "folder": "C:\\Users\\birkl\\Desktop\\Canvas Downloader WORKSPACE\\_audit_runs\\20260805_220433_sync-matrix__free1\\downloads\\Programmering og udvikling af små systemer samt databaser (LA E25 BINTO1064U)",
      "landed_on": "review",
      "harvest": {
        "kept": [
          ".canvas_sync.db",
          "debug_log.txt"
        ],
        "removed": true,
        "evidence": "C:\\Users\\birkl\\Desktop\\Canvas Downloader WORKSPACE\\_audit_runs\\20260805_220433_sync-matrix__free1\\evidence\\rows\\s030"
      },
      "findings": 2,
      "severities": {
        "info": 2
      },
      "id": "s030",
      "seconds": 73.5
    },
    {
      "ok": true,
      "unpaired": {
        "pairs": 0,
        "removed": 1
      },
      "kind": "sync",
      "course_id": 45899,
      "folder": "C:\\Users\\birkl\\Desktop\\Canvas Downloader WORKSPACE\\_audit_runs\\20260805_220433_sync-matrix__free1\\downloads\\Programmering og udvikling af små systemer samt databaser (LA E25 BINTO1064U)",
      "landed_on": "complete",
      "harvest": {
        "kept": [
          ".canvas_sync.db",
          "debug_log.txt"
        ],
        "removed": true,
        "evidence": "C:\\Users\\birkl\\Desktop\\Canvas Downloader WORKSPACE\\_audit_runs\\20260805_220433_sync-matrix__free1\\evidence\\rows\\s032"
      },
      "findings": 2,
      "severities": {
        "info": 2
      },
      "id": "s032",
      "seconds": 72.2
    },
    {
      "ok": true,
      "unpaired": {
        "pairs": 0,
        "removed": 1
      },
      "kind": "sync",
      "course_id": 45899,
      "folder": "C:\\Users\\birkl\\Desktop\\Canvas Downloader WORKSPACE\\_audit_runs\\20260805_220433_sync-matrix__free1\\downloads\\Programmering og udvikling af små systemer samt databaser (LA E25 BINTO1064U)",
      "landed_on": "review",
      "harvest": {
        "kept": [
          ".canvas_sync.db",
          "debug_log.txt"
        ],
        "removed": true,
        "evidence": "C:\\Users\\birkl\\Desktop\\Canvas Downloader WORKSPACE\\_audit_runs\\20260805_220433_sync-matrix__free1\\evidence\\rows\\s034"
      },
      "findings": 2,
      "severities": {
        "info": 2
      },
      "id": "s034",
      "seconds": 60.3
    },
    {
      "ok": true,
      "unpaired": {
        "pairs": 0,
        "removed": 1
      },
      "kind": "sync",
      "course_id": 45899,
      "folder": "C:\\Users\\birkl\\Desktop\\Canvas Downloader WORKSPACE\\_audit_runs\\20260805_220433_sync-matrix__free1\\downloads\\Programmering og udvikling af små systemer samt databaser (LA E25 BINTO1064U)",
      "landed_on": "sync",
      "harvest": {
        "kept": [
          ".canvas_sync.db",
          "debug_log.txt"
        ],
        "removed": true,
        "evidence": "C:\\Users\\birkl\\Desktop\\Canvas Downloader WORKSPACE\\_audit_runs\\20260805_220433_sync-matrix__free1\\evidence\\rows\\s036"
      },
      "findings": 3,
      "severities": {
        "info": 3
      },
      "id": "s036",
      "seconds": 70.1
    },
    {
      "ok": true,
      "unpaired": {
        "pairs": 0,
        "removed": 1
      },
      "kind": "sync",
      "course_id": 45899,
      "folder": "C:\\Users\\birkl\\Desktop\\Canvas Downloader WORKSPACE\\_audit_runs\\20260805_220433_sync-matrix__free1\\downloads\\Programmering og udvikling af små systemer samt databaser (LA E25 BINTO1064U)",
      "landed_on": "complete",
      "harvest": {
        "kept": [
          ".canvas_sync.db",
          "debug_log.txt"
        ],
        "removed": true,
        "evidence": "C:\\Users\\birkl\\Desktop\\Canvas Downloader WORKSPACE\\_audit_runs\\20260805_220433_sync-matrix__free1\\evidence\\rows\\s038"
      },
      "findings": 2,
      "severities": {
        "info": 2
      },
      "id": "s038",
      "seconds": 57.9
    },
    {
      "ok": true,
      "unpaired": {
        "pairs": 0,
        "removed": 1
      },
      "kind": "sync",
      "course_id": 45899,
      "folder": "C:\\Users\\birkl\\Desktop\\Canvas Downloader WORKSPACE\\_audit_runs\\20260805_220433_sync-matrix__free1\\downloads\\Programmering og udvikling af små systemer samt databaser (LA E25 BINTO1064U)",
      "landed_on": "complete",
      "harvest": {
        "kept": [
          ".canvas_sync.db",
          "debug_log.txt"
        ],
        "removed": true,
        "evidence": "C:\\Users\\birkl\\Desktop\\Canvas Downloader WORKSPACE\\_audit_runs\\20260805_220433_sync-matrix__free1\\evidence\\rows\\s040"
      },
      "findings": 2,
      "severities": {
        "info": 2
      },
      "id": "s040",
      "seconds": 63.9
    },
    {
      "ok": true,
      "unpaired": {
        "pairs": 0,
        "removed": 1
      },
      "kind": "sync",
      "course_id": 45899,
      "folder": "C:\\Users\\birkl\\Desktop\\Canvas Downloader WORKSPACE\\_audit_runs\\20260805_220433_sync-matrix__free1\\downloads\\Programmering og udvikling af små systemer samt databaser (LA E25 BINTO1064U)",
      "landed_on": "complete",
      "harvest": {
        "kept": [
          ".canvas_sync.db",
          "debug_log.txt"
        ],
        "removed": true,
        "evidence": "C:\\Users\\birkl\\Desktop\\Canvas Downloader WORKSPACE\\_audit_runs\\20260805_220433_sync-matrix__free1\\evidence\\rows\\s042"
      },
      "findings": 2,
      "severities": {
        "info": 2
      },
      "id": "s042",
      "seconds": 70.6
    }
  ]
}
