
=== lane free1 start 2026-08-05 15:49:14 ===

=== lane free1 start 2026-08-05 16:03:39 ===

=== lane free1 start 2026-08-05 16:09:41 ===

=== lane free1 start 2026-08-05 16:16:43 ===

=== lane free1 start 2026-08-05 16:21:55 ===

=== lane free1 start 2026-08-05 17:21:19 ===
{
  "ok": 27,
  "lane": "free1",
  "run_id": "20260805_154112_matrix-dl__free1",
  "jobs": 27,
  "failed": [],
  "results": [
    {
      "id": "m000",
      "ok": true,
      "skipped": "already done"
    },
    {
      "id": "m001",
      "ok": true,
      "skipped": "already done"
    },
    {
      "id": "m002",
      "ok": true,
      "skipped": "already done"
    },
    {
      "id": "m003",
      "ok": true,
      "skipped": "already done"
    },
    {
      "id": "m004",
      "ok": true,
      "skipped": "already done"
    },
    {
      "ok": true,
      "kind": "download",
      "course_id": 45899,
      "course_ids": [
        45899
      ],
      "courses": [
        {
          "course_id": 45899,
          "folder": "C:\\Users\\birkl\\Desktop\\Canvas Downloader WORKSPACE\\_audit_runs\\20260805_154112_matrix-dl__free1\\downloads\\Programmering og udvikling af små systemer samt databaser (LA E25 BINTO1064U)",
          "findings": 5,
          "harvest": {
            "kept": [
              ".canvas_sync.db"
            ],
            "removed": true,
            "evidence": "C:\\Users\\birkl\\Desktop\\Canvas Downloader WORKSPACE\\_audit_runs\\20260805_154112_matrix-dl__free1\\evidence\\rows\\m005"
          }
        }
      ],
      "findings": 5,
      "drift": [],
      "severities": {
        "info": 5
      },
      "id": "m005",
      "seconds": 1656.2
    },
    {
      "ok": true,
      "kind": "download",
      "course_id": 43665,
      "course_ids": [
        43665
      ],
      "courses": [
        {
          "course_id": 43665,
          "folder": "C:\\Users\\birkl\\Desktop\\Canvas Downloader WORKSPACE\\_audit_runs\\20260805_154112_matrix-dl__free1\\downloads\\Virksomhedens økonomiske styring (1) Virksomhedens grundlæggende beslutningssituationer (LA E25 BINTO2063U)",
          "findings": 3,
          "harvest": {
            "kept": [
              ".canvas_sync.db"
            ],
            "removed": true,
            "evidence": "C:\\Users\\birkl\\Desktop\\Canvas Downloader WORKSPACE\\_audit_runs\\20260805_154112_matrix-dl__free1\\evidence\\rows\\m009"
          }
        }
      ],
      "findings": 3,
      "drift": [],
      "severities": {
        "info": 3
      },
      "id": "m009",
      "seconds": 145.7
    },
    {
      "ok": true,
      "kind": "download",
      "course_id": 45899,
      "course_ids": [
        45899
      ],
      "courses": [
        {
          "course_id": 45899,
          "folder": "C:\\Users\\birkl\\Desktop\\Canvas Downloader WORKSPACE\\_audit_runs\\20260805_154112_matrix-dl__free1\\downloads\\Programmering og udvikling af små systemer samt databaser (LA E25 BINTO1064U)",
          "findings": 3,
          "harvest": {
            "kept": [
              ".canvas_sync.db"
            ],
            "removed": true,
            "evidence": "C:\\Users\\birkl\\Desktop\\Canvas Downloader WORKSPACE\\_audit_runs\\20260805_154112_matrix-dl__free1\\evidence\\rows\\m010"
          }
        }
      ],
      "findings": 3,
      "drift": [],
      "severities": {
        "info": 3
      },
      "id": "m010",
      "seconds": 268.8
    },
    {
      "ok": true,
      "kind": "download",
      "course_id": 43667,
      "course_ids": [
        43667
      ],
      "courses": [
        {
          "course_id": 43667,
          "folder": "C:\\Users\\birkl\\Desktop\\Canvas Downloader WORKSPACE\\_audit_runs\\20260805_154112_matrix-dl__free1\\downloads\\BINT 1st semester (LA E25 BINTS1SEMU)",
          "findings": 1,
          "harvest": {
            "kept": [
              ".canvas_sync.db"
            ],
            "removed": true,
            "evidence": "C:\\Users\\birkl\\Desktop\\Canvas Downloader WORKSPACE\\_audit_runs\\20260805_154112_matrix-dl__free1\\evidence\\rows\\m011"
          }
        }
      ],
      "findings": 1,
      "drift": [],
      "severities": {
        "info": 1
      },
      "id": "m011",
      "seconds": 950.9
    },
    {
      "ok": true,
      "kind": "download",
      "course_id": 43667,
      "course_ids": [
        43667
      ],
      "courses": [
        {
          "course_id": 43667,
          "folder": "C:\\Users\\birkl\\Desktop\\Canvas Downloader WORKSPACE\\_audit_runs\\20260805_154112_matrix-dl__free1\\downloads\\BINT 1st semester (LA E25 BINTS1SEMU)",
          "findings": 0,
          "harvest": {
            "kept": [
              ".canvas_sync.db"
            ],
            "removed": true,
            "evidence": "C:\\Users\\birkl\\Desktop\\Canvas Downloader WORKSPACE\\_audit_runs\\20260805_154112_matrix-dl__free1\\evidence\\rows\\m012"
          }
        }
      ],
      "findings": 0,
      "drift": [],
      "severities": {},
      "id": "m012",
      "seconds": 53.6
    },
    {
      "ok": true,
      "kind": "download",
      "course_id": 45899,
      "course_ids": [
        45899
      ],
      "courses": [
        {
          "course_id": 45899,
          "folder": "C:\\Users\\birkl\\Desktop\\Canvas Downloader WORKSPACE\\_audit_runs\\20260805_154112_matrix-dl__free1\\downloads\\Programmering og udvikling af små systemer samt databaser (LA E25 BINTO1064U)",
          "findings": 3,
          "harvest": {
            "kept": [
              ".canvas_sync.db"
            ],
            "removed": true,
            "evidence": "C:\\Users\\birkl\\Desktop\\Canvas Downloader WORKSPACE\\_audit_runs\\20260805_154112_matrix-dl__free1\\evidence\\rows\\m013"
          }
        }
      ],
      "findings": 3,
      "drift": [],
      "severities": {
        "info": 3
      },
      "id": "m013",
      "seconds": 396.4
    },
    {
      "ok": true,
      "kind": "download",
      "course_id": 43667,
      "course_ids": [
        43667
      ],
      "courses": [
        {
          "course_id": 43667,
          "folder": "C:\\Users\\birkl\\Desktop\\Canvas Downloader WORKSPACE\\_audit_runs\\20260805_154112_matrix-dl__free1\\downloads\\BINT 1st semester (LA E25 BINTS1SEMU)",
          "findings": 0,
          "harvest": {
            "kept": [
              ".canvas_sync.db"
            ],
            "removed": true,
            "evidence": "C:\\Users\\birkl\\Desktop\\Canvas Downloader WORKSPACE\\_audit_runs\\20260805_154112_matrix-dl__free1\\evidence\\rows\\m014"
          }
        }
      ],
      "findings": 0,
      "drift": [],
      "severities": {},
      "id": "m014",
      "seconds": 48.2
    },
    {
      "ok": true,
      "kind": "download",
      "course_id": 43665,
      "course_ids": [
        43665
      ],
      "courses": [
        {
          "course_id": 43665,
          "folder": "C:\\Users\\birkl\\Desktop\\Canvas Downloader WORKSPACE\\_audit_runs\\20260805_154112_matrix-dl__free1\\downloads\\Virksomhedens økonomiske styring (1) Virksomhedens grundlæggende beslutningssituationer (LA E25 BINTO2063U)",
          "findings": 3,
          "harvest": {
            "kept": [
              ".canvas_sync.db"
            ],
            "removed": true,
            "evidence": "C:\\Users\\birkl\\Desktop\\Canvas Downloader WORKSPACE\\_audit_runs\\20260805_154112_matrix-dl__free1\\evidence\\rows\\m015"
          }
        }
      ],
      "findings": 3,
      "drift": [],
      "severities": {
        "info": 3
      },
      "id": "m015",
      "seconds": 138.0
    },
    {
      "ok": true,
      "kind": "download",
      "course_id": 45899,
      "course_ids": [
        45899
      ],
      "courses": [
        {
          "course_id": 45899,
          "folder": "C:\\Users\\birkl\\Desktop\\Canvas Downloader WORKSPACE\\_audit_runs\\20260805_154112_matrix-dl__free1\\downloads\\Programmering og udvikling af små systemer samt databaser (LA E25 BINTO1064U)",
          "findings": 3,
          "harvest": {
            "kept": [
              ".canvas_sync.db"
            ],
            "removed": true,
            "evidence": "C:\\Users\\birkl\\Desktop\\Canvas Downloader WORKSPACE\\_audit_runs\\20260805_154112_matrix-dl__free1\\evidence\\rows\\m016"
          }
        }
      ],
      "findings": 3,
      "drift": [],
      "severities": {
        "info": 3
      },
      "id": "m016",
      "seconds": 246.9
    },
    {
      "ok": true,
      "kind": "download",
      "course_id": 45899,
      "course_ids": [
        45899
      ],
      "courses": [
        {
          "course_id": 45899,
          "folder": "C:\\Users\\birkl\\Desktop\\Canvas Downloader WORKSPACE\\_audit_runs\\20260805_154112_matrix-dl__free1\\downloads\\Programmering og udvikling af små systemer samt databaser (LA E25 BINTO1064U)",
          "findings": 3,
          "harvest": {
            "kept": [
              ".canvas_sync.db"
            ],
            "removed": true,
            "evidence": "C:\\Users\\birkl\\Desktop\\Canvas Downloader WORKSPACE\\_audit_runs\\20260805_154112_matrix-dl__free1\\evidence\\rows\\m017"
          }
        }
      ],
      "findings": 3,
      "drift": [],
      "severities": {
        "info": 3
      },
      "id": "m017",
      "seconds": 243.4
    },
    {
      "ok": true,
      "kind": "download",
      "course_id": 45899,
      "course_ids": [
        45899
      ],
      "courses": [
        {
          "course_id": 45899,
          "folder": "C:\\Users\\birkl\\Desktop\\Canvas Downloader WORKSPACE\\_audit_runs\\20260805_154112_matrix-dl__free1\\downloads\\Programmering og udvikling af små systemer samt databaser (LA E25 BINTO1064U)",
          "findings": 3,
          "harvest": {
            "kept": [
              ".canvas_sync.db"
            ],
            "removed": true,
            "evidence": "C:\\Users\\birkl\\Desktop\\Canvas Downloader WORKSPACE\\_audit_runs\\20260805_154112_matrix-dl__free1\\evidence\\rows\\m018"
          }
        }
      ],
      "findings": 3,
      "drift": [],
      "severities": {
        "info": 3
      },
      "id": "m018",
      "seconds": 227.4
    },
    {
      "ok": true,
      "kind": "download",
      "course_id": 43660,
      "course_ids": [
        43660
      ],
      "courses": [
        {
          "course_id": 43660,
          "folder": "C:\\Users\\birkl\\Desktop\\Canvas Downloader WORKSPACE\\_audit_runs\\20260805_154112_matrix-dl__free1\\downloads\\Indføring i organisationers opbygning og funktion (LA E25 BINTO1060U)",
          "findings": 3,
          "harvest": {
            "kept": [
              ".canvas_sync.db"
            ],
            "removed": true,
            "evidence": "C:\\Users\\birkl\\Desktop\\Canvas Downloader WORKSPACE\\_audit_runs\\20260805_154112_matrix-dl__free1\\evidence\\rows\\m019"
          }
        }
      ],
      "findings": 3,
      "drift": [],
      "severities": {
        "info": 3
      },
      "id": "m019",
      "seconds": 133.0
    },
    {
      "ok": true,
      "kind": "download",
      "course_id": 45899,
      "course_ids": [
        45899
      ],
      "courses": [
        {
          "course_id": 45899,
          "folder": "C:\\Users\\birkl\\Desktop\\Canvas Downloader WORKSPACE\\_audit_runs\\20260805_154112_matrix-dl__free1\\downloads\\Programmering og udvikling af små systemer samt databaser (LA E25 BINTO1064U)",
          "findings": 3,
          "harvest": {
            "kept": [
              ".canvas_sync.db"
            ],
            "removed": true,
            "evidence": "C:\\Users\\birkl\\Desktop\\Canvas Downloader WORKSPACE\\_audit_runs\\20260805_154112_matrix-dl__free1\\evidence\\rows\\m021"
          }
        }
      ],
      "findings": 3,
      "drift": [],
      "severities": {
        "info": 3
      },
      "id": "m021",
      "seconds": 292.2
    },
    {
      "ok": true,
      "kind": "download",
      "course_id": 45899,
      "course_ids": [
        45899
      ],
      "courses": [
        {
          "course_id": 45899,
          "folder": "C:\\Users\\birkl\\Desktop\\Canvas Downloader WORKSPACE\\_audit_runs\\20260805_154112_matrix-dl__free1\\downloads\\Programmering og udvikling af små systemer samt databaser (LA E25 BINTO1064U)",
          "findings": 3,
          "harvest": {
            "kept": [
              ".canvas_sync.db"
            ],
            "removed": true,
            "evidence": "C:\\Users\\birkl\\Desktop\\Canvas Downloader WORKSPACE\\_audit_runs\\20260805_154112_matrix-dl__free1\\evidence\\rows\\m022"
          }
        }
      ],
      "findings": 3,
      "drift": [],
      "severities": {
        "info": 3
      },
      "id": "m022",
      "seconds": 253.3
    },
    {
      "ok": true,
      "kind": "download",
      "course_id": 45899,
      "course_ids": [
        45899
      ],
      "courses": [
        {
          "course_id": 45899,
          "folder": "C:\\Users\\birkl\\Desktop\\Canvas Downloader WORKSPACE\\_audit_runs\\20260805_154112_matrix-dl__free1\\downloads\\Programmering og udvikling af små systemer samt databaser (LA E25 BINTO1064U)",
          "findings": 3,
          "harvest": {
            "kept": [
              ".canvas_sync.db"
            ],
            "removed": true,
            "evidence": "C:\\Users\\birkl\\Desktop\\Canvas Downloader WORKSPACE\\_audit_runs\\20260805_154112_matrix-dl__free1\\evidence\\rows\\m023"
          }
        }
      ],
      "findings": 3,
      "drift": [],
      "severities": {
        "info": 3
      },
      "id": "m023",
      "seconds": 264.5
    },
    {
      "ok": true,
      "kind": "download",
      "course_id": 45899,
      "course_ids": [
        45899
      ],
      "courses": [
        {
          "course_id": 45899,
          "folder": "C:\\Users\\birkl\\Desktop\\Canvas Downloader WORKSPACE\\_audit_runs\\20260805_154112_matrix-dl__free1\\downloads\\Programmering og udvikling af små systemer samt databaser (LA E25 BINTO1064U)",
          "findings": 3,
          "harvest": {
            "kept": [
              ".canvas_sync.db"
            ],
            "removed": true,
            "evidence": "C:\\Users\\birkl\\Desktop\\Canvas Downloader WORKSPACE\\_audit_runs\\20260805_154112_matrix-dl__free1\\evidence\\rows\\m024"
          }
        }
      ],
      "findings": 3,
      "drift": [],
      "severities": {
        "info": 3
      },
      "id": "m024",
      "seconds": 302.2
    },
    {
      "ok": true,
      "kind": "download",
      "course_id": 45899,
      "course_ids": [
        45899
      ],
      "courses": [
        {
          "course_id": 45899,
          "folder": "C:\\Users\\birkl\\Desktop\\Canvas Downloader WORKSPACE\\_audit_runs\\20260805_154112_matrix-dl__free1\\downloads\\Programmering og udvikling af små systemer samt databaser (LA E25 BINTO1064U)",
          "findings": 3,
          "harvest": {
            "kept": [
              ".canvas_sync.db"
            ],
            "removed": true,
            "evidence": "C:\\Users\\birkl\\Desktop\\Canvas Downloader WORKSPACE\\_audit_runs\\20260805_154112_matrix-dl__free1\\evidence\\rows\\m025"
          }
        }
      ],
      "findings": 3,
      "drift": [],
      "severities": {
        "info": 3
      },
      "id": "m025",
      "seconds": 366.8
    },
    {
      "ok": true,
      "kind": "download",
      "course_id": 45899,
      "course_ids": [
        45899
      ],
      "courses": [
        {
          "course_id": 45899,
          "folder": "C:\\Users\\birkl\\Desktop\\Canvas Downloader WORKSPACE\\_audit_runs\\20260805_154112_matrix-dl__free1\\downloads\\Programmering og udvikling af små systemer samt databaser (LA E25 BINTO1064U)",
          "findings": 6,
          "harvest": {
            "kept": [
              ".canvas_sync.db"
            ],
            "removed": true,
            "evidence": "C:\\Users\\birkl\\Desktop\\Canvas Downloader WORKSPACE\\_audit_runs\\20260805_154112_matrix-dl__free1\\evidence\\rows\\m027"
          }
        }
      ],
      "findings": 6,
      "drift": [],
      "severities": {
        "info": 5,
        "medium": 1
      },
      "id": "m027",
      "seconds": 817.4
    },
    {
      "ok": true,
      "kind": "download",
      "course_id": 43667,
      "course_ids": [
        43667
      ],
      "courses": [
        {
          "course_id": 43667,
          "folder": "C:\\Users\\birkl\\Desktop\\Canvas Downloader WORKSPACE\\_audit_runs\\20260805_154112_matrix-dl__free1\\downloads\\BINT 1st semester (LA E25 BINTS1SEMU)",
          "findings": 0,
          "harvest": {
            "kept": [
              ".canvas_sync.db"
            ],
            "removed": true,
            "evidence": "C:\\Users\\birkl\\Desktop\\Canvas Downloader WORKSPACE\\_audit_runs\\20260805_154112_matrix-dl__free1\\evidence\\rows\\m029"
          }
        }
      ],
      "findings": 0,
      "drift": [],
      "severities": {},
      "id": "m029",
      "seconds": 949.1
    },
    {
      "ok": true,
      "kind": "download",
      "course_id": 45899,
      "course_ids": [
        45899
      ],
      "courses": [
        {
          "course_id": 45899,
          "folder": "C:\\Users\\birkl\\Desktop\\Canvas Downloader WORKSPACE\\_audit_runs\\20260805_154112_matrix-dl__free1\\downloads\\Programmering og udvikling af små systemer samt databaser (LA E25 BINTO1064U)",
          "findings": 5,
          "harvest": {
            "kept": [
              ".canvas_sync.db"
            ],
            "removed": true,
            "evidence": "C:\\Users\\birkl\\Desktop\\Canvas Downloader WORKSPACE\\_audit_runs\\20260805_154112_matrix-dl__free1\\evidence\\rows\\m030"
          }
        }
      ],
      "findings": 5,
      "drift": [],
      "severities": {
        "info": 5
      },
      "id": "m030",
      "seconds": 839.0
    },
    {
      "ok": true,
      "kind": "download",
      "course_id": 45899,
      "course_ids": [
        45899
      ],
      "courses": [
        {
          "course_id": 45899,
          "folder": "C:\\Users\\birkl\\Desktop\\Canvas Downloader WORKSPACE\\_audit_runs\\20260805_154112_matrix-dl__free1\\downloads\\Programmering og udvikling af små systemer samt databaser (LA E25 BINTO1064U)",
          "findings": 2,
          "harvest": {
            "kept": [
              ".canvas_sync.db"
            ],
            "removed": true,
            "evidence": "C:\\Users\\birkl\\Desktop\\Canvas Downloader WORKSPACE\\_audit_runs\\20260805_154112_matrix-dl__free1\\evidence\\rows\\m033"
          }
        }
      ],
      "findings": 2,
      "drift": [],
      "severities": {
        "info": 2
      },
      "id": "m033",
      "seconds": 137.9
    },
    {
      "ok": true,
      "kind": "download",
      "course_id": 45899,
      "course_ids": [
        45899
      ],
      "courses": [
        {
          "course_id": 45899,
          "folder": "C:\\Users\\birkl\\Desktop\\Canvas Downloader WORKSPACE\\_audit_runs\\20260805_154112_matrix-dl__free1\\downloads\\Programmering og udvikling af små systemer samt databaser (LA E25 BINTO1064U)",
          "findings": 5,
          "harvest": {
            "kept": [
              ".canvas_sync.db"
            ],
            "removed": true,
            "evidence": "C:\\Users\\birkl\\Desktop\\Canvas Downloader WORKSPACE\\_audit_runs\\20260805_154112_matrix-dl__free1\\evidence\\rows\\m034"
          }
        }
      ],
      "findings": 5,
      "drift": [],
      "severities": {
        "info": 5
      },
      "id": "m034",
      "seconds": 737.7
    }
  ]
}
