
=== audit app start 2026-07-31 16:22:08 port=8797 ===

  You can now view your Streamlit app in your browser.

  Local URL: http://localhost:8797
  Network URL: http://192.168.1.50:8797
  External URL: http://188.183.232.43:8797

Sync groups file has invalid root type: <class 'list'>
Sync groups file has invalid root type: <class 'list'>
Sync groups file has invalid root type: <class 'list'>
Sync groups file has invalid root type: <class 'list'>
Sync groups file has invalid root type: <class 'list'>
Sync groups file has invalid root type: <class 'list'>
Sync groups file has invalid root type: <class 'list'>
Sync groups file has invalid root type: <class 'list'>
Sync groups file has invalid root type: <class 'list'>
Sync groups file has invalid root type: <class 'list'>
Sync groups file has invalid root type: <class 'list'>
Sync groups file has invalid root type: <class 'list'>
Sync groups file has invalid root type: <class 'list'>
Sync groups file has invalid root type: <class 'list'>
Sync groups file has invalid root type: <class 'list'>
Sync groups file has invalid root type: <class 'list'>
Sync groups file has invalid root type: <class 'list'>
Sync groups file has invalid root type: <class 'list'>
Sync groups file has invalid root type: <class 'list'>
Sync groups file has invalid root type: <class 'list'>
Sync groups file has invalid root type: <class 'list'>
Sync groups file has invalid root type: <class 'list'>
Sync groups file has invalid root type: <class 'list'>
Sync groups file has invalid root type: <class 'list'>
Sync groups file has invalid root type: <class 'list'>
Sync groups file has invalid root type: <class 'list'>
Sync groups file has invalid root type: <class 'list'>
Sync groups file has invalid root type: <class 'list'>
Sync groups file has invalid root type: <class 'list'>
Sync groups file has invalid root type: <class 'list'>
Sync groups file has invalid root type: <class 'list'>
Sync groups file has invalid root type: <class 'list'>
Sync groups file has invalid root type: <class 'list'>
Sync groups file has invalid root type: <class 'list'>

=== audit app start 2026-07-31 17:10:34 port=8797 ===

  You can now view your Streamlit app in your browser.

  Local URL: http://localhost:8797
  Network URL: http://192.168.1.50:8797
  External URL: http://188.183.232.43:8797

Sync groups file has invalid root type: <class 'list'>
Sync groups file has invalid root type: <class 'list'>
Sync groups file has invalid root type: <class 'list'>
Sync groups file has invalid root type: <class 'list'>
Sync groups file has invalid root type: <class 'list'>
Sync groups file has invalid root type: <class 'list'>
Sync groups file has invalid root type: <class 'list'>
Sync groups file has invalid root type: <class 'list'>
Sync groups file has invalid root type: <class 'list'>
Sync groups file has invalid root type: <class 'list'>
Sync groups file has invalid root type: <class 'list'>
Sync groups file has invalid root type: <class 'list'>
Sync groups file has invalid root type: <class 'list'>
Sync groups file has invalid root type: <class 'list'>
Sync groups file has invalid root type: <class 'list'>
Sync groups file has invalid root type: <class 'list'>
Sync groups file has invalid root type: <class 'list'>
Sync groups file has invalid root type: <class 'list'>
Sync groups file has invalid root type: <class 'list'>
Sync groups file has invalid root type: <class 'list'>
Sync groups file has invalid root type: <class 'list'>

=== audit app start 2026-07-31 17:20:06 port=8797 ===

  You can now view your Streamlit app in your browser.

  Local URL: http://localhost:8797
  Network URL: http://192.168.1.50:8797
  External URL: http://188.183.232.43:8797

Sync groups file has invalid root type: <class 'list'>
Sync groups file has invalid root type: <class 'list'>
Sync groups file has invalid root type: <class 'list'>
Sync groups file has invalid root type: <class 'list'>
Sync groups file has invalid root type: <class 'list'>
Sync groups file has invalid root type: <class 'list'>
Sync groups file has invalid root type: <class 'list'>
Sync groups file has invalid root type: <class 'list'>
Sync groups file has invalid root type: <class 'list'>
Sync groups file has invalid root type: <class 'list'>
Sync groups file has invalid root type: <class 'list'>
Sync groups file has invalid root type: <class 'list'>
Sync groups file has invalid root type: <class 'list'>
Sync groups file has invalid root type: <class 'list'>

=== audit app start 2026-07-31 17:38:05 port=8797 ===

  You can now view your Streamlit app in your browser.

  Local URL: http://localhost:8797
  Network URL: http://192.168.1.50:8797
  External URL: http://188.183.232.43:8797

Sync groups file has invalid root type: <class 'list'>
Sync groups file has invalid root type: <class 'list'>
Sync groups file has invalid root type: <class 'list'>
Sync groups file has invalid root type: <class 'list'>
Sync groups file has invalid root type: <class 'list'>
Sync groups file has invalid root type: <class 'list'>
Sync groups file has invalid root type: <class 'list'>
Sync groups file has invalid root type: <class 'list'>
Sync groups file has invalid root type: <class 'list'>
Sync groups file has invalid root type: <class 'list'>
Sync groups file has invalid root type: <class 'list'>
Sync groups file has invalid root type: <class 'list'>
Sync groups file has invalid root type: <class 'list'>
Sync groups file has invalid root type: <class 'list'>
Sync groups file has invalid root type: <class 'list'>
Sync groups file has invalid root type: <class 'list'>

=== audit app start 2026-07-31 17:45:27 port=8797 ===

  You can now view your Streamlit app in your browser.

  Local URL: http://localhost:8797
  Network URL: http://192.168.1.50:8797
  External URL: http://188.183.232.43:8797

Sync groups file has invalid root type: <class 'list'>
Sync groups file has invalid root type: <class 'list'>
Sync groups file has invalid root type: <class 'list'>
Sync groups file has invalid root type: <class 'list'>
Sync groups file has invalid root type: <class 'list'>
Sync groups file has invalid root type: <class 'list'>
Sync groups file has invalid root type: <class 'list'>
Sync groups file has invalid root type: <class 'list'>
Sync groups file has invalid root type: <class 'list'>
Sync groups file has invalid root type: <class 'list'>
Sync groups file has invalid root type: <class 'list'>
Sync groups file has invalid root type: <class 'list'>
Sync groups file has invalid root type: <class 'list'>
Sync groups file has invalid root type: <class 'list'>
Sync groups file has invalid root type: <class 'list'>
Sync groups file has invalid root type: <class 'list'>
Sync groups file has invalid root type: <class 'list'>
Sync groups file has invalid root type: <class 'list'>
Sync groups file has invalid root type: <class 'list'>
Sync groups file has invalid root type: <class 'list'>
Sync groups file has invalid root type: <class 'list'>
Sync groups file has invalid root type: <class 'list'>
Sync groups file has invalid root type: <class 'list'>
Sync groups file has invalid root type: <class 'list'>
Sync groups file has invalid root type: <class 'list'>
Sync groups file has invalid root type: <class 'list'>

=== audit app start 2026-07-31 20:17:04 port=8797 ===

  You can now view your Streamlit app in your browser.

  Local URL: http://localhost:8797
  Network URL: http://192.168.1.50:8797
  External URL: http://188.183.232.43:8797

Sync groups file has invalid root type: <class 'list'>
Sync groups file has invalid root type: <class 'list'>
Sync groups file has invalid root type: <class 'list'>
Sync groups file has invalid root type: <class 'list'>
Sync groups file has invalid root type: <class 'list'>
Sync groups file has invalid root type: <class 'list'>
Sync groups file has invalid root type: <class 'list'>
Sync groups file has invalid root type: <class 'list'>
Sync groups file has invalid root type: <class 'list'>
Sync groups file has invalid root type: <class 'list'>
Sync groups file has invalid root type: <class 'list'>
Sync groups file has invalid root type: <class 'list'>

=== audit app start 2026-07-31 20:20:55 port=8797 ===

  You can now view your Streamlit app in your browser.

  Local URL: http://localhost:8797
  Network URL: http://192.168.1.50:8797
  External URL: http://188.183.232.43:8797

Hybrid Fetch: Found 1 files in Modules that were missing from 'Files' tab. This suggests 'Files' tab access is restricted for course 47996.

=== audit app start 2026-07-31 21:12:44 port=8797 ===

  You can now view your Streamlit app in your browser.

  Local URL: http://localhost:8797
  Network URL: http://192.168.1.50:8797
  External URL: http://188.183.232.43:8797

Sync groups file has invalid root type: <class 'list'>
Sync groups file has invalid root type: <class 'list'>
Sync groups file has invalid root type: <class 'list'>
Sync groups file has invalid root type: <class 'list'>
Sync groups file has invalid root type: <class 'list'>
Sync groups file has invalid root type: <class 'list'>
Sync groups file has invalid root type: <class 'list'>
Sync groups file has invalid root type: <class 'list'>
Sync groups file has invalid root type: <class 'list'>
Sync groups file has invalid root type: <class 'list'>
Sync groups file has invalid root type: <class 'list'>
Sync groups file has invalid root type: <class 'list'>

=== audit app start 2026-07-31 21:30:33 port=8797 ===

  You can now view your Streamlit app in your browser.

  Local URL: http://localhost:8797
  Network URL: http://192.168.1.50:8797
  External URL: http://188.183.232.43:8797


=== audit app start 2026-07-31 21:34:40 port=8797 ===

  You can now view your Streamlit app in your browser.

  Local URL: http://localhost:8797
  Network URL: http://192.168.1.50:8797
  External URL: http://188.183.232.43:8797

Sync groups file has invalid root type: <class 'list'>
Sync groups file has invalid root type: <class 'list'>
Sync groups file has invalid root type: <class 'list'>
Sync groups file has invalid root type: <class 'list'>
Sync groups file has invalid root type: <class 'list'>
Sync groups file has invalid root type: <class 'list'>
Sync groups file has invalid root type: <class 'list'>
Sync groups file has invalid root type: <class 'list'>
Sync groups file has invalid root type: <class 'list'>
Sync groups file has invalid root type: <class 'list'>
Sync groups file has invalid root type: <class 'list'>
Sync groups file has invalid root type: <class 'list'>

=== audit app start 2026-07-31 21:38:09 port=8797 ===

  You can now view your Streamlit app in your browser.

  Local URL: http://localhost:8797
  Network URL: http://192.168.1.50:8797
  External URL: http://188.183.232.43:8797

Sync groups file has invalid root type: <class 'list'>
Sync groups file has invalid root type: <class 'list'>
Sync groups file has invalid root type: <class 'list'>
Sync groups file has invalid root type: <class 'list'>
Sync groups file has invalid root type: <class 'list'>
Sync groups file has invalid root type: <class 'list'>
Sync groups file has invalid root type: <class 'list'>
Sync groups file has invalid root type: <class 'list'>
Sync groups file has invalid root type: <class 'list'>
Sync groups file has invalid root type: <class 'list'>
Sync groups file has invalid root type: <class 'list'>
Sync groups file has invalid root type: <class 'list'>
