
=== lane free2 start 2026-08-08 17:11:26 ===
{
  "ok": 17,
  "lane": "free2",
  "run_id": "20260808_170617_minimal-dl-sync-2026-08__free2",
  "jobs": 17,
  "failed": [],
  "results": [
    {
      "ok": true,
      "kind": "download",
      "course_id": 43667,
      "course_ids": [
        43667
      ],
      "courses": [
        {
          "course_id": 43667,
          "folder": "C:\\Users\\birkl\\Desktop\\Canvas Downloader WORKSPACE\\_audit_runs\\20260808_170617_minimal-dl-sync-2026-08__free2\\downloads\\BINT 1st semester (LA E25 BINTS1SEMU)",
          "findings": 1,
          "harvest": {
            "kept": [
              ".canvas_sync.db"
            ],
            "removed": true,
            "evidence": "C:\\Users\\birkl\\Desktop\\Canvas Downloader WORKSPACE\\_audit_runs\\20260808_170617_minimal-dl-sync-2026-08__free2\\evidence\\rows\\m002"
          }
        }
      ],
      "findings": 1,
      "drift": [],
      "severities": {
        "medium": 1
      },
      "id": "m002",
      "seconds": 100.3
    },
    {
      "ok": true,
      "kind": "download",
      "course_id": 43667,
      "course_ids": [
        43667
      ],
      "courses": [
        {
          "course_id": 43667,
          "folder": "C:\\Users\\birkl\\Desktop\\Canvas Downloader WORKSPACE\\_audit_runs\\20260808_170617_minimal-dl-sync-2026-08__free2\\downloads\\BINT 1st semester (LA E25 BINTS1SEMU)",
          "findings": 1,
          "harvest": {
            "kept": [
              ".canvas_sync.db"
            ],
            "removed": true,
            "evidence": "C:\\Users\\birkl\\Desktop\\Canvas Downloader WORKSPACE\\_audit_runs\\20260808_170617_minimal-dl-sync-2026-08__free2\\evidence\\rows\\m006"
          }
        }
      ],
      "findings": 1,
      "drift": [],
      "severities": {
        "medium": 1
      },
      "id": "m006",
      "seconds": 69.1
    },
    {
      "ok": true,
      "kind": "download",
      "course_id": 43667,
      "course_ids": [
        43667
      ],
      "courses": [
        {
          "course_id": 43667,
          "folder": "C:\\Users\\birkl\\Desktop\\Canvas Downloader WORKSPACE\\_audit_runs\\20260808_170617_minimal-dl-sync-2026-08__free2\\downloads\\BINT 1st semester (LA E25 BINTS1SEMU)",
          "findings": 0,
          "harvest": {
            "kept": [
              ".canvas_sync.db"
            ],
            "removed": true,
            "evidence": "C:\\Users\\birkl\\Desktop\\Canvas Downloader WORKSPACE\\_audit_runs\\20260808_170617_minimal-dl-sync-2026-08__free2\\evidence\\rows\\m008"
          }
        }
      ],
      "findings": 0,
      "drift": [],
      "severities": {},
      "id": "m008",
      "seconds": 70.6
    },
    {
      "ok": true,
      "kind": "download",
      "course_id": 43667,
      "course_ids": [
        43667
      ],
      "courses": [
        {
          "course_id": 43667,
          "folder": "C:\\Users\\birkl\\Desktop\\Canvas Downloader WORKSPACE\\_audit_runs\\20260808_170617_minimal-dl-sync-2026-08__free2\\downloads\\BINT 1st semester (LA E25 BINTS1SEMU)",
          "findings": 0,
          "harvest": {
            "kept": [
              ".canvas_sync.db"
            ],
            "removed": true,
            "evidence": "C:\\Users\\birkl\\Desktop\\Canvas Downloader WORKSPACE\\_audit_runs\\20260808_170617_minimal-dl-sync-2026-08__free2\\evidence\\rows\\m010"
          }
        }
      ],
      "findings": 0,
      "drift": [],
      "severities": {},
      "id": "m010",
      "seconds": 958.1
    },
    {
      "ok": true,
      "kind": "download",
      "course_id": 43665,
      "course_ids": [
        43665
      ],
      "courses": [
        {
          "course_id": 43665,
          "folder": "C:\\Users\\birkl\\Desktop\\Canvas Downloader WORKSPACE\\_audit_runs\\20260808_170617_minimal-dl-sync-2026-08__free2\\downloads\\Virksomhedens økonomiske styring (1) Virksomhedens grundlæggende beslutningssituationer (LA E25 BINTO2063U)",
          "findings": 3,
          "harvest": {
            "kept": [
              ".canvas_sync.db"
            ],
            "removed": true,
            "evidence": "C:\\Users\\birkl\\Desktop\\Canvas Downloader WORKSPACE\\_audit_runs\\20260808_170617_minimal-dl-sync-2026-08__free2\\evidence\\rows\\m015"
          }
        }
      ],
      "findings": 3,
      "drift": [],
      "severities": {
        "info": 3
      },
      "id": "m015",
      "seconds": 172.4
    },
    {
      "ok": true,
      "kind": "download",
      "course_id": 43667,
      "course_ids": [
        43667
      ],
      "courses": [
        {
          "course_id": 43667,
          "folder": "C:\\Users\\birkl\\Desktop\\Canvas Downloader WORKSPACE\\_audit_runs\\20260808_170617_minimal-dl-sync-2026-08__free2\\downloads\\BINT 1st semester (LA E25 BINTS1SEMU)",
          "findings": 1,
          "harvest": {
            "kept": [
              ".canvas_sync.db"
            ],
            "removed": true,
            "evidence": "C:\\Users\\birkl\\Desktop\\Canvas Downloader WORKSPACE\\_audit_runs\\20260808_170617_minimal-dl-sync-2026-08__free2\\evidence\\rows\\m017"
          }
        }
      ],
      "findings": 1,
      "drift": [],
      "severities": {
        "info": 1
      },
      "id": "m017",
      "seconds": 53.5
    },
    {
      "ok": true,
      "kind": "download",
      "course_id": 45899,
      "course_ids": [
        45899
      ],
      "courses": [
        {
          "course_id": 45899,
          "folder": "C:\\Users\\birkl\\Desktop\\Canvas Downloader WORKSPACE\\_audit_runs\\20260808_170617_minimal-dl-sync-2026-08__free2\\downloads\\Programmering og udvikling af små systemer samt databaser (LA E25 BINTO1064U)",
          "findings": 3,
          "harvest": {
            "kept": [
              ".canvas_sync.db"
            ],
            "removed": true,
            "evidence": "C:\\Users\\birkl\\Desktop\\Canvas Downloader WORKSPACE\\_audit_runs\\20260808_170617_minimal-dl-sync-2026-08__free2\\evidence\\rows\\m019"
          }
        }
      ],
      "findings": 3,
      "drift": [],
      "severities": {
        "info": 3
      },
      "id": "m019",
      "seconds": 647.0
    },
    {
      "ok": true,
      "kind": "download",
      "course_id": 43665,
      "course_ids": [
        43665
      ],
      "courses": [
        {
          "course_id": 43665,
          "folder": "C:\\Users\\birkl\\Desktop\\Canvas Downloader WORKSPACE\\_audit_runs\\20260808_170617_minimal-dl-sync-2026-08__free2\\downloads\\Virksomhedens økonomiske styring (1) Virksomhedens grundlæggende beslutningssituationer (LA E25 BINTO2063U)",
          "findings": 3,
          "harvest": {
            "kept": [
              ".canvas_sync.db"
            ],
            "removed": true,
            "evidence": "C:\\Users\\birkl\\Desktop\\Canvas Downloader WORKSPACE\\_audit_runs\\20260808_170617_minimal-dl-sync-2026-08__free2\\evidence\\rows\\m021"
          }
        }
      ],
      "findings": 3,
      "drift": [],
      "severities": {
        "info": 3
      },
      "id": "m021",
      "seconds": 138.6
    },
    {
      "ok": true,
      "kind": "download",
      "course_id": 45899,
      "course_ids": [
        45899
      ],
      "courses": [
        {
          "course_id": 45899,
          "folder": "C:\\Users\\birkl\\Desktop\\Canvas Downloader WORKSPACE\\_audit_runs\\20260808_170617_minimal-dl-sync-2026-08__free2\\downloads\\Programmering og udvikling af små systemer samt databaser (LA E25 BINTO1064U)",
          "findings": 3,
          "harvest": {
            "kept": [
              ".canvas_sync.db"
            ],
            "removed": true,
            "evidence": "C:\\Users\\birkl\\Desktop\\Canvas Downloader WORKSPACE\\_audit_runs\\20260808_170617_minimal-dl-sync-2026-08__free2\\evidence\\rows\\m023"
          }
        }
      ],
      "findings": 3,
      "drift": [],
      "severities": {
        "info": 3
      },
      "id": "m023",
      "seconds": 353.1
    },
    {
      "ok": true,
      "kind": "download",
      "course_id": 45899,
      "course_ids": [
        45899
      ],
      "courses": [
        {
          "course_id": 45899,
          "folder": "C:\\Users\\birkl\\Desktop\\Canvas Downloader WORKSPACE\\_audit_runs\\20260808_170617_minimal-dl-sync-2026-08__free2\\downloads\\Programmering og udvikling af små systemer samt databaser (LA E25 BINTO1064U)",
          "findings": 2,
          "harvest": {
            "kept": [
              ".canvas_sync.db"
            ],
            "removed": true,
            "evidence": "C:\\Users\\birkl\\Desktop\\Canvas Downloader WORKSPACE\\_audit_runs\\20260808_170617_minimal-dl-sync-2026-08__free2\\evidence\\rows\\m031"
          }
        }
      ],
      "findings": 2,
      "drift": [],
      "severities": {
        "info": 2
      },
      "id": "m031",
      "seconds": 195.9
    },
    {
      "ok": true,
      "kind": "download",
      "course_id": 45899,
      "course_ids": [
        45899
      ],
      "courses": [
        {
          "course_id": 45899,
          "folder": "C:\\Users\\birkl\\Desktop\\Canvas Downloader WORKSPACE\\_audit_runs\\20260808_170617_minimal-dl-sync-2026-08__free2\\downloads\\Programmering og udvikling af små systemer samt databaser (LA E25 BINTO1064U)",
          "findings": 3,
          "harvest": {
            "kept": [
              ".canvas_sync.db"
            ],
            "removed": true,
            "evidence": "C:\\Users\\birkl\\Desktop\\Canvas Downloader WORKSPACE\\_audit_runs\\20260808_170617_minimal-dl-sync-2026-08__free2\\evidence\\rows\\m035"
          }
        }
      ],
      "findings": 3,
      "drift": [],
      "severities": {
        "info": 3
      },
      "id": "m035",
      "seconds": 795.2
    },
    {
      "ok": true,
      "kind": "download",
      "course_id": 45899,
      "course_ids": [
        45899
      ],
      "courses": [
        {
          "course_id": 45899,
          "folder": "C:\\Users\\birkl\\Desktop\\Canvas Downloader WORKSPACE\\_audit_runs\\20260808_170617_minimal-dl-sync-2026-08__free2\\downloads\\Programmering og udvikling af små systemer samt databaser (LA E25 BINTO1064U)",
          "findings": 3,
          "harvest": {
            "kept": [
              ".canvas_sync.db"
            ],
            "removed": true,
            "evidence": "C:\\Users\\birkl\\Desktop\\Canvas Downloader WORKSPACE\\_audit_runs\\20260808_170617_minimal-dl-sync-2026-08__free2\\evidence\\rows\\m037"
          }
        }
      ],
      "findings": 3,
      "drift": [],
      "severities": {
        "info": 3
      },
      "id": "m037",
      "seconds": 652.9
    },
    {
      "ok": true,
      "kind": "download",
      "course_id": 45899,
      "course_ids": [
        45899
      ],
      "courses": [
        {
          "course_id": 45899,
          "folder": "C:\\Users\\birkl\\Desktop\\Canvas Downloader WORKSPACE\\_audit_runs\\20260808_170617_minimal-dl-sync-2026-08__free2\\downloads\\Programmering og udvikling af små systemer samt databaser (LA E25 BINTO1064U)",
          "findings": 6,
          "harvest": {
            "kept": [
              ".canvas_sync.db"
            ],
            "removed": true,
            "evidence": "C:\\Users\\birkl\\Desktop\\Canvas Downloader WORKSPACE\\_audit_runs\\20260808_170617_minimal-dl-sync-2026-08__free2\\evidence\\rows\\m040"
          }
        }
      ],
      "findings": 6,
      "drift": [],
      "severities": {
        "info": 5,
        "medium": 1
      },
      "id": "m040",
      "seconds": 1669.4
    },
    {
      "ok": true,
      "kind": "download",
      "course_id": 45899,
      "course_ids": [
        45899
      ],
      "courses": [
        {
          "course_id": 45899,
          "folder": "C:\\Users\\birkl\\Desktop\\Canvas Downloader WORKSPACE\\_audit_runs\\20260808_170617_minimal-dl-sync-2026-08__free2\\downloads\\Programmering og udvikling af små systemer samt databaser (LA E25 BINTO1064U)",
          "findings": 3,
          "harvest": {
            "kept": [
              ".canvas_sync.db"
            ],
            "removed": true,
            "evidence": "C:\\Users\\birkl\\Desktop\\Canvas Downloader WORKSPACE\\_audit_runs\\20260808_170617_minimal-dl-sync-2026-08__free2\\evidence\\rows\\m045"
          }
        }
      ],
      "findings": 3,
      "drift": [],
      "severities": {
        "info": 2,
        "medium": 1
      },
      "id": "m045",
      "seconds": 172.6
    },
    {
      "ok": true,
      "kind": "download",
      "course_id": 45899,
      "course_ids": [
        45899
      ],
      "courses": [
        {
          "course_id": 45899,
          "folder": "C:\\Users\\birkl\\Desktop\\Canvas Downloader WORKSPACE\\_audit_runs\\20260808_170617_minimal-dl-sync-2026-08__free2\\downloads\\Programmering og udvikling af små systemer samt databaser (LA E25 BINTO1064U)",
          "findings": 5,
          "harvest": {
            "kept": [
              ".canvas_sync.db"
            ],
            "removed": true,
            "evidence": "C:\\Users\\birkl\\Desktop\\Canvas Downloader WORKSPACE\\_audit_runs\\20260808_170617_minimal-dl-sync-2026-08__free2\\evidence\\rows\\m047"
          }
        }
      ],
      "findings": 5,
      "drift": [],
      "severities": {
        "info": 5
      },
      "id": "m047",
      "seconds": 1156.0
    },
    {
      "ok": true,
      "kind": "download",
      "course_id": 45899,
      "course_ids": [
        45899
      ],
      "courses": [
        {
          "course_id": 45899,
          "folder": "C:\\Users\\birkl\\Desktop\\Canvas Downloader WORKSPACE\\_audit_runs\\20260808_170617_minimal-dl-sync-2026-08__free2\\downloads\\Programmering og udvikling af små systemer samt databaser (LA E25 BINTO1064U)",
          "findings": 2,
          "harvest": {
            "kept": [
              ".canvas_sync.db"
            ],
            "removed": true,
            "evidence": "C:\\Users\\birkl\\Desktop\\Canvas Downloader WORKSPACE\\_audit_runs\\20260808_170617_minimal-dl-sync-2026-08__free2\\evidence\\rows\\m052"
          }
        }
      ],
      "findings": 2,
      "drift": [],
      "severities": {
        "info": 2
      },
      "id": "m052",
      "seconds": 155.4
    },
    {
      "ok": true,
      "kind": "download",
      "course_id": 45899,
      "course_ids": [
        45899
      ],
      "courses": [
        {
          "course_id": 45899,
          "folder": "C:\\Users\\birkl\\Desktop\\Canvas Downloader WORKSPACE\\_audit_runs\\20260808_170617_minimal-dl-sync-2026-08__free2\\downloads\\Programmering og udvikling af små systemer samt databaser (LA E25 BINTO1064U)",
          "findings": 5,
          "harvest": {
            "kept": [
              ".canvas_sync.db"
            ],
            "removed": true,
            "evidence": "C:\\Users\\birkl\\Desktop\\Canvas Downloader WORKSPACE\\_audit_runs\\20260808_170617_minimal-dl-sync-2026-08__free2\\evidence\\rows\\m054"
          }
        }
      ],
      "findings": 5,
      "drift": [],
      "severities": {
        "info": 5
      },
      "id": "m054",
      "seconds": 1186.9
    }
  ]
}
