
=== lane free3 start 2026-08-21 14:50:46 ===
Task was destroyed but it is pending!
task: <Task cancelling name='Task-3' coro=<Connection.run.<locals>.init() running at /Users/m1/Canvas_Downloader/.venv/lib/python3.11/site-packages/playwright/_impl/_connection.py:344> wait_for=<Future finished result=None>>
Future exception was never retrieved
future: <Future finished exception=TargetClosedError('Target page, context or browser has been closed')>
playwright._impl._errors.TargetClosedError: Target page, context or browser has been closed
node:events:487
      throw er; // Unhandled 'error' event
      ^

Error: write EPIPE
    at WriteWrap.onWriteComplete [as oncomplete] (node:internal/stream_base_commons:87:19)
Emitted 'error' event on Socket instance at:
    at emitErrorNT (node:internal/streams/destroy:170:8)
    at emitErrorCloseNT (node:internal/streams/destroy:129:3)
    at process.processTicksAndRejections (node:internal/process/task_queues:90:21) {
  errno: -32,
  code: 'EPIPE',
  syscall: 'write'
}

Node.js v24.18.1

=== lane free3 start 2026-08-21 16:27:25 ===
Task was destroyed but it is pending!
task: <Task cancelling name='Task-3' coro=<Connection.run.<locals>.init() running at /Users/m1/Canvas_Downloader/.venv/lib/python3.11/site-packages/playwright/_impl/_connection.py:344> wait_for=<Future finished result=None>>
Future exception was never retrieved
future: <Future finished exception=TargetClosedError('Target page, context or browser has been closed')>
playwright._impl._errors.TargetClosedError: Target page, context or browser has been closed
{
  "ok": 9,
  "lane": "free3",
  "run_id": "20260821_144948_macos26-dl-matrix-short2__free3",
  "jobs": 9,
  "failed": [],
  "results": [
    {
      "id": "m003",
      "ok": true,
      "skipped": "already done"
    },
    {
      "id": "m007",
      "ok": true,
      "skipped": "already done"
    },
    {
      "id": "m011",
      "ok": true,
      "skipped": "already done"
    },
    {
      "id": "m018",
      "ok": true,
      "skipped": "already done"
    },
    {
      "id": "m022",
      "ok": true,
      "skipped": "already done"
    },
    {
      "id": "m034",
      "ok": true,
      "skipped": "already done"
    },
    {
      "id": "m038",
      "ok": true,
      "skipped": "already done"
    },
    {
      "id": "m046",
      "ok": true,
      "skipped": "already done"
    },
    {
      "ok": true,
      "kind": "download",
      "course_id": 43660,
      "course_ids": [
        43660
      ],
      "courses": [
        {
          "course_id": 43660,
          "folder": "/Users/m1/Canvas_Downloader/_audit_runs/20260821_144948_macos26-dl-matrix-short2__free3/downloads/Indføring i organisationers opbygning og funktion (LA E25 BINTO1060U)",
          "findings": 6,
          "harvest": {
            "kept": [
              ".canvas_sync.db"
            ],
            "removed": true,
            "evidence": "/Users/m1/Canvas_Downloader/_audit_runs/20260821_144948_macos26-dl-matrix-short2__free3/evidence/rows/m053"
          }
        }
      ],
      "findings": 6,
      "drift": [],
      "severities": {
        "info": 6
      },
      "id": "m053",
      "seconds": 219.6
    }
  ]
}
