
=== lane free4 start 2026-08-21 14:50:46 ===
Task was destroyed but it is pending!
task: <Task cancelling name='Task-3' coro=<Connection.run.<locals>.init() running at /Users/m1/Canvas_Downloader/.venv/lib/python3.11/site-packages/playwright/_impl/_connection.py:344> wait_for=<Future finished result=None>>
Future exception was never retrieved
future: <Future finished exception=TargetClosedError('Target page, context or browser has been closed')>
playwright._impl._errors.TargetClosedError: Target page, context or browser has been closed
node:events:487
      throw er; // Unhandled 'error' event
      ^

Error: write EPIPE
    at afterWriteDispatched (node:internal/stream_base_commons:159:15)
    at writeGeneric (node:internal/stream_base_commons:150:3)
    at Socket._writeGeneric (node:net:1026:11)
    at Socket._write (node:net:1038:8)
    at writeOrBuffer (node:internal/streams/writable:570:12)
    at _write (node:internal/streams/writable:499:10)
    at Writable.write (node:internal/streams/writable:508:10)
    at PipeTransport.send (/Users/m1/Canvas_Downloader/.venv/lib/python3.11/site-packages/playwright/driver/package/lib/coreBundle.js:34569:25)
    at dispatcherConnection.onmessage (/Users/m1/Canvas_Downloader/.venv/lib/python3.11/site-packages/playwright/driver/package/lib/coreBundle.js:69266:59)
    at DispatcherConnection.sendCreate (/Users/m1/Canvas_Downloader/.venv/lib/python3.11/site-packages/playwright/driver/package/lib/coreBundle.js:18646:14)
Emitted 'error' event on Socket instance at:
    at emitErrorNT (node:internal/streams/destroy:170:8)
    at emitErrorCloseNT (node:internal/streams/destroy:129:3)
    at process.processTicksAndRejections (node:internal/process/task_queues:90:21) {
  errno: -32,
  code: 'EPIPE',
  syscall: 'write'
}

Node.js v24.18.1

=== lane free4 start 2026-08-21 16:27:25 ===
Task was destroyed but it is pending!
task: <Task cancelling name='Task-3' coro=<Connection.run.<locals>.init() running at /Users/m1/Canvas_Downloader/.venv/lib/python3.11/site-packages/playwright/_impl/_connection.py:344> wait_for=<Future finished result=None>>
Future exception was never retrieved
future: <Future finished exception=TargetClosedError('Target page, context or browser has been closed')>
playwright._impl._errors.TargetClosedError: Target page, context or browser has been closed
{
  "ok": 9,
  "lane": "free4",
  "run_id": "20260821_144948_macos26-dl-matrix-short2__free4",
  "jobs": 9,
  "failed": [],
  "results": [
    {
      "id": "m004",
      "ok": true,
      "skipped": "already done"
    },
    {
      "id": "m008",
      "ok": true,
      "skipped": "already done"
    },
    {
      "id": "m015",
      "ok": true,
      "skipped": "already done"
    },
    {
      "id": "m019",
      "ok": true,
      "skipped": "already done"
    },
    {
      "id": "m023",
      "ok": true,
      "skipped": "already done"
    },
    {
      "id": "m035",
      "ok": true,
      "skipped": "already done"
    },
    {
      "id": "m040",
      "ok": true,
      "skipped": "already done"
    },
    {
      "id": "m047",
      "ok": true,
      "skipped": "already done"
    },
    {
      "ok": true,
      "kind": "download",
      "course_id": 45899,
      "course_ids": [
        45899
      ],
      "courses": [
        {
          "course_id": 45899,
          "folder": "/Users/m1/Canvas_Downloader/_audit_runs/20260821_144948_macos26-dl-matrix-short2__free4/downloads/Programmering og udvikling af små systemer samt databaser (LA E25 BINTO1064U)",
          "findings": 5,
          "harvest": {
            "kept": [
              ".canvas_sync.db"
            ],
            "removed": true,
            "evidence": "/Users/m1/Canvas_Downloader/_audit_runs/20260821_144948_macos26-dl-matrix-short2__free4/evidence/rows/m054"
          }
        }
      ],
      "findings": 5,
      "drift": [],
      "severities": {
        "info": 5
      },
      "id": "m054",
      "seconds": 126.1
    }
  ]
}
